Archive member included to satisfy reference by file (symbol)

c:/progra~1/raspbe~1/picosd~1.1/gcc-ar~1/bin/../lib/gcc/arm-none-eabi/10.3.1/../../../../arm-none-eabi/lib/thumb/v6-m/nofp\libm.a(lib_a-s_fmin.o)
                              CMakeFiles/GCULTIMATE_R4K_RP2040.dir/lib/HOJA-LIB-RP2040/src/input/stick_scaling.c.obj (fmin)
c:/progra~1/raspbe~1/picosd~1.1/gcc-ar~1/bin/../lib/gcc/arm-none-eabi/10.3.1/../../../../arm-none-eabi/lib/thumb/v6-m/nofp\libm.a(lib_a-s_fpclassify.o)
                              c:/progra~1/raspbe~1/picosd~1.1/gcc-ar~1/bin/../lib/gcc/arm-none-eabi/10.3.1/../../../../arm-none-eabi/lib/thumb/v6-m/nofp\libm.a(lib_a-s_fmin.o) (__fpclassifyd)
c:/progra~1/raspbe~1/picosd~1.1/gcc-ar~1/bin/../lib/gcc/arm-none-eabi/10.3.1/thumb/v6-m/nofp\libgcc.a(_dvmd_tls.o)
                              CMakeFiles/GCULTIMATE_R4K_RP2040.dir/C_/Program_Files/Raspberry_Pi/Pico_SDK_v1.5.1/pico-sdk/src/rp2_common/pico_divider/divider.S.obj (__aeabi_idiv0)
c:/progra~1/raspbe~1/picosd~1.1/gcc-ar~1/bin/../lib/gcc/arm-none-eabi/10.3.1/../../../../arm-none-eabi/lib/thumb/v6-m/nofp\libg.a(lib_a-calloc.o)
                              CMakeFiles/GCULTIMATE_R4K_RP2040.dir/C_/Program_Files/Raspberry_Pi/Pico_SDK_v1.5.1/pico-sdk/src/rp2_common/pico_malloc/pico_malloc.c.obj (calloc)
c:/progra~1/raspbe~1/picosd~1.1/gcc-ar~1/bin/../lib/gcc/arm-none-eabi/10.3.1/../../../../arm-none-eabi/lib/thumb/v6-m/nofp\libg.a(lib_a-callocr.o)
                              c:/progra~1/raspbe~1/picosd~1.1/gcc-ar~1/bin/../lib/gcc/arm-none-eabi/10.3.1/../../../../arm-none-eabi/lib/thumb/v6-m/nofp\libg.a(lib_a-calloc.o) (_calloc_r)
c:/progra~1/raspbe~1/picosd~1.1/gcc-ar~1/bin/../lib/gcc/arm-none-eabi/10.3.1/../../../../arm-none-eabi/lib/thumb/v6-m/nofp\libg.a(lib_a-errno.o)
                              c:/progra~1/raspbe~1/picosd~1.1/gcc-ar~1/bin/../lib/gcc/arm-none-eabi/10.3.1/../../../../arm-none-eabi/lib/thumb/v6-m/nofp\libg.a(lib_a-callocr.o) (__errno)
c:/progra~1/raspbe~1/picosd~1.1/gcc-ar~1/bin/../lib/gcc/arm-none-eabi/10.3.1/../../../../arm-none-eabi/lib/thumb/v6-m/nofp\libg.a(lib_a-impure.o)
                              c:/progra~1/raspbe~1/picosd~1.1/gcc-ar~1/bin/../lib/gcc/arm-none-eabi/10.3.1/../../../../arm-none-eabi/lib/thumb/v6-m/nofp\libg.a(lib_a-calloc.o) (_impure_ptr)
c:/progra~1/raspbe~1/picosd~1.1/gcc-ar~1/bin/../lib/gcc/arm-none-eabi/10.3.1/../../../../arm-none-eabi/lib/thumb/v6-m/nofp\libg.a(lib_a-init.o)
                              c:/progra~1/raspbe~1/picosd~1.1/gcc-ar~1/bin/../lib/gcc/arm-none-eabi/10.3.1/../../../../arm-none-eabi/lib/thumb/v6-m/nofp/crt0.o (__libc_init_array)
c:/progra~1/raspbe~1/picosd~1.1/gcc-ar~1/bin/../lib/gcc/arm-none-eabi/10.3.1/../../../../arm-none-eabi/lib/thumb/v6-m/nofp\libg.a(lib_a-malloc.o)
                              CMakeFiles/GCULTIMATE_R4K_RP2040.dir/C_/Program_Files/Raspberry_Pi/Pico_SDK_v1.5.1/pico-sdk/src/rp2_common/pico_malloc/pico_malloc.c.obj (malloc)
c:/progra~1/raspbe~1/picosd~1.1/gcc-ar~1/bin/../lib/gcc/arm-none-eabi/10.3.1/../../../../arm-none-eabi/lib/thumb/v6-m/nofp\libg.a(lib_a-mallocr.o)
                              c:/progra~1/raspbe~1/picosd~1.1/gcc-ar~1/bin/../lib/gcc/arm-none-eabi/10.3.1/../../../../arm-none-eabi/lib/thumb/v6-m/nofp\libg.a(lib_a-callocr.o) (_malloc_r)
c:/progra~1/raspbe~1/picosd~1.1/gcc-ar~1/bin/../lib/gcc/arm-none-eabi/10.3.1/../../../../arm-none-eabi/lib/thumb/v6-m/nofp\libg.a(lib_a-mlock.o)
                              c:/progra~1/raspbe~1/picosd~1.1/gcc-ar~1/bin/../lib/gcc/arm-none-eabi/10.3.1/../../../../arm-none-eabi/lib/thumb/v6-m/nofp\libg.a(lib_a-mallocr.o) (__malloc_lock)
c:/progra~1/raspbe~1/picosd~1.1/gcc-ar~1/bin/../lib/gcc/arm-none-eabi/10.3.1/../../../../arm-none-eabi/lib/thumb/v6-m/nofp\libg.a(lib_a-realloc.o)
                              CMakeFiles/GCULTIMATE_R4K_RP2040.dir/C_/Program_Files/Raspberry_Pi/Pico_SDK_v1.5.1/pico-sdk/src/rp2_common/pico_malloc/pico_malloc.c.obj (realloc)
c:/progra~1/raspbe~1/picosd~1.1/gcc-ar~1/bin/../lib/gcc/arm-none-eabi/10.3.1/../../../../arm-none-eabi/lib/thumb/v6-m/nofp\libg.a(lib_a-reallocr.o)
                              c:/progra~1/raspbe~1/picosd~1.1/gcc-ar~1/bin/../lib/gcc/arm-none-eabi/10.3.1/../../../../arm-none-eabi/lib/thumb/v6-m/nofp\libg.a(lib_a-realloc.o) (_realloc_r)
c:/progra~1/raspbe~1/picosd~1.1/gcc-ar~1/bin/../lib/gcc/arm-none-eabi/10.3.1/../../../../arm-none-eabi/lib/thumb/v6-m/nofp\libg.a(lib_a-sbrkr.o)
                              c:/progra~1/raspbe~1/picosd~1.1/gcc-ar~1/bin/../lib/gcc/arm-none-eabi/10.3.1/../../../../arm-none-eabi/lib/thumb/v6-m/nofp\libg.a(lib_a-mallocr.o) (_sbrk_r)
c:/progra~1/raspbe~1/picosd~1.1/gcc-ar~1/bin/../lib/gcc/arm-none-eabi/10.3.1/../../../../arm-none-eabi/lib/thumb/v6-m/nofp\libg.a(lib_a-strlen-stub.o)
                              CMakeFiles/GCULTIMATE_R4K_RP2040.dir/lib/HOJA-LIB-RP2040/src/usb/hoja_usb.c.obj (strlen)
[...]
Memory Configuration

Name             Origin             Length             Attributes
FLASH            0x10000000         0x00200000         xr
RAM              0x20000000         0x00040000         xrw
SCRATCH_X        0x20040000         0x00001000         xrw
SCRATCH_Y        0x20041000         0x00001000         xrw
*default*        0x00000000         0xffffffff

Linker script and memory map

LOAD c:/progra~1/raspbe~1/picosd~1.1/gcc-ar~1/bin/../lib/gcc/arm-none-eabi/10.3.1/thumb/v6-m/nofp/crti.o
LOAD c:/progra~1/raspbe~1/picosd~1.1/gcc-ar~1/bin/../lib/gcc/arm-none-eabi/10.3.1/thumb/v6-m/nofp/crtbegin.o
LOAD c:/progra~1/raspbe~1/picosd~1.1/gcc-ar~1/bin/../lib/gcc/arm-none-eabi/10.3.1/../../../../arm-none-eabi/lib/thumb/v6-m/nofp/crt0.o

.flash_begin    0x10000000        0x0
                0x10000000                __flash_binary_start = .

.boot2          0x10000000      0x100
                0x10000000                __boot2_start__ = .
 *(.boot2)
 .boot2         0x10000000      0x100 C:\Users\Mitch\AppData\Local\Temp\cc2ITHGy.o
                0x10000100                __boot2_end__ = .
                0x00000001                ASSERT (((__boot2_end__ - __boot2_start__) == 0x100), ERROR: Pico second stage bootloader must be 256 bytes in size)

.text           0x10000100    0x14e08
                0x10000100                __logical_binary_start = .
 *(.vectors)
 .vectors       0x10000100       0xd4 CMakeFiles/GCULTIMATE_R4K_RP2040.dir/C_/Program_Files/Raspberry_Pi/Pico_SDK_v1.5.1/pico-sdk/src/rp2_common/pico_standard_link/crt0.S.obj
                0x10000100                __VECTOR_TABLE
                0x10000100                __vectors
                0x100001c0                isr_invalid
                0x100001c0                __default_isrs_start
                0x100001c2                isr_nmi
                0x100001c4                isr_hardfault
                0x100001c6                isr_svcall
                0x100001c8                isr_pendsv
                0x100001ca                isr_systick
                0x100001cc                isr_irq23
                0x100001cc                isr_irq18
                0x100001cc                isr_irq11
                0x100001cc                isr_irq28
                0x100001cc                isr_irq19
                0x100001cc                isr_irq0
                0x100001cc                isr_irq6
                0x100001cc                isr_irq5
                0x100001cc                isr_irq12
                0x100001cc                isr_irq22
                0x100001cc                isr_irq31
                0x100001cc                isr_irq17
                0x100001cc                isr_irq27
                0x100001cc                isr_irq30
                0x100001cc                isr_irq2
                0x100001cc                isr_irq10
                0x100001cc                isr_irq8
                0x100001cc                isr_irq24
                0x100001cc                isr_irq1
                0x100001cc                isr_irq7
                0x100001cc                isr_irq21
                0x100001cc                isr_irq20
                0x100001cc                isr_irq15
                0x100001cc                isr_irq25
                0x100001cc                isr_irq13
                0x100001cc                __unhandled_user_irq
                0x100001cc                isr_irq4
                0x100001cc                isr_irq16
                0x100001cc                isr_irq29
                0x100001cc                isr_irq26
                0x100001cc                __default_isrs_end
                0x100001cc                isr_irq3
                0x100001cc                isr_irq14
                0x100001cc                isr_irq9
                0x100001d2                unhandled_user_irq_num_in_r0
 *(.binary_info_header)
 .binary_info_header
                0x100001d4       0x14 CMakeFiles/GCULTIMATE_R4K_RP2040.dir/C_/Program_Files/Raspberry_Pi/Pico_SDK_v1.5.1/pico-sdk/src/rp2_common/pico_standard_link/crt0.S.obj
                0x100001e8                __binary_info_header_end = .
 *(.reset)
 .reset         0x100001e8       0xa0 CMakeFiles/GCULTIMATE_R4K_RP2040.dir/C_/Program_Files/Raspberry_Pi/Pico_SDK_v1.5.1/pico-sdk/src/rp2_common/pico_standard_link/crt0.S.obj
                0x100001e8                _entry_point
 .reset         0x10000288       0x30 CMakeFiles/GCULTIMATE_R4K_RP2040.dir/C_/Program_Files/Raspberry_Pi/Pico_SDK_v1.5.1/pico-sdk/src/rp2_common/pico_standard_link/binary_info.c.obj
 *(.init)
 .init          0x100002b8        0x4 c:/progra~1/raspbe~1/picosd~1.1/gcc-ar~1/bin/../lib/gcc/arm-none-eabi/10.3.1/thumb/v6-m/nofp/crti.o
                0x100002b8                _init
 *(EXCLUDE_FILE(*libm.a: *libc.a:*lib_a-mem*.o *libgcc.a:) .text*)
 .text          0x100002bc       0x48 c:/progra~1/raspbe~1/picosd~1.1/gcc-ar~1/bin/../lib/gcc/arm-none-eabi/10.3.1/thumb/v6-m/nofp/crtbegin.o
 .text.adc_gpio_init
                0x10000304       0x1e CMakeFiles/GCULTIMATE_R4K_RP2040.dir/src/main.c.obj
 .text._setup_gpio_pull
                0x10000322       0x20 CMakeFiles/GCULTIMATE_R4K_RP2040.dir/src/main.c.obj
                0x10000322                _setup_gpio_pull
 .text._setup_gpio_scan
                0x10000342       0x1e CMakeFiles/GCULTIMATE_R4K_RP2040.dir/src/main.c.obj
                0x10000342                _setup_gpio_scan
 .text._gpio_put_od
                0x10000360       0x3e CMakeFiles/GCULTIMATE_R4K_RP2040.dir/src/main.c.obj
                0x10000360                _gpio_put_od
 .text.cb_hoja_set_uart_enabled
                0x1000039e       0x46 CMakeFiles/GCULTIMATE_R4K_RP2040.dir/src/main.c.obj
                0x1000039e                cb_hoja_set_uart_enabled
 .text.cb_hoja_set_bluetooth_enabled
                0x100003e4       0x1a CMakeFiles/GCULTIMATE_R4K_RP2040.dir/src/main.c.obj
                0x100003e4                cb_hoja_set_bluetooth_enabled
 *fill*         0x100003fe        0x2 
 .text.cb_hoja_hardware_setup
                0x10000400       0xa4 CMakeFiles/GCULTIMATE_R4K_RP2040.dir/src/main.c.obj
                0x10000400                cb_hoja_hardware_setup
 .text.cb_hoja_read_buttons
                0x100004a4      0x2f4 CMakeFiles/GCULTIMATE_R4K_RP2040.dir/src/main.c.obj
                0x100004a4                cb_hoja_read_buttons
 .text.cb_hoja_read_analog
                0x10000798      0x104 CMakeFiles/GCULTIMATE_R4K_RP2040.dir/src/main.c.obj
                0x10000798                cb_hoja_read_analog
 .text.cb_hoja_task_0_hook
                0x1000089c        0x8 CMakeFiles/GCULTIMATE_R4K_RP2040.dir/src/main.c.obj
                0x1000089c                cb_hoja_task_0_hook
 .text.cb_hoja_baseband_update_loop
                0x100008a4       0x60 CMakeFiles/GCULTIMATE_R4K_RP2040.dir/src/main.c.obj
                0x100008a4                cb_hoja_baseband_update_loop
 .text.main     0x10000904       0xc8 CMakeFiles/GCULTIMATE_R4K_RP2040.dir/src/main.c.obj
                0x10000904                main
 .text.clamp_rumble_lo
                0x100009cc       0x7c CMakeFiles/GCULTIMATE_R4K_RP2040.dir/src/app_rumble_dualhaptic.c.obj
                0x100009cc                clamp_rumble_lo
 .text.clamp_rumble_hi
                0x10000a48       0x7c CMakeFiles/GCULTIMATE_R4K_RP2040.dir/src/app_rumble_dualhaptic.c.obj
                0x10000a48                clamp_rumble_hi
 .text.sine_table_init
                0x10000ac4       0x48 CMakeFiles/GCULTIMATE_R4K_RP2040.dir/src/app_rumble_dualhaptic.c.obj
                0x10000ac4                sine_table_init
 .text.generate_sine_wave
                0x10000b0c      0x2c8 CMakeFiles/GCULTIMATE_R4K_RP2040.dir/src/app_rumble_dualhaptic.c.obj
                0x10000b0c                generate_sine_wave
 .text.audio_init
                0x10000dd4      0x4cc CMakeFiles/GCULTIMATE_R4K_RP2040.dir/src/app_rumble_dualhaptic.c.obj
                0x10000dd4                audio_init
 .text.cb_hoja_rumble_init
                0x100012a0       0x60 CMakeFiles/GCULTIMATE_R4K_RP2040.dir/src/app_rumble_dualhaptic.c.obj
                0x100012a0                cb_hoja_rumble_init
 .text.app_rumble_task
                0x10001300       0x40 CMakeFiles/GCULTIMATE_R4K_RP2040.dir/src/app_rumble_dualhaptic.c.obj
                0x10001300                app_rumble_task
 .text.cb_hoja_rumble_test
                0x10001340       0x68 CMakeFiles/GCULTIMATE_R4K_RP2040.dir/src/app_rumble_dualhaptic.c.obj
                0x10001340                cb_hoja_rumble_test
 .text._app_imu_concat_16
                0x100013a8        0x8 CMakeFiles/GCULTIMATE_R4K_RP2040.dir/src/app_imu.c.obj
                0x100013a8                _app_imu_concat_16
 .text._app_imu_write_register
                0x100013b0       0x44 CMakeFiles/GCULTIMATE_R4K_RP2040.dir/src/app_imu.c.obj
                0x100013b0                _app_imu_write_register
 .text.cb_hoja_read_imu
                0x100013f4      0x178 CMakeFiles/GCULTIMATE_R4K_RP2040.dir/src/app_imu.c.obj
                0x100013f4                cb_hoja_read_imu
 .text.app_imu_init
                0x1000156c       0x34 CMakeFiles/GCULTIMATE_R4K_RP2040.dir/src/app_imu.c.obj
                0x1000156c                app_imu_init
 .text._hwtest_pinok
                0x100015a0       0x7c CMakeFiles/GCULTIMATE_R4K_RP2040.dir/src/app_hwtest.c.obj
                0x100015a0                _hwtest_pinok
 .text._hwtest_data
                0x1000161c        0xa CMakeFiles/GCULTIMATE_R4K_RP2040.dir/src/app_hwtest.c.obj
                0x1000161c                _hwtest_data
 .text._hwtest_latch
                0x10001626        0xa CMakeFiles/GCULTIMATE_R4K_RP2040.dir/src/app_hwtest.c.obj
                0x10001626                _hwtest_latch
 .text._hwtest_clock
                0x10001630        0xa CMakeFiles/GCULTIMATE_R4K_RP2040.dir/src/app_hwtest.c.obj
                0x10001630                _hwtest_clock
 .text._hwtest_bluetooth
                0x1000163a       0x20 CMakeFiles/GCULTIMATE_R4K_RP2040.dir/src/app_hwtest.c.obj
                0x1000163a                _hwtest_bluetooth
 .text._hwtest_battery
                0x1000165a        0x8 CMakeFiles/GCULTIMATE_R4K_RP2040.dir/src/app_hwtest.c.obj
                0x1000165a                _hwtest_battery
 .text._hwtest_imu
                0x10001662        0x4 CMakeFiles/GCULTIMATE_R4K_RP2040.dir/src/app_hwtest.c.obj
                0x10001662                _hwtest_imu
 *fill*         0x10001666        0x2 
 .text._hwtest_analog
                0x10001668      0x130 CMakeFiles/GCULTIMATE_R4K_RP2040.dir/src/app_hwtest.c.obj
                0x10001668                _hwtest_analog
 .text._hwtest_rumble
                0x10001798        0xa CMakeFiles/GCULTIMATE_R4K_RP2040.dir/src/app_hwtest.c.obj
                0x10001798                _hwtest_rumble
 .text._hwtest_rgb
                0x100017a2        0x4 CMakeFiles/GCULTIMATE_R4K_RP2040.dir/src/app_hwtest.c.obj
                0x100017a2                _hwtest_rgb
 .text.cb_hoja_hardware_test
                0x100017a6       0xaa CMakeFiles/GCULTIMATE_R4K_RP2040.dir/src/app_hwtest.c.obj
                0x100017a6                cb_hoja_hardware_test
 .text.cb_hoja_task_1_hook
                0x10001850        0x2 CMakeFiles/GCULTIMATE_R4K_RP2040.dir/lib/HOJA-LIB-RP2040/src/hoja.c.obj
                0x10001850                cb_hoja_task_1_hook
 *fill*         0x10001852        0x2 
 .text.hoja_get_rumble_settings
                0x10001854       0x18 CMakeFiles/GCULTIMATE_R4K_RP2040.dir/lib/HOJA-LIB-RP2040/src/hoja.c.obj
                0x10001854                hoja_get_rumble_settings
 .text.hoja_get_input_method
                0x1000186c        0xc CMakeFiles/GCULTIMATE_R4K_RP2040.dir/lib/HOJA-LIB-RP2040/src/hoja.c.obj
                0x1000186c                hoja_get_input_method
 .text._hoja_set_idle_state
                0x10001878       0xc0 CMakeFiles/GCULTIMATE_R4K_RP2040.dir/lib/HOJA-LIB-RP2040/src/hoja.c.obj
                0x10001878                _hoja_set_idle_state
 .text.hoja_get_idle_state
                0x10001938        0xc CMakeFiles/GCULTIMATE_R4K_RP2040.dir/lib/HOJA-LIB-RP2040/src/hoja.c.obj
                0x10001938                hoja_get_idle_state
 .text.hoja_set_baseband_update
                0x10001944       0x28 CMakeFiles/GCULTIMATE_R4K_RP2040.dir/lib/HOJA-LIB-RP2040/src/hoja.c.obj
                0x10001944                hoja_set_baseband_update
 .text.hoja_shutdown_instant
                0x1000196c       0x1a CMakeFiles/GCULTIMATE_R4K_RP2040.dir/lib/HOJA-LIB-RP2040/src/hoja.c.obj
                0x1000196c                hoja_shutdown_instant
 *fill*         0x10001986        0x2 
 .text.hoja_get_timestamp
                0x10001988       0x34 CMakeFiles/GCULTIMATE_R4K_RP2040.dir/lib/HOJA-LIB-RP2040/src/hoja.c.obj
                0x10001988                hoja_get_timestamp
 .text._hoja_task_1
                0x100019bc       0x2c CMakeFiles/GCULTIMATE_R4K_RP2040.dir/lib/HOJA-LIB-RP2040/src/hoja.c.obj
                0x100019bc                _hoja_task_1
 .text.hoja_deinit
                0x100019e8       0x34 CMakeFiles/GCULTIMATE_R4K_RP2040.dir/lib/HOJA-LIB-RP2040/src/hoja.c.obj
                0x100019e8                hoja_deinit
 .text.hoja_shutdown
                0x10001a1c       0x1c CMakeFiles/GCULTIMATE_R4K_RP2040.dir/lib/HOJA-LIB-RP2040/src/hoja.c.obj
                0x10001a1c                hoja_shutdown
 .text._hoja_task_0
                0x10001a38       0xd0 CMakeFiles/GCULTIMATE_R4K_RP2040.dir/lib/HOJA-LIB-RP2040/src/hoja.c.obj
                0x10001a38                _hoja_task_0
 .text.hoja_init
                0x10001b08      0x21c CMakeFiles/GCULTIMATE_R4K_RP2040.dir/lib/HOJA-LIB-RP2040/src/hoja.c.obj
                0x10001b08                hoja_init
 .text._settings_validate
                0x10001d24       0x2c CMakeFiles/GCULTIMATE_R4K_RP2040.dir/lib/HOJA-LIB-RP2040/src/hoja_settings.c.obj
                0x10001d24                _settings_validate
 .text._settings_migrate
                0x10001d50      0x1d4 CMakeFiles/GCULTIMATE_R4K_RP2040.dir/lib/HOJA-LIB-RP2040/src/hoja_settings.c.obj
                0x10001d50                _settings_migrate
 .text._settings_get_config_version
                0x10001f24       0x24 CMakeFiles/GCULTIMATE_R4K_RP2040.dir/lib/HOJA-LIB-RP2040/src/hoja_settings.c.obj
                0x10001f24                _settings_get_config_version
 .text._generate_mac
                0x10001f48       0x58 CMakeFiles/GCULTIMATE_R4K_RP2040.dir/lib/HOJA-LIB-RP2040/src/hoja_settings.c.obj
                0x10001f48                _generate_mac
 .text._settings_init_default
                0x10001fa0      0x20c CMakeFiles/GCULTIMATE_R4K_RP2040.dir/lib/HOJA-LIB-RP2040/src/hoja_settings.c.obj
                0x10001fa0                _settings_init_default
 .text.settings_get_bank
                0x100021ac        0xc CMakeFiles/GCULTIMATE_R4K_RP2040.dir/lib/HOJA-LIB-RP2040/src/hoja_settings.c.obj
                0x100021ac                settings_get_bank
 .text.settings_set_charge_level
                0x100021b8        0xc CMakeFiles/GCULTIMATE_R4K_RP2040.dir/lib/HOJA-LIB-RP2040/src/hoja_settings.c.obj
                0x100021b8                settings_set_charge_level
 .text.settings_save_battery_from_core0
                0x100021c4       0x20 CMakeFiles/GCULTIMATE_R4K_RP2040.dir/lib/HOJA-LIB-RP2040/src/hoja_settings.c.obj
                0x100021c4                settings_save_battery_from_core0
 .text.settings_core1_save_check
                0x100021e4      0x100 CMakeFiles/GCULTIMATE_R4K_RP2040.dir/lib/HOJA-LIB-RP2040/src/hoja_settings.c.obj
                0x100021e4                settings_core1_save_check
 .text.settings_save_battery_from_core1
                0x100022e4       0x14 CMakeFiles/GCULTIMATE_R4K_RP2040.dir/lib/HOJA-LIB-RP2040/src/hoja_settings.c.obj
                0x100022e4                settings_save_battery_from_core1
 .text.settings_save_webindicate
                0x100022f8        0xc CMakeFiles/GCULTIMATE_R4K_RP2040.dir/lib/HOJA-LIB-RP2040/src/hoja_settings.c.obj
                0x100022f8                settings_save_webindicate
 .text.settings_save_from_core0
                0x10002304        0xc CMakeFiles/GCULTIMATE_R4K_RP2040.dir/lib/HOJA-LIB-RP2040/src/hoja_settings.c.obj
                0x10002304                settings_save_from_core0
 .text.settings_load
                0x10002310      0x134 CMakeFiles/GCULTIMATE_R4K_RP2040.dir/lib/HOJA-LIB-RP2040/src/hoja_settings.c.obj
                0x10002310                settings_load
 .text.settings_set_rumble
                0x10002444       0x1c CMakeFiles/GCULTIMATE_R4K_RP2040.dir/lib/HOJA-LIB-RP2040/src/hoja_settings.c.obj
                0x10002444                settings_set_rumble
 .text.settings_set_deadzone
                0x10002460       0x44 CMakeFiles/GCULTIMATE_R4K_RP2040.dir/lib/HOJA-LIB-RP2040/src/hoja_settings.c.obj
                0x10002460                settings_set_deadzone
 .text.settings_set_centers
                0x100024a4       0x44 CMakeFiles/GCULTIMATE_R4K_RP2040.dir/lib/HOJA-LIB-RP2040/src/hoja_settings.c.obj
                0x100024a4                settings_set_centers
 .text.settings_set_mode
                0x100024e8       0x10 CMakeFiles/GCULTIMATE_R4K_RP2040.dir/lib/HOJA-LIB-RP2040/src/hoja_settings.c.obj
                0x100024e8                settings_set_mode
 .text.hoja_comms_task
                0x100024f8       0x14 CMakeFiles/GCULTIMATE_R4K_RP2040.dir/lib/HOJA-LIB-RP2040/src/hoja_comms.c.obj
                0x100024f8                hoja_comms_task
 .text.hoja_comms_current_mode
                0x1000250c        0xc CMakeFiles/GCULTIMATE_R4K_RP2040.dir/lib/HOJA-LIB-RP2040/src/hoja_comms.c.obj
                0x1000250c                hoja_comms_current_mode
 .text.hoja_comms_init
                0x10002518       0xc8 CMakeFiles/GCULTIMATE_R4K_RP2040.dir/lib/HOJA-LIB-RP2040/src/hoja_comms.c.obj
                0x10002518                hoja_comms_init
 .text.ws2812_program_init
                0x100025e0      0x154 CMakeFiles/GCULTIMATE_R4K_RP2040.dir/lib/HOJA-LIB-RP2040/src/utilities/rgb.c.obj
 .text._rgb_set_dirty
                0x10002734        0xc CMakeFiles/GCULTIMATE_R4K_RP2040.dir/lib/HOJA-LIB-RP2040/src/utilities/rgb.c.obj
                0x10002734                _rgb_set_dirty
 .text._rgbanim_cycleoffset_do
                0x10002740       0xbc CMakeFiles/GCULTIMATE_R4K_RP2040.dir/lib/HOJA-LIB-RP2040/src/utilities/rgb.c.obj
                0x10002740                _rgbanim_cycleoffset_do
 .text.rgb_set_override
                0x100027fc       0x1c CMakeFiles/GCULTIMATE_R4K_RP2040.dir/lib/HOJA-LIB-RP2040/src/utilities/rgb.c.obj
                0x100027fc                rgb_set_override
 .text._rgb_convert_hue_saturation
                0x10002818       0x84 CMakeFiles/GCULTIMATE_R4K_RP2040.dir/lib/HOJA-LIB-RP2040/src/utilities/rgb.c.obj
                0x10002818                _rgb_convert_hue_saturation
 .text._rgb_set_color_brightness
                0x1000289c       0xa4 CMakeFiles/GCULTIMATE_R4K_RP2040.dir/lib/HOJA-LIB-RP2040/src/utilities/rgb.c.obj
                0x1000289c                _rgb_set_color_brightness
 .text._rgb_normalize_output_power
                0x10002940       0x88 CMakeFiles/GCULTIMATE_R4K_RP2040.dir/lib/HOJA-LIB-RP2040/src/utilities/rgb.c.obj
                0x10002940                _rgb_normalize_output_power
 .text._rgbanim_rainbowoffset_do
                0x100029c8       0x8c CMakeFiles/GCULTIMATE_R4K_RP2040.dir/lib/HOJA-LIB-RP2040/src/utilities/rgb.c.obj
                0x100029c8                _rgbanim_rainbowoffset_do
 .text._rgb_update_all
                0x10002a54       0x28 CMakeFiles/GCULTIMATE_R4K_RP2040.dir/lib/HOJA-LIB-RP2040/src/utilities/rgb.c.obj
                0x10002a54                _rgb_update_all
 .text._rgb_blend
                0x10002a7c       0xb2 CMakeFiles/GCULTIMATE_R4K_RP2040.dir/lib/HOJA-LIB-RP2040/src/utilities/rgb.c.obj
                0x10002a7c                _rgb_blend
 *fill*         0x10002b2e        0x2 
 .text._rgb_set_player
                0x10002b30       0x88 CMakeFiles/GCULTIMATE_R4K_RP2040.dir/lib/HOJA-LIB-RP2040/src/utilities/rgb.c.obj
                0x10002b30                _rgb_set_player
 .text.rgb_set_player
                0x10002bb8       0x20 CMakeFiles/GCULTIMATE_R4K_RP2040.dir/lib/HOJA-LIB-RP2040/src/utilities/rgb.c.obj
                0x10002bb8                rgb_set_player
 .text._rgb_animate_step
                0x10002bd8       0xe4 CMakeFiles/GCULTIMATE_R4K_RP2040.dir/lib/HOJA-LIB-RP2040/src/utilities/rgb.c.obj
                0x10002bd8                _rgb_animate_step
 .text._rgb_set_sequential
                0x10002cbc       0x32 CMakeFiles/GCULTIMATE_R4K_RP2040.dir/lib/HOJA-LIB-RP2040/src/utilities/rgb.c.obj
                0x10002cbc                _rgb_set_sequential
 *fill*         0x10002cee        0x2 
 .text._rgb_set_brightness
                0x10002cf0       0x14 CMakeFiles/GCULTIMATE_R4K_RP2040.dir/lib/HOJA-LIB-RP2040/src/utilities/rgb.c.obj
                0x10002cf0                _rgb_set_brightness
 .text._rgb_set_all
                0x10002d04       0x30 CMakeFiles/GCULTIMATE_R4K_RP2040.dir/lib/HOJA-LIB-RP2040/src/utilities/rgb.c.obj
                0x10002d04                _rgb_set_all
 .text._rgbanim_rainbow_do
                0x10002d34       0x34 CMakeFiles/GCULTIMATE_R4K_RP2040.dir/lib/HOJA-LIB-RP2040/src/utilities/rgb.c.obj
                0x10002d34                _rgbanim_rainbow_do
 .text._rgbanim_cycle_do
                0x10002d68       0x88 CMakeFiles/GCULTIMATE_R4K_RP2040.dir/lib/HOJA-LIB-RP2040/src/utilities/rgb.c.obj
                0x10002d68                _rgbanim_cycle_do
 .text._rgbanim_flash_do
                0x10002df0       0x4c CMakeFiles/GCULTIMATE_R4K_RP2040.dir/lib/HOJA-LIB-RP2040/src/utilities/rgb.c.obj
                0x10002df0                _rgbanim_flash_do
 .text._rgb_indicate_override_do
                0x10002e3c       0x98 CMakeFiles/GCULTIMATE_R4K_RP2040.dir/lib/HOJA-LIB-RP2040/src/utilities/rgb.c.obj
                0x10002e3c                _rgb_indicate_override_do
 .text._rgb_shutdown_start_override_do
                0x10002ed4       0x48 CMakeFiles/GCULTIMATE_R4K_RP2040.dir/lib/HOJA-LIB-RP2040/src/utilities/rgb.c.obj
                0x10002ed4                _rgb_shutdown_start_override_do
 .text.rgb_set_group
                0x10002f1c       0xfc CMakeFiles/GCULTIMATE_R4K_RP2040.dir/lib/HOJA-LIB-RP2040/src/utilities/rgb.c.obj
                0x10002f1c                rgb_set_group
 .text._rgb_preset_reload
                0x10003018       0x3c CMakeFiles/GCULTIMATE_R4K_RP2040.dir/lib/HOJA-LIB-RP2040/src/utilities/rgb.c.obj
                0x10003018                _rgb_preset_reload
 .text._rgb_load_preset
                0x10003054       0x10 CMakeFiles/GCULTIMATE_R4K_RP2040.dir/lib/HOJA-LIB-RP2040/src/utilities/rgb.c.obj
                0x10003054                _rgb_load_preset
 .text._rgbanim_preset_do
                0x10003064       0x28 CMakeFiles/GCULTIMATE_R4K_RP2040.dir/lib/HOJA-LIB-RP2040/src/utilities/rgb.c.obj
                0x10003064                _rgbanim_preset_do
 .text.rgb_update_speed
                0x1000308c       0x70 CMakeFiles/GCULTIMATE_R4K_RP2040.dir/lib/HOJA-LIB-RP2040/src/utilities/rgb.c.obj
                0x1000308c                rgb_update_speed
 .text.rgb_indicate
                0x100030fc       0x24 CMakeFiles/GCULTIMATE_R4K_RP2040.dir/lib/HOJA-LIB-RP2040/src/utilities/rgb.c.obj
                0x100030fc                rgb_indicate
 .text.rgb_shutdown_start
                0x10003120       0x2c CMakeFiles/GCULTIMATE_R4K_RP2040.dir/lib/HOJA-LIB-RP2040/src/utilities/rgb.c.obj
                0x10003120                rgb_shutdown_start
 .text.rgb_init
                0x1000314c       0xd8 CMakeFiles/GCULTIMATE_R4K_RP2040.dir/lib/HOJA-LIB-RP2040/src/utilities/rgb.c.obj
                0x1000314c                rgb_init
 .text.rgb_flash
                0x10003224       0x2c CMakeFiles/GCULTIMATE_R4K_RP2040.dir/lib/HOJA-LIB-RP2040/src/utilities/rgb.c.obj
                0x10003224                rgb_flash
 .text.rgb_task
                0x10003250       0x70 CMakeFiles/GCULTIMATE_R4K_RP2040.dir/lib/HOJA-LIB-RP2040/src/utilities/rgb.c.obj
                0x10003250                rgb_task
 .text.battery_get_level
                0x100032c0        0xc CMakeFiles/GCULTIMATE_R4K_RP2040.dir/lib/HOJA-LIB-RP2040/src/utilities/battery.c.obj
                0x100032c0                battery_get_level
 .text.battery_update_status
                0x100032cc       0xb4 CMakeFiles/GCULTIMATE_R4K_RP2040.dir/lib/HOJA-LIB-RP2040/src/utilities/battery.c.obj
                0x100032cc                battery_update_status
 .text.battery_monitor_task
                0x10003380      0x1b0 CMakeFiles/GCULTIMATE_R4K_RP2040.dir/lib/HOJA-LIB-RP2040/src/utilities/battery.c.obj
                0x10003380                battery_monitor_task
 .text.battery_comms_check
                0x10003530       0x50 CMakeFiles/GCULTIMATE_R4K_RP2040.dir/lib/HOJA-LIB-RP2040/src/utilities/battery.c.obj
                0x10003530                battery_comms_check
 .text.battery_enable_ship_mode
                0x10003580       0x70 CMakeFiles/GCULTIMATE_R4K_RP2040.dir/lib/HOJA-LIB-RP2040/src/utilities/battery.c.obj
                0x10003580                battery_enable_ship_mode
 .text.battery_set_charge_rate
                0x100035f0       0x80 CMakeFiles/GCULTIMATE_R4K_RP2040.dir/lib/HOJA-LIB-RP2040/src/utilities/battery.c.obj
                0x100035f0                battery_set_charge_rate
 .text.battery_get_plugged_status
                0x10003670       0x14 CMakeFiles/GCULTIMATE_R4K_RP2040.dir/lib/HOJA-LIB-RP2040/src/utilities/battery.c.obj
                0x10003670                battery_get_plugged_status
 .text.battery_get_charging_status
                0x10003684       0x14 CMakeFiles/GCULTIMATE_R4K_RP2040.dir/lib/HOJA-LIB-RP2040/src/utilities/battery.c.obj
                0x10003684                battery_get_charging_status
 .text._software_reset
                0x10003698        0xe CMakeFiles/GCULTIMATE_R4K_RP2040.dir/lib/HOJA-LIB-RP2040/src/utilities/reboot.c.obj
                0x10003698                _software_reset
 *fill*         0x100036a6        0x2 
 .text._scratch_set
                0x100036a8       0x14 CMakeFiles/GCULTIMATE_R4K_RP2040.dir/lib/HOJA-LIB-RP2040/src/utilities/reboot.c.obj
                0x100036a8                _scratch_set
 .text._scratch_get
                0x100036bc       0x24 CMakeFiles/GCULTIMATE_R4K_RP2040.dir/lib/HOJA-LIB-RP2040/src/utilities/reboot.c.obj
                0x100036bc                _scratch_get
 .text.reboot_with_memory
                0x100036e0        0xe CMakeFiles/GCULTIMATE_R4K_RP2040.dir/lib/HOJA-LIB-RP2040/src/utilities/reboot.c.obj
                0x100036e0                reboot_with_memory
 .text.reboot_get_memory
                0x100036ee        0xa CMakeFiles/GCULTIMATE_R4K_RP2040.dir/lib/HOJA-LIB-RP2040/src/utilities/reboot.c.obj
                0x100036ee                reboot_get_memory
 .text.interval_run
                0x100036f8       0x26 CMakeFiles/GCULTIMATE_R4K_RP2040.dir/lib/HOJA-LIB-RP2040/src/utilities/interval.c.obj
                0x100036f8                interval_run
 .text.interval_resettable_run
                0x1000371e       0x3a CMakeFiles/GCULTIMATE_R4K_RP2040.dir/lib/HOJA-LIB-RP2040/src/utilities/interval.c.obj
                0x1000371e                interval_resettable_run
 .text.i2c_safe_enter_blocking
                0x10003758       0x1c CMakeFiles/GCULTIMATE_R4K_RP2040.dir/lib/HOJA-LIB-RP2040/src/utilities/i2c_safe.c.obj
                0x10003758                i2c_safe_enter_blocking
 .text.i2c_safe_exit
                0x10003774       0x10 CMakeFiles/GCULTIMATE_R4K_RP2040.dir/lib/HOJA-LIB-RP2040/src/utilities/i2c_safe.c.obj
                0x10003774                i2c_safe_exit
 .text.i2c_safe_write_timeout_us
                0x10003784       0x8c CMakeFiles/GCULTIMATE_R4K_RP2040.dir/lib/HOJA-LIB-RP2040/src/utilities/i2c_safe.c.obj
                0x10003784                i2c_safe_write_timeout_us
 .text.i2c_safe_read_timeout_us
                0x10003810       0x8c CMakeFiles/GCULTIMATE_R4K_RP2040.dir/lib/HOJA-LIB-RP2040/src/utilities/i2c_safe.c.obj
                0x10003810                i2c_safe_read_timeout_us
 .text.i2c_safe_write_read_timeout_us
                0x1000389c       0xdc CMakeFiles/GCULTIMATE_R4K_RP2040.dir/lib/HOJA-LIB-RP2040/src/utilities/i2c_safe.c.obj
                0x1000389c                i2c_safe_write_read_timeout_us
 .text.haptics_get
                0x10003978       0x8c CMakeFiles/GCULTIMATE_R4K_RP2040.dir/lib/HOJA-LIB-RP2040/src/utilities/haptics.c.obj
                0x10003978                haptics_get
 .text.haptics_set
                0x10003a04       0x58 CMakeFiles/GCULTIMATE_R4K_RP2040.dir/lib/HOJA-LIB-RP2040/src/utilities/haptics.c.obj
                0x10003a04                haptics_set
 .text.haptics_set_all
                0x10003a5c       0xb0 CMakeFiles/GCULTIMATE_R4K_RP2040.dir/lib/HOJA-LIB-RP2040/src/utilities/haptics.c.obj
                0x10003a5c                haptics_set_all
 .text.tud_descriptor_bos_cb
                0x10003b0c       0x1c CMakeFiles/GCULTIMATE_R4K_RP2040.dir/lib/HOJA-LIB-RP2040/src/usb/desc_bos.c.obj
                0x10003b0c                tud_descriptor_bos_cb
 .text.tud_hid_ready
                0x10003b28        0xa CMakeFiles/GCULTIMATE_R4K_RP2040.dir/lib/HOJA-LIB-RP2040/src/usb/hoja_usb.c.obj
 *fill*         0x10003b32        0x2 
 .text.hoja_usb_set_usb_clear
                0x10003b34       0x28 CMakeFiles/GCULTIMATE_R4K_RP2040.dir/lib/HOJA-LIB-RP2040/src/usb/hoja_usb.c.obj
                0x10003b34                hoja_usb_set_usb_clear
 .text.hoja_usb_unset_usb_clear
                0x10003b5c       0x28 CMakeFiles/GCULTIMATE_R4K_RP2040.dir/lib/HOJA-LIB-RP2040/src/usb/hoja_usb.c.obj
                0x10003b5c                hoja_usb_unset_usb_clear
 .text.hoja_usb_get_usb_clear
                0x10003b84       0x4c CMakeFiles/GCULTIMATE_R4K_RP2040.dir/lib/HOJA-LIB-RP2040/src/usb/hoja_usb.c.obj
                0x10003b84                hoja_usb_get_usb_clear
 .text.usbd_app_driver_get_cb
                0x10003bd0       0x24 CMakeFiles/GCULTIMATE_R4K_RP2040.dir/lib/HOJA-LIB-RP2040/src/usb/hoja_usb.c.obj
                0x10003bd0                usbd_app_driver_get_cb
 .text._hoja_usb_set_interval
                0x10003bf4       0x44 CMakeFiles/GCULTIMATE_R4K_RP2040.dir/lib/HOJA-LIB-RP2040/src/usb/hoja_usb.c.obj
                0x10003bf4                _hoja_usb_set_interval
 .text.hoja_usb_start
                0x10003c38       0xb0 CMakeFiles/GCULTIMATE_R4K_RP2040.dir/lib/HOJA-LIB-RP2040/src/usb/hoja_usb.c.obj
                0x10003c38                hoja_usb_start
 .text.hoja_usb_task
                0x10003ce8       0xcc CMakeFiles/GCULTIMATE_R4K_RP2040.dir/lib/HOJA-LIB-RP2040/src/usb/hoja_usb.c.obj
                0x10003ce8                hoja_usb_task
 .text.tud_descriptor_device_cb
                0x10003db4       0x38 CMakeFiles/GCULTIMATE_R4K_RP2040.dir/lib/HOJA-LIB-RP2040/src/usb/hoja_usb.c.obj
                0x10003db4                tud_descriptor_device_cb
 .text.tud_descriptor_configuration_cb
                0x10003dec       0x38 CMakeFiles/GCULTIMATE_R4K_RP2040.dir/lib/HOJA-LIB-RP2040/src/usb/hoja_usb.c.obj
                0x10003dec                tud_descriptor_configuration_cb
 .text.tud_hid_get_report_cb
                0x10003e24        0x4 CMakeFiles/GCULTIMATE_R4K_RP2040.dir/lib/HOJA-LIB-RP2040/src/usb/hoja_usb.c.obj
                0x10003e24                tud_hid_get_report_cb
 .text.tud_hid_report_complete_cb
                0x10003e28       0x54 CMakeFiles/GCULTIMATE_R4K_RP2040.dir/lib/HOJA-LIB-RP2040/src/usb/hoja_usb.c.obj
                0x10003e28                tud_hid_report_complete_cb
 .text.tud_hid_set_report_cb
                0x10003e7c       0xe4 CMakeFiles/GCULTIMATE_R4K_RP2040.dir/lib/HOJA-LIB-RP2040/src/usb/hoja_usb.c.obj
                0x10003e7c                tud_hid_set_report_cb
 .text.tud_hid_descriptor_report_cb
                0x10003f60       0x2c CMakeFiles/GCULTIMATE_R4K_RP2040.dir/lib/HOJA-LIB-RP2040/src/usb/hoja_usb.c.obj
                0x10003f60                tud_hid_descriptor_report_cb
 .text.tud_descriptor_string_cb
                0x10003f8c       0x9c CMakeFiles/GCULTIMATE_R4K_RP2040.dir/lib/HOJA-LIB-RP2040/src/usb/hoja_usb.c.obj
                0x10003f8c                tud_descriptor_string_cb
 .text.tud_vendor_rx_cb
                0x10004028       0x38 CMakeFiles/GCULTIMATE_R4K_RP2040.dir/lib/HOJA-LIB-RP2040/src/usb/hoja_usb.c.obj
                0x10004028                tud_vendor_rx_cb
 .text.tud_vendor_control_xfer_cb
                0x10004060      0x100 CMakeFiles/GCULTIMATE_R4K_RP2040.dir/lib/HOJA-LIB-RP2040/src/usb/hoja_usb.c.obj
                0x10004060                tud_vendor_control_xfer_cb
 .text.dir_to_hat
                0x10004160       0x88 CMakeFiles/GCULTIMATE_R4K_RP2040.dir/lib/HOJA-LIB-RP2040/src/usb/hoja_usb.c.obj
                0x10004160                dir_to_hat
 .text.xinputd_control_xfer_cb
                0x100041e8        0x4 CMakeFiles/GCULTIMATE_R4K_RP2040.dir/lib/HOJA-LIB-RP2040/src/usb/xinput_device.c.obj
                0x100041e8                xinputd_control_xfer_cb
 .text.xinputd_reset
                0x100041ec       0x14 CMakeFiles/GCULTIMATE_R4K_RP2040.dir/lib/HOJA-LIB-RP2040/src/usb/xinput_device.c.obj
                0x100041ec                xinputd_reset
 .text.xinputd_init
                0x10004200        0xa CMakeFiles/GCULTIMATE_R4K_RP2040.dir/lib/HOJA-LIB-RP2040/src/usb/xinput_device.c.obj
                0x10004200                xinputd_init
 *fill*         0x1000420a        0x2 
 .text.xinputd_open
                0x1000420c       0x70 CMakeFiles/GCULTIMATE_R4K_RP2040.dir/lib/HOJA-LIB-RP2040/src/usb/xinput_device.c.obj
                0x1000420c                xinputd_open
 .text.xinputd_xfer_cb
                0x1000427c       0x68 CMakeFiles/GCULTIMATE_R4K_RP2040.dir/lib/HOJA-LIB-RP2040/src/usb/xinput_device.c.obj
                0x1000427c                xinputd_xfer_cb
 .text.tud_xinput_getout
                0x100042e4       0x54 CMakeFiles/GCULTIMATE_R4K_RP2040.dir/lib/HOJA-LIB-RP2040/src/usb/xinput_device.c.obj
                0x100042e4                tud_xinput_getout
 .text.tud_xinput_report
                0x10004338       0x58 CMakeFiles/GCULTIMATE_R4K_RP2040.dir/lib/HOJA-LIB-RP2040/src/usb/xinput_device.c.obj
                0x10004338                tud_xinput_report
 .text.tud_xinput_ready
                0x10004390       0x48 CMakeFiles/GCULTIMATE_R4K_RP2040.dir/lib/HOJA-LIB-RP2040/src/usb/xinput_device.c.obj
                0x10004390                tud_xinput_ready
 .text.ginputd_reset
                0x100043d8       0x14 CMakeFiles/GCULTIMATE_R4K_RP2040.dir/lib/HOJA-LIB-RP2040/src/usb/ginput_device.c.obj
                0x100043d8                ginputd_reset
 .text.ginputd_init
                0x100043ec        0xa CMakeFiles/GCULTIMATE_R4K_RP2040.dir/lib/HOJA-LIB-RP2040/src/usb/ginput_device.c.obj
                0x100043ec                ginputd_init
 *fill*         0x100043f6        0x2 
 .text.ginputd_open
                0x100043f8       0xc4 CMakeFiles/GCULTIMATE_R4K_RP2040.dir/lib/HOJA-LIB-RP2040/src/usb/ginput_device.c.obj
                0x100043f8                ginputd_open
 .text.ginputd_xfer_cb
                0x100044bc       0x84 CMakeFiles/GCULTIMATE_R4K_RP2040.dir/lib/HOJA-LIB-RP2040/src/usb/ginput_device.c.obj
                0x100044bc                ginputd_xfer_cb
 .text.ginputd_control_xfer_cb
                0x10004540      0x28c CMakeFiles/GCULTIMATE_R4K_RP2040.dir/lib/HOJA-LIB-RP2040/src/usb/ginput_device.c.obj
                0x10004540                ginputd_control_xfer_cb
 .text.tud_ginput_n_ready
                0x100047cc       0x50 CMakeFiles/GCULTIMATE_R4K_RP2040.dir/lib/HOJA-LIB-RP2040/src/usb/ginput_device.c.obj
                0x100047cc                tud_ginput_n_ready
 .text.tud_ginput_ready
                0x1000481c        0xa CMakeFiles/GCULTIMATE_R4K_RP2040.dir/lib/HOJA-LIB-RP2040/src/usb/ginput_device.c.obj
                0x1000481c                tud_ginput_ready
 *fill*         0x10004826        0x2 
 .text.tud_ginput_n_report
                0x10004828       0x94 CMakeFiles/GCULTIMATE_R4K_RP2040.dir/lib/HOJA-LIB-RP2040/src/usb/ginput_device.c.obj
                0x10004828                tud_ginput_n_report
 .text.tud_ginput_report
                0x100048bc       0x10 CMakeFiles/GCULTIMATE_R4K_RP2040.dir/lib/HOJA-LIB-RP2040/src/usb/ginput_device.c.obj
                0x100048bc                tud_ginput_report
 .text.switch_analog_encode
                0x100048cc       0x16 CMakeFiles/GCULTIMATE_R4K_RP2040.dir/lib/HOJA-LIB-RP2040/src/switch/switch_analog.c.obj
                0x100048cc                switch_analog_encode
 *fill*         0x100048e2        0x2 
 .text.switch_analog_calibration_init
                0x100048e4       0x50 CMakeFiles/GCULTIMATE_R4K_RP2040.dir/lib/HOJA-LIB-RP2040/src/switch/switch_analog.c.obj
                0x100048e4                switch_analog_calibration_init
 .text.clear_report
                0x10004934       0x14 CMakeFiles/GCULTIMATE_R4K_RP2040.dir/lib/HOJA-LIB-RP2040/src/switch/switch_commands.c.obj
                0x10004934                clear_report
 .text.set_report_id
                0x10004948        0xc CMakeFiles/GCULTIMATE_R4K_RP2040.dir/lib/HOJA-LIB-RP2040/src/switch/switch_commands.c.obj
                0x10004948                set_report_id
 .text.set_ack  0x10004954        0xc CMakeFiles/GCULTIMATE_R4K_RP2040.dir/lib/HOJA-LIB-RP2040/src/switch/switch_commands.c.obj
                0x10004954                set_ack
 .text.set_command
                0x10004960        0xc CMakeFiles/GCULTIMATE_R4K_RP2040.dir/lib/HOJA-LIB-RP2040/src/switch/switch_commands.c.obj
                0x10004960                set_command
 .text.set_timer
                0x1000496c       0x54 CMakeFiles/GCULTIMATE_R4K_RP2040.dir/lib/HOJA-LIB-RP2040/src/switch/switch_commands.c.obj
                0x1000496c                set_timer
 .text.set_battconn
                0x100049c0       0x14 CMakeFiles/GCULTIMATE_R4K_RP2040.dir/lib/HOJA-LIB-RP2040/src/switch/switch_commands.c.obj
                0x100049c0                set_battconn
 .text.set_devinfo
                0x100049d4       0x20 CMakeFiles/GCULTIMATE_R4K_RP2040.dir/lib/HOJA-LIB-RP2040/src/switch/switch_commands.c.obj
                0x100049d4                set_devinfo
 .text.set_sub_triggertime
                0x100049f4       0x24 CMakeFiles/GCULTIMATE_R4K_RP2040.dir/lib/HOJA-LIB-RP2040/src/switch/switch_commands.c.obj
                0x100049f4                set_sub_triggertime
 .text.info_set_mac
                0x10004a18       0x34 CMakeFiles/GCULTIMATE_R4K_RP2040.dir/lib/HOJA-LIB-RP2040/src/switch/switch_commands.c.obj
                0x10004a18                info_set_mac
 .text.info_handler
                0x10004a4c       0x34 CMakeFiles/GCULTIMATE_R4K_RP2040.dir/lib/HOJA-LIB-RP2040/src/switch/switch_commands.c.obj
                0x10004a4c                info_handler
 .text.pairing_set
                0x10004a80       0xc0 CMakeFiles/GCULTIMATE_R4K_RP2040.dir/lib/HOJA-LIB-RP2040/src/switch/switch_commands.c.obj
                0x10004a80                pairing_set
 .text.command_handler
                0x10004b40      0x138 CMakeFiles/GCULTIMATE_R4K_RP2040.dir/lib/HOJA-LIB-RP2040/src/switch/switch_commands.c.obj
                0x10004b40                command_handler
 .text.report_handler
                0x10004c78       0x36 CMakeFiles/GCULTIMATE_R4K_RP2040.dir/lib/HOJA-LIB-RP2040/src/switch/switch_commands.c.obj
                0x10004c78                report_handler
 *fill*         0x10004cae        0x2 
 .text._unknown_thing
                0x10004cb0       0x2c CMakeFiles/GCULTIMATE_R4K_RP2040.dir/lib/HOJA-LIB-RP2040/src/switch/switch_commands.c.obj
                0x10004cb0                _unknown_thing
 .text.switch_commands_process
                0x10004cdc      0x1a0 CMakeFiles/GCULTIMATE_R4K_RP2040.dir/lib/HOJA-LIB-RP2040/src/switch/switch_commands.c.obj
                0x10004cdc                switch_commands_process
 .text.switch_commands_future_handle
                0x10004e7c       0x28 CMakeFiles/GCULTIMATE_R4K_RP2040.dir/lib/HOJA-LIB-RP2040/src/switch/switch_commands.c.obj
                0x10004e7c                switch_commands_future_handle
 .text.switch_commands_bulkset
                0x10004ea4       0x10 CMakeFiles/GCULTIMATE_R4K_RP2040.dir/lib/HOJA-LIB-RP2040/src/switch/switch_commands.c.obj
                0x10004ea4                switch_commands_bulkset
 .text.sw_spi_getaddressdata
                0x10004eb4      0x18c CMakeFiles/GCULTIMATE_R4K_RP2040.dir/lib/HOJA-LIB-RP2040/src/switch/switch_spi.c.obj
                0x10004eb4                sw_spi_getaddressdata
 .text.sw_spi_readfromaddress
                0x10005040       0x50 CMakeFiles/GCULTIMATE_R4K_RP2040.dir/lib/HOJA-LIB-RP2040/src/switch/switch_spi.c.obj
                0x10005040                sw_spi_readfromaddress
 .text.initialize_exp_base2_lookup
                0x10005090       0x54 CMakeFiles/GCULTIMATE_R4K_RP2040.dir/lib/HOJA-LIB-RP2040/src/switch/switch_haptics.c.obj
                0x10005090                initialize_exp_base2_lookup
 .text.initialize_rumble_amp_lookup
                0x100050e4       0x88 CMakeFiles/GCULTIMATE_R4K_RP2040.dir/lib/HOJA-LIB-RP2040/src/switch/switch_haptics.c.obj
                0x100050e4                initialize_rumble_amp_lookup
 .text.initialize_rumble_freq_lookup
                0x1000516c       0x30 CMakeFiles/GCULTIMATE_R4K_RP2040.dir/lib/HOJA-LIB-RP2040/src/switch/switch_haptics.c.obj
                0x1000516c                initialize_rumble_freq_lookup
 .text.haptics_get_lookup_index
                0x1000519c       0x38 CMakeFiles/GCULTIMATE_R4K_RP2040.dir/lib/HOJA-LIB-RP2040/src/switch/switch_haptics.c.obj
                0x1000519c                haptics_get_lookup_index
 .text.haptics_apply_command
                0x100051d4       0x42 CMakeFiles/GCULTIMATE_R4K_RP2040.dir/lib/HOJA-LIB-RP2040/src/switch/switch_haptics.c.obj
                0x100051d4                haptics_apply_command
 .text.haptics_initialize_lookup_tables
                0x10005216       0x10 CMakeFiles/GCULTIMATE_R4K_RP2040.dir/lib/HOJA-LIB-RP2040/src/switch/switch_haptics.c.obj
                0x10005216                haptics_initialize_lookup_tables
 *fill*         0x10005226        0x2 
 .text.haptics_linear_to_normal
                0x10005228       0xcc CMakeFiles/GCULTIMATE_R4K_RP2040.dir/lib/HOJA-LIB-RP2040/src/switch/switch_haptics.c.obj
                0x10005228                haptics_linear_to_normal
 .text._haptics_decode_type_1
                0x100052f4      0x3d4 CMakeFiles/GCULTIMATE_R4K_RP2040.dir/lib/HOJA-LIB-RP2040/src/switch/switch_haptics.c.obj
                0x100052f4                _haptics_decode_type_1
 .text._haptics_decode_type_2
                0x100056c8       0x8c CMakeFiles/GCULTIMATE_R4K_RP2040.dir/lib/HOJA-LIB-RP2040/src/switch/switch_haptics.c.obj
                0x100056c8                _haptics_decode_type_2
 .text._haptics_decode_type_3
                0x10005754      0x324 CMakeFiles/GCULTIMATE_R4K_RP2040.dir/lib/HOJA-LIB-RP2040/src/switch/switch_haptics.c.obj
                0x10005754                _haptics_decode_type_3
 .text._haptics_decode_type_4
                0x10005a78      0x348 CMakeFiles/GCULTIMATE_R4K_RP2040.dir/lib/HOJA-LIB-RP2040/src/switch/switch_haptics.c.obj
                0x10005a78                _haptics_decode_type_4
 .text._haptics_decode_samples
                0x10005dc0       0x76 CMakeFiles/GCULTIMATE_R4K_RP2040.dir/lib/HOJA-LIB-RP2040/src/switch/switch_haptics.c.obj
                0x10005dc0                _haptics_decode_samples
 *fill*         0x10005e36        0x2 
 .text.haptics_rumble_translate
                0x10005e38       0xbc CMakeFiles/GCULTIMATE_R4K_RP2040.dir/lib/HOJA-LIB-RP2040/src/switch/switch_haptics.c.obj
                0x10005e38                haptics_rumble_translate
 .text.imu_pack_quat
                0x10005ef4      0x254 CMakeFiles/GCULTIMATE_R4K_RP2040.dir/lib/HOJA-LIB-RP2040/src/input/imu.c.obj
                0x10005ef4                imu_pack_quat
 .text._imu_rotate_quaternion
                0x10006148      0x146 CMakeFiles/GCULTIMATE_R4K_RP2040.dir/lib/HOJA-LIB-RP2040/src/input/imu.c.obj
                0x10006148                _imu_rotate_quaternion
 .text._imu_quat_normalize
                0x1000628e       0x7c CMakeFiles/GCULTIMATE_R4K_RP2040.dir/lib/HOJA-LIB-RP2040/src/input/imu.c.obj
                0x1000628e                _imu_quat_normalize
 *fill*         0x1000630a        0x2 
 .text._imu_update_quaternion
                0x1000630c      0x29c CMakeFiles/GCULTIMATE_R4K_RP2040.dir/lib/HOJA-LIB-RP2040/src/input/imu.c.obj
                0x1000630c                _imu_update_quaternion
 .text.imu_fifo_push
                0x100065a8       0xa8 CMakeFiles/GCULTIMATE_R4K_RP2040.dir/lib/HOJA-LIB-RP2040/src/input/imu.c.obj
                0x100065a8                imu_fifo_push
 .text.imu_fifo_last
                0x10006650       0x38 CMakeFiles/GCULTIMATE_R4K_RP2040.dir/lib/HOJA-LIB-RP2040/src/input/imu.c.obj
                0x10006650                imu_fifo_last
 .text._imu_average_value
                0x10006688       0x30 CMakeFiles/GCULTIMATE_R4K_RP2040.dir/lib/HOJA-LIB-RP2040/src/input/imu.c.obj
                0x10006688                _imu_average_value
 .text.imu_calibrate_start
                0x100066b8       0xc4 CMakeFiles/GCULTIMATE_R4K_RP2040.dir/lib/HOJA-LIB-RP2040/src/input/imu.c.obj
                0x100066b8                imu_calibrate_start
 .text.imu_calibrate_stop
                0x1000677c       0x2c CMakeFiles/GCULTIMATE_R4K_RP2040.dir/lib/HOJA-LIB-RP2040/src/input/imu.c.obj
                0x1000677c                imu_calibrate_stop
 .text._imu_calibrate_task
                0x100067a8      0x160 CMakeFiles/GCULTIMATE_R4K_RP2040.dir/lib/HOJA-LIB-RP2040/src/input/imu.c.obj
                0x100067a8                _imu_calibrate_task
 .text.imu_set_enabled
                0x10006908        0xc CMakeFiles/GCULTIMATE_R4K_RP2040.dir/lib/HOJA-LIB-RP2040/src/input/imu.c.obj
                0x10006908                imu_set_enabled
 .text.imu_task
                0x10006914      0x158 CMakeFiles/GCULTIMATE_R4K_RP2040.dir/lib/HOJA-LIB-RP2040/src/input/imu.c.obj
                0x10006914                imu_task
 .text._remap_load_remap
                0x10006a6c       0x60 CMakeFiles/GCULTIMATE_R4K_RP2040.dir/lib/HOJA-LIB-RP2040/src/input/remap.c.obj
                0x10006a6c                _remap_load_remap
 .text._remap_pack_remap
                0x10006acc       0xda CMakeFiles/GCULTIMATE_R4K_RP2040.dir/lib/HOJA-LIB-RP2040/src/input/remap.c.obj
                0x10006acc                _remap_pack_remap
 .text._remap_unpack_remap
                0x10006ba6       0x72 CMakeFiles/GCULTIMATE_R4K_RP2040.dir/lib/HOJA-LIB-RP2040/src/input/remap.c.obj
                0x10006ba6                _remap_unpack_remap
 .text.remap_reset_default
                0x10006c18       0x74 CMakeFiles/GCULTIMATE_R4K_RP2040.dir/lib/HOJA-LIB-RP2040/src/input/remap.c.obj
                0x10006c18                remap_reset_default
 .text.remap_init
                0x10006c8c       0x5c CMakeFiles/GCULTIMATE_R4K_RP2040.dir/lib/HOJA-LIB-RP2040/src/input/remap.c.obj
                0x10006c8c                remap_init
 .text.remap_set_gc_sp
                0x10006ce8       0x10 CMakeFiles/GCULTIMATE_R4K_RP2040.dir/lib/HOJA-LIB-RP2040/src/input/remap.c.obj
                0x10006ce8                remap_set_gc_sp
 .text.remap_listen_stop
                0x10006cf8       0x20 CMakeFiles/GCULTIMATE_R4K_RP2040.dir/lib/HOJA-LIB-RP2040/src/input/remap.c.obj
                0x10006cf8                remap_listen_stop
 .text.remap_send_data_webusb
                0x10006d18       0xf8 CMakeFiles/GCULTIMATE_R4K_RP2040.dir/lib/HOJA-LIB-RP2040/src/input/remap.c.obj
                0x10006d18                remap_send_data_webusb
 .text._remap_listener
                0x10006e10       0xec CMakeFiles/GCULTIMATE_R4K_RP2040.dir/lib/HOJA-LIB-RP2040/src/input/remap.c.obj
                0x10006e10                _remap_listener
 .text.remap_listen_enable
                0x10006efc       0x40 CMakeFiles/GCULTIMATE_R4K_RP2040.dir/lib/HOJA-LIB-RP2040/src/input/remap.c.obj
                0x10006efc                remap_listen_enable
 .text.remap_buttons_task
                0x10006f3c      0x41c CMakeFiles/GCULTIMATE_R4K_RP2040.dir/lib/HOJA-LIB-RP2040/src/input/remap.c.obj
                0x10006f3c                remap_buttons_task
 .text._is_opposite_direction
                0x10007358       0x1c CMakeFiles/GCULTIMATE_R4K_RP2040.dir/lib/HOJA-LIB-RP2040/src/input/snapback.c.obj
                0x10007358                _is_opposite_direction
 .text._get_2d_distance
                0x10007374       0x42 CMakeFiles/GCULTIMATE_R4K_RP2040.dir/lib/HOJA-LIB-RP2040/src/input/snapback.c.obj
                0x10007374                _get_2d_distance
 .text._is_distance_falling
                0x100073b6       0x18 CMakeFiles/GCULTIMATE_R4K_RP2040.dir/lib/HOJA-LIB-RP2040/src/input/snapback.c.obj
                0x100073b6                _is_distance_falling
 .text._center_trigger_detect
                0x100073ce       0x2a CMakeFiles/GCULTIMATE_R4K_RP2040.dir/lib/HOJA-LIB-RP2040/src/input/snapback.c.obj
                0x100073ce                _center_trigger_detect
 .text._add_axis
                0x100073f8      0x110 CMakeFiles/GCULTIMATE_R4K_RP2040.dir/lib/HOJA-LIB-RP2040/src/input/snapback.c.obj
                0x100073f8                _add_axis
 .text.snapback_process
                0x10007508       0x38 CMakeFiles/GCULTIMATE_R4K_RP2040.dir/lib/HOJA-LIB-RP2040/src/input/snapback.c.obj
                0x10007508                snapback_process
 .text._snapback_add_value
                0x10007540       0x30 CMakeFiles/GCULTIMATE_R4K_RP2040.dir/lib/HOJA-LIB-RP2040/src/input/snapback.c.obj
                0x10007540                _snapback_add_value
 .text.snapback_webcapture_task
                0x10007570      0x118 CMakeFiles/GCULTIMATE_R4K_RP2040.dir/lib/HOJA-LIB-RP2040/src/input/snapback.c.obj
                0x10007570                snapback_webcapture_task
 .text._stick_sub_angle_scale
                0x10007688       0x40 CMakeFiles/GCULTIMATE_R4K_RP2040.dir/lib/HOJA-LIB-RP2040/src/input/stick_scaling.c.obj
                0x10007688                _stick_sub_angle_scale
 .text._get_angle_distance
                0x100076c8       0x34 CMakeFiles/GCULTIMATE_R4K_RP2040.dir/lib/HOJA-LIB-RP2040/src/input/stick_scaling.c.obj
                0x100076c8                _get_angle_distance
 .text._is_angle_between
                0x100076fc       0x58 CMakeFiles/GCULTIMATE_R4K_RP2040.dir/lib/HOJA-LIB-RP2040/src/input/stick_scaling.c.obj
                0x100076fc                _is_angle_between
 .text._stick_get_processed_octant
                0x10007754       0x38 CMakeFiles/GCULTIMATE_R4K_RP2040.dir/lib/HOJA-LIB-RP2040/src/input/stick_scaling.c.obj
                0x10007754                _stick_get_processed_octant
 .text._stick_get_octant
                0x1000778c       0x58 CMakeFiles/GCULTIMATE_R4K_RP2040.dir/lib/HOJA-LIB-RP2040/src/input/stick_scaling.c.obj
                0x1000778c                _stick_get_octant
 .text._stick_angle_adjust
                0x100077e4       0x3c CMakeFiles/GCULTIMATE_R4K_RP2040.dir/lib/HOJA-LIB-RP2040/src/input/stick_scaling.c.obj
                0x100077e4                _stick_angle_adjust
 .text.stick_get_angle
                0x10007820       0x70 CMakeFiles/GCULTIMATE_R4K_RP2040.dir/lib/HOJA-LIB-RP2040/src/input/stick_scaling.c.obj
                0x10007820                stick_get_angle
 .text.stick_get_distance
                0x10007890       0x56 CMakeFiles/GCULTIMATE_R4K_RP2040.dir/lib/HOJA-LIB-RP2040/src/input/stick_scaling.c.obj
                0x10007890                stick_get_distance
 *fill*         0x100078e6        0x2 
 .text.stick_normalized_vector
                0x100078e8       0x40 CMakeFiles/GCULTIMATE_R4K_RP2040.dir/lib/HOJA-LIB-RP2040/src/input/stick_scaling.c.obj
                0x100078e8                stick_normalized_vector
 .text._stick_process_input
                0x10007928      0x168 CMakeFiles/GCULTIMATE_R4K_RP2040.dir/lib/HOJA-LIB-RP2040/src/input/stick_scaling.c.obj
                0x10007928                _stick_process_input
 .text._precalculate_distance_scalers
                0x10007a90       0x24 CMakeFiles/GCULTIMATE_R4K_RP2040.dir/lib/HOJA-LIB-RP2040/src/input/stick_scaling.c.obj
                0x10007a90                _precalculate_distance_scalers
 .text._precalculate_angle_scalers
                0x10007ab4       0x38 CMakeFiles/GCULTIMATE_R4K_RP2040.dir/lib/HOJA-LIB-RP2040/src/input/stick_scaling.c.obj
                0x10007ab4                _precalculate_angle_scalers
 .text._precalculate_angle_substate
                0x10007aec       0x7c CMakeFiles/GCULTIMATE_R4K_RP2040.dir/lib/HOJA-LIB-RP2040/src/input/stick_scaling.c.obj
                0x10007aec                _precalculate_angle_substate
 .text.stick_scaling_get_settings
                0x10007b68       0x40 CMakeFiles/GCULTIMATE_R4K_RP2040.dir/lib/HOJA-LIB-RP2040/src/input/stick_scaling.c.obj
                0x10007b68                stick_scaling_get_settings
 .text.stick_scaling_set_settings
                0x10007ba8       0x28 CMakeFiles/GCULTIMATE_R4K_RP2040.dir/lib/HOJA-LIB-RP2040/src/input/stick_scaling.c.obj
                0x10007ba8                stick_scaling_set_settings
 .text.stick_scaling_init
                0x10007bd0       0x60 CMakeFiles/GCULTIMATE_R4K_RP2040.dir/lib/HOJA-LIB-RP2040/src/input/stick_scaling.c.obj
                0x10007bd0                stick_scaling_init
 .text.stick_scaling_reset_distances
                0x10007c30       0x44 CMakeFiles/GCULTIMATE_R4K_RP2040.dir/lib/HOJA-LIB-RP2040/src/input/stick_scaling.c.obj
                0x10007c30                stick_scaling_reset_distances
 .text.stick_scaling_capture_distances
                0x10007c74      0x1bc CMakeFiles/GCULTIMATE_R4K_RP2040.dir/lib/HOJA-LIB-RP2040/src/input/stick_scaling.c.obj
                0x10007c74                stick_scaling_capture_distances
 .text.stick_scaling_capture_center
                0x10007e30       0x2c CMakeFiles/GCULTIMATE_R4K_RP2040.dir/lib/HOJA-LIB-RP2040/src/input/stick_scaling.c.obj
                0x10007e30                stick_scaling_capture_center
 .text.stick_scaling_get_octant_axis
                0x10007e5c       0xac CMakeFiles/GCULTIMATE_R4K_RP2040.dir/lib/HOJA-LIB-RP2040/src/input/stick_scaling.c.obj
                0x10007e5c                stick_scaling_get_octant_axis
 .text.stick_scaling_get_octant_axis_offset
                0x10007f08       0xd4 CMakeFiles/GCULTIMATE_R4K_RP2040.dir/lib/HOJA-LIB-RP2040/src/input/stick_scaling.c.obj
                0x10007f08                stick_scaling_get_octant_axis_offset
 .text.stick_scaling_capture_angle
                0x10007fdc       0xfc CMakeFiles/GCULTIMATE_R4K_RP2040.dir/lib/HOJA-LIB-RP2040/src/input/stick_scaling.c.obj
                0x10007fdc                stick_scaling_capture_angle
 .text.stick_scaling_process_data
                0x100080d8      0x168 CMakeFiles/GCULTIMATE_R4K_RP2040.dir/lib/HOJA-LIB-RP2040/src/input/stick_scaling.c.obj
                0x100080d8                stick_scaling_process_data
 .text.analog_send_reset
                0x10008240       0x24 CMakeFiles/GCULTIMATE_R4K_RP2040.dir/lib/HOJA-LIB-RP2040/src/input/analog.c.obj
                0x10008240                analog_send_reset
 .text.analog_calibrate_start
                0x10008264       0x4c CMakeFiles/GCULTIMATE_R4K_RP2040.dir/lib/HOJA-LIB-RP2040/src/input/analog.c.obj
                0x10008264                analog_calibrate_start
 .text.analog_init
                0x100082b0       0x40 CMakeFiles/GCULTIMATE_R4K_RP2040.dir/lib/HOJA-LIB-RP2040/src/input/analog.c.obj
                0x100082b0                analog_init
 .text.analog_calibrate_stop
                0x100082f0       0x2c CMakeFiles/GCULTIMATE_R4K_RP2040.dir/lib/HOJA-LIB-RP2040/src/input/analog.c.obj
                0x100082f0                analog_calibrate_stop
 .text.analog_calibrate_save
                0x1000831c       0x34 CMakeFiles/GCULTIMATE_R4K_RP2040.dir/lib/HOJA-LIB-RP2040/src/input/analog.c.obj
                0x1000831c                analog_calibrate_save
 .text.analog_calibrate_angle
                0x10008350       0x10 CMakeFiles/GCULTIMATE_R4K_RP2040.dir/lib/HOJA-LIB-RP2040/src/input/analog.c.obj
                0x10008350                analog_calibrate_angle
 .text._analog_calibrate_loop
                0x10008360       0x64 CMakeFiles/GCULTIMATE_R4K_RP2040.dir/lib/HOJA-LIB-RP2040/src/input/analog.c.obj
                0x10008360                _analog_calibrate_loop
 .text._analog_distance_check
                0x100083c4       0x4e CMakeFiles/GCULTIMATE_R4K_RP2040.dir/lib/HOJA-LIB-RP2040/src/input/analog.c.obj
                0x100083c4                _analog_distance_check
 *fill*         0x10008412        0x2 
 .text.analog_get_octoangle_data
                0x10008414       0x18 CMakeFiles/GCULTIMATE_R4K_RP2040.dir/lib/HOJA-LIB-RP2040/src/input/analog.c.obj
                0x10008414                analog_get_octoangle_data
 .text.analog_get_subangle_data
                0x1000842c       0x18 CMakeFiles/GCULTIMATE_R4K_RP2040.dir/lib/HOJA-LIB-RP2040/src/input/analog.c.obj
                0x1000842c                analog_get_subangle_data
 .text._analog_process_deadzone
                0x10008444      0x244 CMakeFiles/GCULTIMATE_R4K_RP2040.dir/lib/HOJA-LIB-RP2040/src/input/analog.c.obj
                0x10008444                _analog_process_deadzone
 .text.analog_task
                0x10008688       0xa8 CMakeFiles/GCULTIMATE_R4K_RP2040.dir/lib/HOJA-LIB-RP2040/src/input/analog.c.obj
                0x10008688                analog_task
 .text.triggers_set_disabled
                0x10008730       0x38 CMakeFiles/GCULTIMATE_R4K_RP2040.dir/lib/HOJA-LIB-RP2040/src/input/triggers.c.obj
                0x10008730                triggers_set_disabled
 .text.triggers_start_calibration
                0x10008768       0x4c CMakeFiles/GCULTIMATE_R4K_RP2040.dir/lib/HOJA-LIB-RP2040/src/input/triggers.c.obj
                0x10008768                triggers_start_calibration
 .text.triggers_stop_calibration
                0x100087b4       0x24 CMakeFiles/GCULTIMATE_R4K_RP2040.dir/lib/HOJA-LIB-RP2040/src/input/triggers.c.obj
                0x100087b4                triggers_stop_calibration
 .text.triggers_scale_init
                0x100087d8       0x60 CMakeFiles/GCULTIMATE_R4K_RP2040.dir/lib/HOJA-LIB-RP2040/src/input/triggers.c.obj
                0x100087d8                triggers_scale_init
 .text.triggers_scale
                0x10008838      0x19c CMakeFiles/GCULTIMATE_R4K_RP2040.dir/lib/HOJA-LIB-RP2040/src/input/triggers.c.obj
                0x10008838                triggers_scale
 .text.macro_deinit_complete
                0x100089d4        0xc CMakeFiles/GCULTIMATE_R4K_RP2040.dir/lib/HOJA-LIB-RP2040/src/input/macros.c.obj
                0x100089d4                macro_deinit_complete
 .text.macro_handler_task
                0x100089e0      0x150 CMakeFiles/GCULTIMATE_R4K_RP2040.dir/lib/HOJA-LIB-RP2040/src/input/macros.c.obj
                0x100089e0                macro_handler_task
 .text.macro_safe_mode_check
                0x10008b30        0xc CMakeFiles/GCULTIMATE_R4K_RP2040.dir/lib/HOJA-LIB-RP2040/src/input/macros.c.obj
                0x10008b30                macro_safe_mode_check
 .text.gcinput_hid_report
                0x10008b3c      0x45c CMakeFiles/GCULTIMATE_R4K_RP2040.dir/lib/HOJA-LIB-RP2040/src/devices/gcinput.c.obj
                0x10008b3c                gcinput_hid_report
 .text.joybus_program_init
                0x10008f98      0x1a0 CMakeFiles/GCULTIMATE_R4K_RP2040.dir/lib/HOJA-LIB-RP2040/src/devices/gamecube.c.obj
 .text._gamecube_isr_txdone
                0x10009138       0x68 CMakeFiles/GCULTIMATE_R4K_RP2040.dir/lib/HOJA-LIB-RP2040/src/devices/gamecube.c.obj
 .text._gamecube_send_probe
                0x100091a0       0x34 CMakeFiles/GCULTIMATE_R4K_RP2040.dir/lib/HOJA-LIB-RP2040/src/devices/gamecube.c.obj
                0x100091a0                _gamecube_send_probe
 .text._gamecube_send_origin
                0x100091d4       0x9c CMakeFiles/GCULTIMATE_R4K_RP2040.dir/lib/HOJA-LIB-RP2040/src/devices/gamecube.c.obj
                0x100091d4                _gamecube_send_origin
 .text._gamecube_send_poll
                0x10009270       0xa0 CMakeFiles/GCULTIMATE_R4K_RP2040.dir/lib/HOJA-LIB-RP2040/src/devices/gamecube.c.obj
                0x10009270                _gamecube_send_poll
 .text._gamecube_reset_state
                0x10009310       0x5c CMakeFiles/GCULTIMATE_R4K_RP2040.dir/lib/HOJA-LIB-RP2040/src/devices/gamecube.c.obj
                0x10009310                _gamecube_reset_state
 .text._gamecube_isr_handler
                0x1000936c       0x3c CMakeFiles/GCULTIMATE_R4K_RP2040.dir/lib/HOJA-LIB-RP2040/src/devices/gamecube.c.obj
 .text.gamecube_comms_task
                0x100093a8      0x65c CMakeFiles/GCULTIMATE_R4K_RP2040.dir/lib/HOJA-LIB-RP2040/src/devices/gamecube.c.obj
                0x100093a8                gamecube_comms_task
 .text.joybus_program_init
                0x10009a04      0x1a0 CMakeFiles/GCULTIMATE_R4K_RP2040.dir/lib/HOJA-LIB-RP2040/src/devices/n64.c.obj
 .text._n64_isr_txdone
                0x10009ba4       0x68 CMakeFiles/GCULTIMATE_R4K_RP2040.dir/lib/HOJA-LIB-RP2040/src/devices/n64.c.obj
 .text._n64_iterate_crc
                0x10009c0c        0xc CMakeFiles/GCULTIMATE_R4K_RP2040.dir/lib/HOJA-LIB-RP2040/src/devices/n64.c.obj
                0x10009c0c                _n64_iterate_crc
 .text._n64_send_rumble_identify
                0x10009c18       0x30 CMakeFiles/GCULTIMATE_R4K_RP2040.dir/lib/HOJA-LIB-RP2040/src/devices/n64.c.obj
                0x10009c18                _n64_send_rumble_identify
 .text._n64_send_null_identify
                0x10009c48       0x20 CMakeFiles/GCULTIMATE_R4K_RP2040.dir/lib/HOJA-LIB-RP2040/src/devices/n64.c.obj
                0x10009c48                _n64_send_null_identify
 .text._n64_send_probe
                0x10009c68       0x34 CMakeFiles/GCULTIMATE_R4K_RP2040.dir/lib/HOJA-LIB-RP2040/src/devices/n64.c.obj
                0x10009c68                _n64_send_probe
 .text._n64_send_pak_write
                0x10009c9c       0x1c CMakeFiles/GCULTIMATE_R4K_RP2040.dir/lib/HOJA-LIB-RP2040/src/devices/n64.c.obj
                0x10009c9c                _n64_send_pak_write
 .text._n64_send_poll
                0x10009cb8       0x5c CMakeFiles/GCULTIMATE_R4K_RP2040.dir/lib/HOJA-LIB-RP2040/src/devices/n64.c.obj
                0x10009cb8                _n64_send_poll
 .text._n64_isr_handler
                0x10009d14       0x34 CMakeFiles/GCULTIMATE_R4K_RP2040.dir/lib/HOJA-LIB-RP2040/src/devices/n64.c.obj
 .text._n64_reset_state
                0x10009d48       0x5c CMakeFiles/GCULTIMATE_R4K_RP2040.dir/lib/HOJA-LIB-RP2040/src/devices/n64.c.obj
                0x10009d48                _n64_reset_state
 .text.n64_comms_task
                0x10009da4      0x288 CMakeFiles/GCULTIMATE_R4K_RP2040.dir/lib/HOJA-LIB-RP2040/src/devices/n64.c.obj
                0x10009da4                n64_comms_task
 .text._nspi_isr_handler
                0x1000a02c       0x78 CMakeFiles/GCULTIMATE_R4K_RP2040.dir/lib/HOJA-LIB-RP2040/src/devices/nspi.c.obj
 .text.nspi_init
                0x1000a0a4      0x2c4 CMakeFiles/GCULTIMATE_R4K_RP2040.dir/lib/HOJA-LIB-RP2040/src/devices/nspi.c.obj
                0x1000a0a4                nspi_init
 .text.nspi_comms_task
                0x1000a368      0x190 CMakeFiles/GCULTIMATE_R4K_RP2040.dir/lib/HOJA-LIB-RP2040/src/devices/nspi.c.obj
                0x1000a368                nspi_comms_task
 .text.swpro_hid_report
                0x1000a4f8      0x1b8 CMakeFiles/GCULTIMATE_R4K_RP2040.dir/lib/HOJA-LIB-RP2040/src/devices/swpro.c.obj
                0x1000a4f8                swpro_hid_report
 .text.webusb_output_enabled
                0x1000a6b0        0xc CMakeFiles/GCULTIMATE_R4K_RP2040.dir/lib/HOJA-LIB-RP2040/src/devices/webusb.c.obj
                0x1000a6b0                webusb_output_enabled
 .text.webusb_enable_output
                0x1000a6bc        0xc CMakeFiles/GCULTIMATE_R4K_RP2040.dir/lib/HOJA-LIB-RP2040/src/devices/webusb.c.obj
                0x1000a6bc                webusb_enable_output
 .text.webusb_ready_blocking
                0x1000a6c8       0x3e CMakeFiles/GCULTIMATE_R4K_RP2040.dir/lib/HOJA-LIB-RP2040/src/devices/webusb.c.obj
                0x1000a6c8                webusb_ready_blocking
 *fill*         0x1000a706        0x2 
 .text.webusb_input_report_task
                0x1000a708      0x1bc CMakeFiles/GCULTIMATE_R4K_RP2040.dir/lib/HOJA-LIB-RP2040/src/devices/webusb.c.obj
                0x1000a708                webusb_input_report_task
 .text.webusb_save_confirm
                0x1000a8c4       0x48 CMakeFiles/GCULTIMATE_R4K_RP2040.dir/lib/HOJA-LIB-RP2040/src/devices/webusb.c.obj
                0x1000a8c4                webusb_save_confirm
 .text.webusb_command_processor
                0x1000a90c      0x83c CMakeFiles/GCULTIMATE_R4K_RP2040.dir/lib/HOJA-LIB-RP2040/src/devices/webusb.c.obj
                0x1000a90c                webusb_command_processor
 .text.sign_axis
                0x1000b148       0x54 CMakeFiles/GCULTIMATE_R4K_RP2040.dir/lib/HOJA-LIB-RP2040/src/devices/xinput.c.obj
                0x1000b148                sign_axis
 .text.xinput_hid_report
                0x1000b19c      0x17c CMakeFiles/GCULTIMATE_R4K_RP2040.dir/lib/HOJA-LIB-RP2040/src/devices/xinput.c.obj
                0x1000b19c                xinput_hid_report
 .text.crc8_compute
                0x1000b318       0x40 CMakeFiles/GCULTIMATE_R4K_RP2040.dir/lib/HOJA-LIB-RP2040/src/devices/btinput.c.obj
                0x1000b318                crc8_compute
 .text.crc8_verify
                0x1000b358       0x12 CMakeFiles/GCULTIMATE_R4K_RP2040.dir/lib/HOJA-LIB-RP2040/src/devices/btinput.c.obj
                0x1000b358                crc8_verify
 *fill*         0x1000b36a        0x2 
 .text._bt_clear_out
                0x1000b36c       0x14 CMakeFiles/GCULTIMATE_R4K_RP2040.dir/lib/HOJA-LIB-RP2040/src/devices/btinput.c.obj
                0x1000b36c                _bt_clear_out
 .text._bt_clear_in
                0x1000b380       0x14 CMakeFiles/GCULTIMATE_R4K_RP2040.dir/lib/HOJA-LIB-RP2040/src/devices/btinput.c.obj
                0x1000b380                _bt_clear_in
 .text.btinput_capability_reset_flag
                0x1000b394        0xc CMakeFiles/GCULTIMATE_R4K_RP2040.dir/lib/HOJA-LIB-RP2040/src/devices/btinput.c.obj
                0x1000b394                btinput_capability_reset_flag
 .text.btinput_get_version
                0x1000b3a0       0x90 CMakeFiles/GCULTIMATE_R4K_RP2040.dir/lib/HOJA-LIB-RP2040/src/devices/btinput.c.obj
                0x1000b3a0                btinput_get_version
 .text.btinput_init
                0x1000b430       0xec CMakeFiles/GCULTIMATE_R4K_RP2040.dir/lib/HOJA-LIB-RP2040/src/devices/btinput.c.obj
                0x1000b430                btinput_init
 .text._btinput_message_parse
                0x1000b51c      0x184 CMakeFiles/GCULTIMATE_R4K_RP2040.dir/lib/HOJA-LIB-RP2040/src/devices/btinput.c.obj
                0x1000b51c                _btinput_message_parse
 .text.btinput_comms_task
                0x1000b6a0      0x17c CMakeFiles/GCULTIMATE_R4K_RP2040.dir/lib/HOJA-LIB-RP2040/src/devices/btinput.c.obj
                0x1000b6a0                btinput_comms_task
 .text.ds4_hid_report
                0x1000b81c      0x1d4 CMakeFiles/GCULTIMATE_R4K_RP2040.dir/lib/HOJA-LIB-RP2040/src/devices/ds4input.c.obj
                0x1000b81c                ds4_hid_report
 .text.set_sys_clock_pll
                0x1000b9f0       0x78 CMakeFiles/GCULTIMATE_R4K_RP2040.dir/C_/Program_Files/Raspberry_Pi/Pico_SDK_v1.5.1/pico-sdk/src/rp2_common/pico_stdlib/stdlib.c.obj
                0x1000b9f0                set_sys_clock_pll
 .text.check_sys_clock_khz
                0x1000ba68       0xa4 CMakeFiles/GCULTIMATE_R4K_RP2040.dir/C_/Program_Files/Raspberry_Pi/Pico_SDK_v1.5.1/pico-sdk/src/rp2_common/pico_stdlib/stdlib.c.obj
                0x1000ba68                check_sys_clock_khz
 .text.gpio_set_function
                0x1000bb0c       0x30 CMakeFiles/GCULTIMATE_R4K_RP2040.dir/C_/Program_Files/Raspberry_Pi/Pico_SDK_v1.5.1/pico-sdk/src/rp2_common/hardware_gpio/gpio.c.obj
                0x1000bb0c                gpio_set_function
 .text.gpio_set_pulls
                0x1000bb3c       0x34 CMakeFiles/GCULTIMATE_R4K_RP2040.dir/C_/Program_Files/Raspberry_Pi/Pico_SDK_v1.5.1/pico-sdk/src/rp2_common/hardware_gpio/gpio.c.obj
                0x1000bb3c                gpio_set_pulls
 .text.gpio_set_input_enabled
                0x1000bb70       0x30 CMakeFiles/GCULTIMATE_R4K_RP2040.dir/C_/Program_Files/Raspberry_Pi/Pico_SDK_v1.5.1/pico-sdk/src/rp2_common/hardware_gpio/gpio.c.obj
                0x1000bb70                gpio_set_input_enabled
 .text.gpio_init
                0x1000bba0       0x16 CMakeFiles/GCULTIMATE_R4K_RP2040.dir/C_/Program_Files/Raspberry_Pi/Pico_SDK_v1.5.1/pico-sdk/src/rp2_common/hardware_gpio/gpio.c.obj
                0x1000bba0                gpio_init
 *fill*         0x1000bbb6        0x2 
 .text.running_on_fpga
                0x1000bbb8       0x14 CMakeFiles/GCULTIMATE_R4K_RP2040.dir/C_/Program_Files/Raspberry_Pi/Pico_SDK_v1.5.1/pico-sdk/src/rp2_common/pico_platform/platform.c.obj
                0x1000bbb8                running_on_fpga
 .text.hw_claim_lock
                0x1000bbcc       0x18 CMakeFiles/GCULTIMATE_R4K_RP2040.dir/C_/Program_Files/Raspberry_Pi/Pico_SDK_v1.5.1/pico-sdk/src/rp2_common/hardware_claim/claim.c.obj
                0x1000bbcc                hw_claim_lock
 .text.hw_claim_unlock
                0x1000bbe4       0x14 CMakeFiles/GCULTIMATE_R4K_RP2040.dir/C_/Program_Files/Raspberry_Pi/Pico_SDK_v1.5.1/pico-sdk/src/rp2_common/hardware_claim/claim.c.obj
                0x1000bbe4                hw_claim_unlock
 .text.hw_claim_or_assert
                0x1000bbf8       0x32 CMakeFiles/GCULTIMATE_R4K_RP2040.dir/C_/Program_Files/Raspberry_Pi/Pico_SDK_v1.5.1/pico-sdk/src/rp2_common/hardware_claim/claim.c.obj
                0x1000bbf8                hw_claim_or_assert
 .text.hw_claim_unused_from_range
                0x1000bc2a       0x50 CMakeFiles/GCULTIMATE_R4K_RP2040.dir/C_/Program_Files/Raspberry_Pi/Pico_SDK_v1.5.1/pico-sdk/src/rp2_common/hardware_claim/claim.c.obj
                0x1000bc2a                hw_claim_unused_from_range
 *fill*         0x1000bc7a        0x2 
 .text.spin_locks_reset
                0x1000bc7c       0x20 CMakeFiles/GCULTIMATE_R4K_RP2040.dir/C_/Program_Files/Raspberry_Pi/Pico_SDK_v1.5.1/pico-sdk/src/rp2_common/hardware_sync/sync.c.obj
                0x1000bc7c                spin_locks_reset
 .text.next_striped_spin_lock_num
                0x1000bc9c       0x1c CMakeFiles/GCULTIMATE_R4K_RP2040.dir/C_/Program_Files/Raspberry_Pi/Pico_SDK_v1.5.1/pico-sdk/src/rp2_common/hardware_sync/sync.c.obj
                0x1000bc9c                next_striped_spin_lock_num
 .text.spin_lock_claim_unused
                0x1000bcb8       0x20 CMakeFiles/GCULTIMATE_R4K_RP2040.dir/C_/Program_Files/Raspberry_Pi/Pico_SDK_v1.5.1/pico-sdk/src/rp2_common/hardware_sync/sync.c.obj
                0x1000bcb8                spin_lock_claim_unused
 .text.set_raw_irq_handler_and_unlock
                0x1000bcd8       0x28 CMakeFiles/GCULTIMATE_R4K_RP2040.dir/C_/Program_Files/Raspberry_Pi/Pico_SDK_v1.5.1/pico-sdk/src/rp2_common/hardware_irq/irq.c.obj
 .text.make_branch
                0x1000bd00       0x48 CMakeFiles/GCULTIMATE_R4K_RP2040.dir/C_/Program_Files/Raspberry_Pi/Pico_SDK_v1.5.1/pico-sdk/src/rp2_common/hardware_irq/irq.c.obj
 .text.insert_branch_and_link
                0x1000bd48       0x40 CMakeFiles/GCULTIMATE_R4K_RP2040.dir/C_/Program_Files/Raspberry_Pi/Pico_SDK_v1.5.1/pico-sdk/src/rp2_common/hardware_irq/irq.c.obj
 .text.irq_is_enabled
                0x1000bd88       0x18 CMakeFiles/GCULTIMATE_R4K_RP2040.dir/C_/Program_Files/Raspberry_Pi/Pico_SDK_v1.5.1/pico-sdk/src/rp2_common/hardware_irq/irq.c.obj
                0x1000bd88                irq_is_enabled
 .text.irq_set_mask_enabled
                0x1000bda0       0x20 CMakeFiles/GCULTIMATE_R4K_RP2040.dir/C_/Program_Files/Raspberry_Pi/Pico_SDK_v1.5.1/pico-sdk/src/rp2_common/hardware_irq/irq.c.obj
                0x1000bda0                irq_set_mask_enabled
 .text.irq_set_enabled
                0x1000bdc0        0xe CMakeFiles/GCULTIMATE_R4K_RP2040.dir/C_/Program_Files/Raspberry_Pi/Pico_SDK_v1.5.1/pico-sdk/src/rp2_common/hardware_irq/irq.c.obj
                0x1000bdc0                irq_set_enabled
 *fill*         0x1000bdce        0x2 
 .text.irq_get_vtable_handler
                0x1000bdd0       0x10 CMakeFiles/GCULTIMATE_R4K_RP2040.dir/C_/Program_Files/Raspberry_Pi/Pico_SDK_v1.5.1/pico-sdk/src/rp2_common/hardware_irq/irq.c.obj
                0x1000bdd0                irq_get_vtable_handler
 .text.irq_set_exclusive_handler
                0x1000bde0       0x54 CMakeFiles/GCULTIMATE_R4K_RP2040.dir/C_/Program_Files/Raspberry_Pi/Pico_SDK_v1.5.1/pico-sdk/src/rp2_common/hardware_irq/irq.c.obj
                0x1000bde0                irq_set_exclusive_handler
 .text.irq_add_shared_handler
                0x1000be34      0x234 CMakeFiles/GCULTIMATE_R4K_RP2040.dir/C_/Program_Files/Raspberry_Pi/Pico_SDK_v1.5.1/pico-sdk/src/rp2_common/hardware_irq/irq.c.obj
                0x1000be34                irq_add_shared_handler
 .text.irq_remove_handler
                0x1000c068      0x1ac CMakeFiles/GCULTIMATE_R4K_RP2040.dir/C_/Program_Files/Raspberry_Pi/Pico_SDK_v1.5.1/pico-sdk/src/rp2_common/hardware_irq/irq.c.obj
                0x1000c068                irq_remove_handler
 .text.irq_add_tail_to_free_list
                0x1000c214       0xf0 CMakeFiles/GCULTIMATE_R4K_RP2040.dir/C_/Program_Files/Raspberry_Pi/Pico_SDK_v1.5.1/pico-sdk/src/rp2_common/hardware_irq/irq.c.obj
                0x1000c214                irq_add_tail_to_free_list
 .text.irq_init_priorities
                0x1000c304       0x1c CMakeFiles/GCULTIMATE_R4K_RP2040.dir/C_/Program_Files/Raspberry_Pi/Pico_SDK_v1.5.1/pico-sdk/src/rp2_common/hardware_irq/irq.c.obj
                0x1000c304                irq_init_priorities
 .text.lock_init
                0x1000c320       0x10 CMakeFiles/GCULTIMATE_R4K_RP2040.dir/C_/Program_Files/Raspberry_Pi/Pico_SDK_v1.5.1/pico-sdk/src/common/pico_sync/lock_core.c.obj
                0x1000c320                lock_init
 .text.mutex_init
                0x1000c330       0x1a CMakeFiles/GCULTIMATE_R4K_RP2040.dir/C_/Program_Files/Raspberry_Pi/Pico_SDK_v1.5.1/pico-sdk/src/common/pico_sync/mutex.c.obj
                0x1000c330                mutex_init
 .text.recursive_mutex_init
                0x1000c34a       0x1e CMakeFiles/GCULTIMATE_R4K_RP2040.dir/C_/Program_Files/Raspberry_Pi/Pico_SDK_v1.5.1/pico-sdk/src/common/pico_sync/mutex.c.obj
                0x1000c34a                recursive_mutex_init
 .text.critical_section_init_with_lock_num
                0x1000c368       0x14 CMakeFiles/GCULTIMATE_R4K_RP2040.dir/C_/Program_Files/Raspberry_Pi/Pico_SDK_v1.5.1/pico-sdk/src/common/pico_sync/critical_section.c.obj
                0x1000c368                critical_section_init_with_lock_num
 .text.critical_section_init
                0x1000c37c       0x14 CMakeFiles/GCULTIMATE_R4K_RP2040.dir/C_/Program_Files/Raspberry_Pi/Pico_SDK_v1.5.1/pico-sdk/src/common/pico_sync/critical_section.c.obj
                0x1000c37c                critical_section_init
 .text.alarm_pool_post_alloc_init
                0x1000c390       0x40 CMakeFiles/GCULTIMATE_R4K_RP2040.dir/C_/Program_Files/Raspberry_Pi/Pico_SDK_v1.5.1/pico-sdk/src/common/pico_time/time.c.obj
 .text.sleep_until_callback
                0x1000c3d0       0x30 CMakeFiles/GCULTIMATE_R4K_RP2040.dir/C_/Program_Files/Raspberry_Pi/Pico_SDK_v1.5.1/pico-sdk/src/common/pico_time/time.c.obj
 .text.timer_pool_entry_comparator
                0x1000c400       0x7c CMakeFiles/GCULTIMATE_R4K_RP2040.dir/C_/Program_Files/Raspberry_Pi/Pico_SDK_v1.5.1/pico-sdk/src/common/pico_time/time.c.obj
                0x1000c400                timer_pool_entry_comparator
 .text.ph_add_child_node
                0x1000c47c       0xa4 CMakeFiles/GCULTIMATE_R4K_RP2040.dir/C_/Program_Files/Raspberry_Pi/Pico_SDK_v1.5.1/pico-sdk/src/common/pico_time/time.c.obj
 .text.ph_merge_nodes
                0x1000c520       0x3e CMakeFiles/GCULTIMATE_R4K_RP2040.dir/C_/Program_Files/Raspberry_Pi/Pico_SDK_v1.5.1/pico-sdk/src/common/pico_time/time.c.obj
 *fill*         0x1000c55e        0x2 
 .text.add_alarm_under_lock
                0x1000c560      0x174 CMakeFiles/GCULTIMATE_R4K_RP2040.dir/C_/Program_Files/Raspberry_Pi/Pico_SDK_v1.5.1/pico-sdk/src/common/pico_time/time.c.obj
 .text.alarm_pool_alarm_callback
                0x1000c6d4      0x33c CMakeFiles/GCULTIMATE_R4K_RP2040.dir/C_/Program_Files/Raspberry_Pi/Pico_SDK_v1.5.1/pico-sdk/src/common/pico_time/time.c.obj
 .text.alarm_pool_init_default
                0x1000ca10       0x40 CMakeFiles/GCULTIMATE_R4K_RP2040.dir/C_/Program_Files/Raspberry_Pi/Pico_SDK_v1.5.1/pico-sdk/src/common/pico_time/time.c.obj
                0x1000ca10                alarm_pool_init_default
 .text.alarm_pool_get_default
                0x1000ca50       0x2c CMakeFiles/GCULTIMATE_R4K_RP2040.dir/C_/Program_Files/Raspberry_Pi/Pico_SDK_v1.5.1/pico-sdk/src/common/pico_time/time.c.obj
                0x1000ca50                alarm_pool_get_default
 .text.alarm_pool_add_alarm_at
                0x1000ca7c      0x168 CMakeFiles/GCULTIMATE_R4K_RP2040.dir/C_/Program_Files/Raspberry_Pi/Pico_SDK_v1.5.1/pico-sdk/src/common/pico_time/time.c.obj
                0x1000ca7c                alarm_pool_add_alarm_at
 .text.alarm_pool_cancel_alarm
                0x1000cbe4       0xf8 CMakeFiles/GCULTIMATE_R4K_RP2040.dir/C_/Program_Files/Raspberry_Pi/Pico_SDK_v1.5.1/pico-sdk/src/common/pico_time/time.c.obj
                0x1000cbe4                alarm_pool_cancel_alarm
 .text.sleep_until
                0x1000ccdc       0xfc CMakeFiles/GCULTIMATE_R4K_RP2040.dir/C_/Program_Files/Raspberry_Pi/Pico_SDK_v1.5.1/pico-sdk/src/common/pico_time/time.c.obj
                0x1000ccdc                sleep_until
 .text.sleep_us
                0x1000cdd8       0x58 CMakeFiles/GCULTIMATE_R4K_RP2040.dir/C_/Program_Files/Raspberry_Pi/Pico_SDK_v1.5.1/pico-sdk/src/common/pico_time/time.c.obj
                0x1000cdd8                sleep_us
 .text.sleep_ms
                0x1000ce30       0x14 CMakeFiles/GCULTIMATE_R4K_RP2040.dir/C_/Program_Files/Raspberry_Pi/Pico_SDK_v1.5.1/pico-sdk/src/common/pico_time/time.c.obj
                0x1000ce30                sleep_ms
 .text.best_effort_wfe_or_timeout
                0x1000ce44       0xac CMakeFiles/GCULTIMATE_R4K_RP2040.dir/C_/Program_Files/Raspberry_Pi/Pico_SDK_v1.5.1/pico-sdk/src/common/pico_time/time.c.obj
                0x1000ce44                best_effort_wfe_or_timeout
 .text.check_single_timeout_us
                0x1000cef0       0x2c CMakeFiles/GCULTIMATE_R4K_RP2040.dir/C_/Program_Files/Raspberry_Pi/Pico_SDK_v1.5.1/pico-sdk/src/common/pico_time/timeout_helper.c.obj
 .text.init_single_timeout_until
                0x1000cf1c        0xc CMakeFiles/GCULTIMATE_R4K_RP2040.dir/C_/Program_Files/Raspberry_Pi/Pico_SDK_v1.5.1/pico-sdk/src/common/pico_time/timeout_helper.c.obj
                0x1000cf1c                init_single_timeout_until
 .text.hardware_alarm_irq_handler
                0x1000cf28       0x90 CMakeFiles/GCULTIMATE_R4K_RP2040.dir/C_/Program_Files/Raspberry_Pi/Pico_SDK_v1.5.1/pico-sdk/src/rp2_common/hardware_timer/timer.c.obj
 .text.hardware_alarm_claim
                0x1000cfb8       0x18 CMakeFiles/GCULTIMATE_R4K_RP2040.dir/C_/Program_Files/Raspberry_Pi/Pico_SDK_v1.5.1/pico-sdk/src/rp2_common/hardware_timer/timer.c.obj
                0x1000cfb8                hardware_alarm_claim
 .text.time_us_64
                0x1000cfd0       0x18 CMakeFiles/GCULTIMATE_R4K_RP2040.dir/C_/Program_Files/Raspberry_Pi/Pico_SDK_v1.5.1/pico-sdk/src/rp2_common/hardware_timer/timer.c.obj
                0x1000cfd0                time_us_64
 .text.busy_wait_until
                0x1000cfe8       0x28 CMakeFiles/GCULTIMATE_R4K_RP2040.dir/C_/Program_Files/Raspberry_Pi/Pico_SDK_v1.5.1/pico-sdk/src/rp2_common/hardware_timer/timer.c.obj
                0x1000cfe8                busy_wait_until
 .text.hardware_alarm_set_callback
                0x1000d010       0x90 CMakeFiles/GCULTIMATE_R4K_RP2040.dir/C_/Program_Files/Raspberry_Pi/Pico_SDK_v1.5.1/pico-sdk/src/rp2_common/hardware_timer/timer.c.obj
                0x1000d010                hardware_alarm_set_callback
 .text.hardware_alarm_set_target
                0x1000d0a0       0xe8 CMakeFiles/GCULTIMATE_R4K_RP2040.dir/C_/Program_Files/Raspberry_Pi/Pico_SDK_v1.5.1/pico-sdk/src/rp2_common/hardware_timer/timer.c.obj
                0x1000d0a0                hardware_alarm_set_target
 .text.hardware_alarm_cancel
                0x1000d188       0x40 CMakeFiles/GCULTIMATE_R4K_RP2040.dir/C_/Program_Files/Raspberry_Pi/Pico_SDK_v1.5.1/pico-sdk/src/rp2_common/hardware_timer/timer.c.obj
                0x1000d188                hardware_alarm_cancel
 .text.ph_add_child_node
                0x1000d1c8       0xa4 CMakeFiles/GCULTIMATE_R4K_RP2040.dir/C_/Program_Files/Raspberry_Pi/Pico_SDK_v1.5.1/pico-sdk/src/common/pico_util/pheap.c.obj
 .text.ph_merge_nodes
                0x1000d26c       0x3e CMakeFiles/GCULTIMATE_R4K_RP2040.dir/C_/Program_Files/Raspberry_Pi/Pico_SDK_v1.5.1/pico-sdk/src/common/pico_util/pheap.c.obj
 *fill*         0x1000d2aa        0x2 
 .text.ph_clear
                0x1000d2ac       0x70 CMakeFiles/GCULTIMATE_R4K_RP2040.dir/C_/Program_Files/Raspberry_Pi/Pico_SDK_v1.5.1/pico-sdk/src/common/pico_util/pheap.c.obj
                0x1000d2ac                ph_clear
 .text.ph_post_alloc_init
                0x1000d31c        0xe CMakeFiles/GCULTIMATE_R4K_RP2040.dir/C_/Program_Files/Raspberry_Pi/Pico_SDK_v1.5.1/pico-sdk/src/common/pico_util/pheap.c.obj
                0x1000d31c                ph_post_alloc_init
 *fill*         0x1000d32a        0x2 
 .text.ph_merge_two_pass
                0x1000d32c       0xa8 CMakeFiles/GCULTIMATE_R4K_RP2040.dir/C_/Program_Files/Raspberry_Pi/Pico_SDK_v1.5.1/pico-sdk/src/common/pico_util/pheap.c.obj
                0x1000d32c                ph_merge_two_pass
 .text.ph_remove_any_head
                0x1000d3d4      0x128 CMakeFiles/GCULTIMATE_R4K_RP2040.dir/C_/Program_Files/Raspberry_Pi/Pico_SDK_v1.5.1/pico-sdk/src/common/pico_util/pheap.c.obj
 .text.ph_remove_head
                0x1000d4fc       0x14 CMakeFiles/GCULTIMATE_R4K_RP2040.dir/C_/Program_Files/Raspberry_Pi/Pico_SDK_v1.5.1/pico-sdk/src/common/pico_util/pheap.c.obj
                0x1000d4fc                ph_remove_head
 .text.ph_remove_and_free_node
                0x1000d510       0xf8 CMakeFiles/GCULTIMATE_R4K_RP2040.dir/C_/Program_Files/Raspberry_Pi/Pico_SDK_v1.5.1/pico-sdk/src/common/pico_util/pheap.c.obj
                0x1000d510                ph_remove_and_free_node
 .text.clock_configure
                0x1000d608      0x108 CMakeFiles/GCULTIMATE_R4K_RP2040.dir/C_/Program_Files/Raspberry_Pi/Pico_SDK_v1.5.1/pico-sdk/src/rp2_common/hardware_clocks/clocks.c.obj
                0x1000d608                clock_configure
 .text.clocks_init
                0x1000d710      0x100 CMakeFiles/GCULTIMATE_R4K_RP2040.dir/C_/Program_Files/Raspberry_Pi/Pico_SDK_v1.5.1/pico-sdk/src/rp2_common/hardware_clocks/clocks.c.obj
                0x1000d710                clocks_init
 .text.clock_get_hz
                0x1000d810        0xc CMakeFiles/GCULTIMATE_R4K_RP2040.dir/C_/Program_Files/Raspberry_Pi/Pico_SDK_v1.5.1/pico-sdk/src/rp2_common/hardware_clocks/clocks.c.obj
                0x1000d810                clock_get_hz
 .text.frequency_count_khz
                0x1000d81c       0x40 CMakeFiles/GCULTIMATE_R4K_RP2040.dir/C_/Program_Files/Raspberry_Pi/Pico_SDK_v1.5.1/pico-sdk/src/rp2_common/hardware_clocks/clocks.c.obj
                0x1000d81c                frequency_count_khz
 .text.pll_init
                0x1000d85c      0x120 CMakeFiles/GCULTIMATE_R4K_RP2040.dir/C_/Program_Files/Raspberry_Pi/Pico_SDK_v1.5.1/pico-sdk/src/rp2_common/hardware_pll/pll.c.obj
                0x1000d85c                pll_init
 .text.watchdog_start_tick
                0x1000d97c       0x10 CMakeFiles/GCULTIMATE_R4K_RP2040.dir/C_/Program_Files/Raspberry_Pi/Pico_SDK_v1.5.1/pico-sdk/src/rp2_common/hardware_watchdog/watchdog.c.obj
                0x1000d97c                watchdog_start_tick
 .text.watchdog_update
                0x1000d98c       0x14 CMakeFiles/GCULTIMATE_R4K_RP2040.dir/C_/Program_Files/Raspberry_Pi/Pico_SDK_v1.5.1/pico-sdk/src/rp2_common/hardware_watchdog/watchdog.c.obj
                0x1000d98c                watchdog_update
 .text._watchdog_enable
                0x1000d9a0       0x78 CMakeFiles/GCULTIMATE_R4K_RP2040.dir/C_/Program_Files/Raspberry_Pi/Pico_SDK_v1.5.1/pico-sdk/src/rp2_common/hardware_watchdog/watchdog.c.obj
                0x1000d9a0                _watchdog_enable
 .text.watchdog_enable
                0x1000da18       0x18 CMakeFiles/GCULTIMATE_R4K_RP2040.dir/C_/Program_Files/Raspberry_Pi/Pico_SDK_v1.5.1/pico-sdk/src/rp2_common/hardware_watchdog/watchdog.c.obj
                0x1000da18                watchdog_enable
 .text.watchdog_reboot
                0x1000da30       0x48 CMakeFiles/GCULTIMATE_R4K_RP2040.dir/C_/Program_Files/Raspberry_Pi/Pico_SDK_v1.5.1/pico-sdk/src/rp2_common/hardware_watchdog/watchdog.c.obj
                0x1000da30                watchdog_reboot
 .text.xosc_init
                0x1000da78       0x2c CMakeFiles/GCULTIMATE_R4K_RP2040.dir/C_/Program_Files/Raspberry_Pi/Pico_SDK_v1.5.1/pico-sdk/src/rp2_common/hardware_xosc/xosc.c.obj
                0x1000da78                xosc_init
 .text._exit    0x1000daa4        0x4 CMakeFiles/GCULTIMATE_R4K_RP2040.dir/C_/Program_Files/Raspberry_Pi/Pico_SDK_v1.5.1/pico-sdk/src/rp2_common/pico_runtime/runtime.c.obj
                0x1000daa4                _exit
 .text.exit     0x1000daa8        0x6 CMakeFiles/GCULTIMATE_R4K_RP2040.dir/C_/Program_Files/Raspberry_Pi/Pico_SDK_v1.5.1/pico-sdk/src/rp2_common/pico_runtime/runtime.c.obj
                0x1000daa8                exit
 *fill*         0x1000daae        0x2 
 .text.__assert_func
                0x1000dab0       0x3c CMakeFiles/GCULTIMATE_R4K_RP2040.dir/C_/Program_Files/Raspberry_Pi/Pico_SDK_v1.5.1/pico-sdk/src/rp2_common/pico_runtime/runtime.c.obj
                0x1000dab0                __assert_func
 .text.runtime_init
                0x1000daec       0xf8 CMakeFiles/GCULTIMATE_R4K_RP2040.dir/C_/Program_Files/Raspberry_Pi/Pico_SDK_v1.5.1/pico-sdk/src/rp2_common/pico_runtime/runtime.c.obj
                0x1000daec                runtime_init
 .text.panic    0x1000dbe4       0x30 CMakeFiles/GCULTIMATE_R4K_RP2040.dir/C_/Program_Files/Raspberry_Pi/Pico_SDK_v1.5.1/pico-sdk/src/rp2_common/pico_runtime/runtime.c.obj
                0x1000dbe4                panic
 .text._out_null
                0x1000dc14        0x2 CMakeFiles/GCULTIMATE_R4K_RP2040.dir/C_/Program_Files/Raspberry_Pi/Pico_SDK_v1.5.1/pico-sdk/src/rp2_common/pico_printf/printf.c.obj
 .text._out_fct
                0x1000dc16        0xe CMakeFiles/GCULTIMATE_R4K_RP2040.dir/C_/Program_Files/Raspberry_Pi/Pico_SDK_v1.5.1/pico-sdk/src/rp2_common/pico_printf/printf.c.obj
 .text._atoi    0x1000dc24       0x24 CMakeFiles/GCULTIMATE_R4K_RP2040.dir/C_/Program_Files/Raspberry_Pi/Pico_SDK_v1.5.1/pico-sdk/src/rp2_common/pico_printf/printf.c.obj
 .text._out_rev
                0x1000dc48       0xae CMakeFiles/GCULTIMATE_R4K_RP2040.dir/C_/Program_Files/Raspberry_Pi/Pico_SDK_v1.5.1/pico-sdk/src/rp2_common/pico_printf/printf.c.obj
 .text._ntoa_format
                0x1000dcf6      0x112 CMakeFiles/GCULTIMATE_R4K_RP2040.dir/C_/Program_Files/Raspberry_Pi/Pico_SDK_v1.5.1/pico-sdk/src/rp2_common/pico_printf/printf.c.obj
 .text._ntoa_long
                0x1000de08       0xbc CMakeFiles/GCULTIMATE_R4K_RP2040.dir/C_/Program_Files/Raspberry_Pi/Pico_SDK_v1.5.1/pico-sdk/src/rp2_common/pico_printf/printf.c.obj
 .text._ntoa_long_long
                0x1000dec4       0xe2 CMakeFiles/GCULTIMATE_R4K_RP2040.dir/C_/Program_Files/Raspberry_Pi/Pico_SDK_v1.5.1/pico-sdk/src/rp2_common/pico_printf/printf.c.obj
 *fill*         0x1000dfa6        0x2 
 .text._etoa    0x1000dfa8      0x414 CMakeFiles/GCULTIMATE_R4K_RP2040.dir/C_/Program_Files/Raspberry_Pi/Pico_SDK_v1.5.1/pico-sdk/src/rp2_common/pico_printf/printf.c.obj
 .text._ftoa    0x1000e3bc      0x354 CMakeFiles/GCULTIMATE_R4K_RP2040.dir/C_/Program_Files/Raspberry_Pi/Pico_SDK_v1.5.1/pico-sdk/src/rp2_common/pico_printf/printf.c.obj
 .text._vsnprintf
                0x1000e710      0x624 CMakeFiles/GCULTIMATE_R4K_RP2040.dir/C_/Program_Files/Raspberry_Pi/Pico_SDK_v1.5.1/pico-sdk/src/rp2_common/pico_printf/printf.c.obj
 .text.vfctprintf
                0x1000ed34       0x20 CMakeFiles/GCULTIMATE_R4K_RP2040.dir/C_/Program_Files/Raspberry_Pi/Pico_SDK_v1.5.1/pico-sdk/src/rp2_common/pico_printf/printf.c.obj
                0x1000ed34                vfctprintf
 .text          0x1000ed54       0x10 CMakeFiles/GCULTIMATE_R4K_RP2040.dir/C_/Program_Files/Raspberry_Pi/Pico_SDK_v1.5.1/pico-sdk/src/rp2_common/pico_bit_ops/bit_ops_aeabi.S.obj
 .text.rom_func_lookup
                0x1000ed64       0x10 CMakeFiles/GCULTIMATE_R4K_RP2040.dir/C_/Program_Files/Raspberry_Pi/Pico_SDK_v1.5.1/pico-sdk/src/rp2_common/pico_bootrom/bootrom.c.obj
                0x1000ed64                rom_func_lookup
 .text.rom_data_lookup
                0x1000ed74       0x10 CMakeFiles/GCULTIMATE_R4K_RP2040.dir/C_/Program_Files/Raspberry_Pi/Pico_SDK_v1.5.1/pico-sdk/src/rp2_common/pico_bootrom/bootrom.c.obj
                0x1000ed74                rom_data_lookup
 .text.rom_funcs_lookup
                0x1000ed84       0x36 CMakeFiles/GCULTIMATE_R4K_RP2040.dir/C_/Program_Files/Raspberry_Pi/Pico_SDK_v1.5.1/pico-sdk/src/rp2_common/pico_bootrom/bootrom.c.obj
                0x1000ed84                rom_funcs_lookup
 *fill*         0x1000edba        0x2 
 .text.__wrap___aeabi_idiv
                0x1000edbc       0x50 CMakeFiles/GCULTIMATE_R4K_RP2040.dir/C_/Program_Files/Raspberry_Pi/Pico_SDK_v1.5.1/pico-sdk/src/rp2_common/pico_divider/divider.S.obj
                0x1000edbc                __wrap___aeabi_idivmod
                0x1000edbc                divmod_s32s32
                0x1000edbc                div_s32s32
                0x1000edbc                __wrap___aeabi_idiv
                0x1000edc4                divmod_s32s32_unsafe
                0x1000edf0                divmod_s32s32_savestate
 .text.__wrap___aeabi_uidiv
                0x1000ee0c       0x4c CMakeFiles/GCULTIMATE_R4K_RP2040.dir/C_/Program_Files/Raspberry_Pi/Pico_SDK_v1.5.1/pico-sdk/src/rp2_common/pico_divider/divider.S.obj
                0x1000ee0c                __wrap___aeabi_uidiv
                0x1000ee0c                __wrap___aeabi_uidivmod
                0x1000ee0c                div_u32u32
                0x1000ee0c                divmod_u32u32
                0x1000ee14                divmod_u32u32_unsafe
                0x1000ee3c                divmod_u32u32_savestate
 .text.__wrap___aeabi_ldiv
                0x1000ee58      0x424 CMakeFiles/GCULTIMATE_R4K_RP2040.dir/C_/Program_Files/Raspberry_Pi/Pico_SDK_v1.5.1/pico-sdk/src/rp2_common/pico_divider/divider.S.obj
                0x1000ee58                div_s64s64
                0x1000ee58                divmod_s64s64
                0x1000ee58                __wrap___aeabi_ldivmod
                0x1000ee88                divmod_u64u64
                0x1000ee88                div_u64u64
                0x1000ee88                __wrap___aeabi_uldivmod
                0x1000ee98                divmod_u64u64_savestate
                0x1000eeb8                divmod_s64s64_unsafe
                0x1000ef40                divmod_u64u64_unsafe
 .text.push_r8_r11
                0x1000f27c        0xc CMakeFiles/GCULTIMATE_R4K_RP2040.dir/C_/Program_Files/Raspberry_Pi/Pico_SDK_v1.5.1/pico-sdk/src/rp2_common/pico_double/double_aeabi.S.obj
                0x1000f27c                push_r8_r11
 .text.pop_r8_r11
                0x1000f288        0xc CMakeFiles/GCULTIMATE_R4K_RP2040.dir/C_/Program_Files/Raspberry_Pi/Pico_SDK_v1.5.1/pico-sdk/src/rp2_common/pico_double/double_aeabi.S.obj
                0x1000f288                pop_r8_r11
 .text.__wrap___aeabi_darithmetic
                0x1000f294       0x80 CMakeFiles/GCULTIMATE_R4K_RP2040.dir/C_/Program_Files/Raspberry_Pi/Pico_SDK_v1.5.1/pico-sdk/src/rp2_common/pico_double/double_aeabi.S.obj
                0x1000f294                __wrap___aeabi_drsub
                0x1000f29a                __wrap___aeabi_dsub
                0x1000f2ac                __wrap___aeabi_dadd
                0x1000f2be                __wrap___aeabi_ddiv
                0x1000f2fa                __wrap___aeabi_dmul
 .text.__wrap___aeabi_cdcmple
                0x1000f314       0x6c CMakeFiles/GCULTIMATE_R4K_RP2040.dir/C_/Program_Files/Raspberry_Pi/Pico_SDK_v1.5.1/pico-sdk/src/rp2_common/pico_double/double_aeabi.S.obj
                0x1000f314                __wrap___aeabi_cdrcmple
                0x1000f324                __wrap___aeabi_cdcmpeq
                0x1000f324                __wrap___aeabi_cdcmple
 .text.__wrap___aeabi_dcmplt
                0x1000f380        0xc CMakeFiles/GCULTIMATE_R4K_RP2040.dir/C_/Program_Files/Raspberry_Pi/Pico_SDK_v1.5.1/pico-sdk/src/rp2_common/pico_double/double_aeabi.S.obj
                0x1000f380                __wrap___aeabi_dcmplt
 .text.__wrap___aeabi_dcmple
                0x1000f38c       0x10 CMakeFiles/GCULTIMATE_R4K_RP2040.dir/C_/Program_Files/Raspberry_Pi/Pico_SDK_v1.5.1/pico-sdk/src/rp2_common/pico_double/double_aeabi.S.obj