Archive member included to satisfy reference by file (symbol)

c:/progra~1/raspbe~1/picosd~1.1/gcc-ar~1/bin/../lib/gcc/arm-none-eabi/10.3.1/../../../../arm-none-eabi/lib/thumb/v6-m/nofp\libm.a(lib_a-s_fmin.o)
                              CMakeFiles/GCULTIMATE_R4K_RP2040.dir/lib/HOJA-LIB-RP2040/src/input/stick_scaling.c.obj (fmin)
c:/progra~1/raspbe~1/picosd~1.1/gcc-ar~1/bin/../lib/gcc/arm-none-eabi/10.3.1/../../../../arm-none-eabi/lib/thumb/v6-m/nofp\libm.a(lib_a-s_fpclassify.o)
                              c:/progra~1/raspbe~1/picosd~1.1/gcc-ar~1/bin/../lib/gcc/arm-none-eabi/10.3.1/../../../../arm-none-eabi/lib/thumb/v6-m/nofp\libm.a(lib_a-s_fmin.o) (__fpclassifyd)
c:/progra~1/raspbe~1/picosd~1.1/gcc-ar~1/bin/../lib/gcc/arm-none-eabi/10.3.1/thumb/v6-m/nofp\libgcc.a(_dvmd_tls.o)
                              CMakeFiles/GCULTIMATE_R4K_RP2040.dir/C_/Program_Files/Raspberry_Pi/Pico_SDK_v1.5.1/pico-sdk/src/rp2_common/pico_divider/divider.S.obj (__aeabi_idiv0)
c:/progra~1/raspbe~1/picosd~1.1/gcc-ar~1/bin/../lib/gcc/arm-none-eabi/10.3.1/../../../../arm-none-eabi/lib/thumb/v6-m/nofp\libg.a(lib_a-calloc.o)
                              CMakeFiles/GCULTIMATE_R4K_RP2040.dir/C_/Program_Files/Raspberry_Pi/Pico_SDK_v1.5.1/pico-sdk/src/rp2_common/pico_malloc/pico_malloc.c.obj (calloc)
c:/progra~1/raspbe~1/picosd~1.1/gcc-ar~1/bin/../lib/gcc/arm-none-eabi/10.3.1/../../../../arm-none-eabi/lib/thumb/v6-m/nofp\libg.a(lib_a-callocr.o)
                              c:/progra~1/raspbe~1/picosd~1.1/gcc-ar~1/bin/../lib/gcc/arm-none-eabi/10.3.1/../../../../arm-none-eabi/lib/thumb/v6-m/nofp\libg.a(lib_a-calloc.o) (_calloc_r)
c:/progra~1/raspbe~1/picosd~1.1/gcc-ar~1/bin/../lib/gcc/arm-none-eabi/10.3.1/../../../../arm-none-eabi/lib/thumb/v6-m/nofp\libg.a(lib_a-errno.o)
                              c:/progra~1/raspbe~1/picosd~1.1/gcc-ar~1/bin/../lib/gcc/arm-none-eabi/10.3.1/../../../../arm-none-eabi/lib/thumb/v6-m/nofp\libg.a(lib_a-callocr.o) (__errno)
c:/progra~1/raspbe~1/picosd~1.1/gcc-ar~1/bin/../lib/gcc/arm-none-eabi/10.3.1/../../../../arm-none-eabi/lib/thumb/v6-m/nofp\libg.a(lib_a-impure.o)
                              c:/progra~1/raspbe~1/picosd~1.1/gcc-ar~1/bin/../lib/gcc/arm-none-eabi/10.3.1/../../../../arm-none-eabi/lib/thumb/v6-m/nofp\libg.a(lib_a-calloc.o) (_impure_ptr)
c:/progra~1/raspbe~1/picosd~1.1/gcc-ar~1/bin/../lib/gcc/arm-none-eabi/10.3.1/../../../../arm-none-eabi/lib/thumb/v6-m/nofp\libg.a(lib_a-init.o)
                              c:/progra~1/raspbe~1/picosd~1.1/gcc-ar~1/bin/../lib/gcc/arm-none-eabi/10.3.1/../../../../arm-none-eabi/lib/thumb/v6-m/nofp/crt0.o (__libc_init_array)
c:/progra~1/raspbe~1/picosd~1.1/gcc-ar~1/bin/../lib/gcc/arm-none-eabi/10.3.1/../../../../arm-none-eabi/lib/thumb/v6-m/nofp\libg.a(lib_a-malloc.o)
                              CMakeFiles/GCULTIMATE_R4K_RP2040.dir/C_/Program_Files/Raspberry_Pi/Pico_SDK_v1.5.1/pico-sdk/src/rp2_common/pico_malloc/pico_malloc.c.obj (malloc)
c:/progra~1/raspbe~1/picosd~1.1/gcc-ar~1/bin/../lib/gcc/arm-none-eabi/10.3.1/../../../../arm-none-eabi/lib/thumb/v6-m/nofp\libg.a(lib_a-mallocr.o)
                              c:/progra~1/raspbe~1/picosd~1.1/gcc-ar~1/bin/../lib/gcc/arm-none-eabi/10.3.1/../../../../arm-none-eabi/lib/thumb/v6-m/nofp\libg.a(lib_a-callocr.o) (_malloc_r)
c:/progra~1/raspbe~1/picosd~1.1/gcc-ar~1/bin/../lib/gcc/arm-none-eabi/10.3.1/../../../../arm-none-eabi/lib/thumb/v6-m/nofp\libg.a(lib_a-mlock.o)
                              c:/progra~1/raspbe~1/picosd~1.1/gcc-ar~1/bin/../lib/gcc/arm-none-eabi/10.3.1/../../../../arm-none-eabi/lib/thumb/v6-m/nofp\libg.a(lib_a-mallocr.o) (__malloc_lock)
c:/progra~1/raspbe~1/picosd~1.1/gcc-ar~1/bin/../lib/gcc/arm-none-eabi/10.3.1/../../../../arm-none-eabi/lib/thumb/v6-m/nofp\libg.a(lib_a-realloc.o)
                              CMakeFiles/GCULTIMATE_R4K_RP2040.dir/C_/Program_Files/Raspberry_Pi/Pico_SDK_v1.5.1/pico-sdk/src/rp2_common/pico_malloc/pico_malloc.c.obj (realloc)
c:/progra~1/raspbe~1/picosd~1.1/gcc-ar~1/bin/../lib/gcc/arm-none-eabi/10.3.1/../../../../arm-none-eabi/lib/thumb/v6-m/nofp\libg.a(lib_a-reallocr.o)
                              c:/progra~1/raspbe~1/picosd~1.1/gcc-ar~1/bin/../lib/gcc/arm-none-eabi/10.3.1/../../../../arm-none-eabi/lib/thumb/v6-m/nofp\libg.a(lib_a-realloc.o) (_realloc_r)
c:/progra~1/raspbe~1/picosd~1.1/gcc-ar~1/bin/../lib/gcc/arm-none-eabi/10.3.1/../../../../arm-none-eabi/lib/thumb/v6-m/nofp\libg.a(lib_a-sbrkr.o)
                              c:/progra~1/raspbe~1/picosd~1.1/gcc-ar~1/bin/../lib/gcc/arm-none-eabi/10.3.1/../../../../arm-none-eabi/lib/thumb/v6-m/nofp\libg.a(lib_a-mallocr.o) (_sbrk_r)
c:/progra~1/raspbe~1/picosd~1.1/gcc-ar~1/bin/../lib/gcc/arm-none-eabi/10.3.1/../../../../arm-none-eabi/lib/thumb/v6-m/nofp\libg.a(lib_a-strlen-stub.o)
                              CMakeFiles/GCULTIMATE_R4K_RP2040.dir/lib/HOJA-LIB-RP2040/src/usb/hoja_usb.c.obj (strlen)
[...]
Memory Configuration

Name             Origin             Length             Attributes
FLASH            0x10000000         0x00200000         xr
RAM              0x20000000         0x00040000         xrw
SCRATCH_X        0x20040000         0x00001000         xrw
SCRATCH_Y        0x20041000         0x00001000         xrw
*default*        0x00000000         0xffffffff

Linker script and memory map

LOAD c:/progra~1/raspbe~1/picosd~1.1/gcc-ar~1/bin/../lib/gcc/arm-none-eabi/10.3.1/thumb/v6-m/nofp/crti.o
LOAD c:/progra~1/raspbe~1/picosd~1.1/gcc-ar~1/bin/../lib/gcc/arm-none-eabi/10.3.1/thumb/v6-m/nofp/crtbegin.o
LOAD c:/progra~1/raspbe~1/picosd~1.1/gcc-ar~1/bin/../lib/gcc/arm-none-eabi/10.3.1/../../../../arm-none-eabi/lib/thumb/v6-m/nofp/crt0.o

.flash_begin    0x10000000        0x0
                0x10000000                __flash_binary_start = .

.boot2          0x10000000      0x100
                0x10000000                __boot2_start__ = .
 *(.boot2)
 .boot2         0x10000000      0x100 C:\Users\Mitch\AppData\Local\Temp\ccaIxsLi.o
                0x10000100                __boot2_end__ = .
                0x00000001                ASSERT (((__boot2_end__ - __boot2_start__) == 0x100), ERROR: Pico second stage bootloader must be 256 bytes in size)

.text           0x10000100    0x14e70
                0x10000100                __logical_binary_start = .
 *(.vectors)
 .vectors       0x10000100       0xd4 CMakeFiles/GCULTIMATE_R4K_RP2040.dir/C_/Program_Files/Raspberry_Pi/Pico_SDK_v1.5.1/pico-sdk/src/rp2_common/pico_standard_link/crt0.S.obj
                0x10000100                __VECTOR_TABLE
                0x10000100                __vectors
                0x100001c0                isr_invalid
                0x100001c0                __default_isrs_start
                0x100001c2                isr_nmi
                0x100001c4                isr_hardfault
                0x100001c6                isr_svcall
                0x100001c8                isr_pendsv
                0x100001ca                isr_systick
                0x100001cc                isr_irq23
                0x100001cc                isr_irq18
                0x100001cc                isr_irq11
                0x100001cc                isr_irq28
                0x100001cc                isr_irq19
                0x100001cc                isr_irq0
                0x100001cc                isr_irq6
                0x100001cc                isr_irq5
                0x100001cc                isr_irq12
                0x100001cc                isr_irq22
                0x100001cc                isr_irq31
                0x100001cc                isr_irq17
                0x100001cc                isr_irq27
                0x100001cc                isr_irq30
                0x100001cc                isr_irq2
                0x100001cc                isr_irq10
                0x100001cc                isr_irq8
                0x100001cc                isr_irq24
                0x100001cc                isr_irq1
                0x100001cc                isr_irq7
                0x100001cc                isr_irq21
                0x100001cc                isr_irq20
                0x100001cc                isr_irq15
                0x100001cc                isr_irq25
                0x100001cc                isr_irq13
                0x100001cc                __unhandled_user_irq
                0x100001cc                isr_irq4
                0x100001cc                isr_irq16
                0x100001cc                isr_irq29
                0x100001cc                isr_irq26
                0x100001cc                __default_isrs_end
                0x100001cc                isr_irq3
                0x100001cc                isr_irq14
                0x100001cc                isr_irq9
                0x100001d2                unhandled_user_irq_num_in_r0
 *(.binary_info_header)
 .binary_info_header
                0x100001d4       0x14 CMakeFiles/GCULTIMATE_R4K_RP2040.dir/C_/Program_Files/Raspberry_Pi/Pico_SDK_v1.5.1/pico-sdk/src/rp2_common/pico_standard_link/crt0.S.obj
                0x100001e8                __binary_info_header_end = .
 *(.reset)
 .reset         0x100001e8       0xa0 CMakeFiles/GCULTIMATE_R4K_RP2040.dir/C_/Program_Files/Raspberry_Pi/Pico_SDK_v1.5.1/pico-sdk/src/rp2_common/pico_standard_link/crt0.S.obj
                0x100001e8                _entry_point
 .reset         0x10000288       0x30 CMakeFiles/GCULTIMATE_R4K_RP2040.dir/C_/Program_Files/Raspberry_Pi/Pico_SDK_v1.5.1/pico-sdk/src/rp2_common/pico_standard_link/binary_info.c.obj
 *(.init)
 .init          0x100002b8        0x4 c:/progra~1/raspbe~1/picosd~1.1/gcc-ar~1/bin/../lib/gcc/arm-none-eabi/10.3.1/thumb/v6-m/nofp/crti.o
                0x100002b8                _init
 *(EXCLUDE_FILE(*libm.a: *libc.a:*lib_a-mem*.o *libgcc.a:) .text*)
 .text          0x100002bc       0x48 c:/progra~1/raspbe~1/picosd~1.1/gcc-ar~1/bin/../lib/gcc/arm-none-eabi/10.3.1/thumb/v6-m/nofp/crtbegin.o
 .text.adc_gpio_init
                0x10000304       0x1e CMakeFiles/GCULTIMATE_R4K_RP2040.dir/src/main.c.obj
 .text._setup_gpio_pull
                0x10000322       0x20 CMakeFiles/GCULTIMATE_R4K_RP2040.dir/src/main.c.obj
                0x10000322                _setup_gpio_pull
 .text._setup_gpio_scan
                0x10000342       0x1e CMakeFiles/GCULTIMATE_R4K_RP2040.dir/src/main.c.obj
                0x10000342                _setup_gpio_scan
 .text._gpio_put_od
                0x10000360       0x3e CMakeFiles/GCULTIMATE_R4K_RP2040.dir/src/main.c.obj
                0x10000360                _gpio_put_od
 .text.cb_hoja_set_uart_enabled
                0x1000039e       0x46 CMakeFiles/GCULTIMATE_R4K_RP2040.dir/src/main.c.obj
                0x1000039e                cb_hoja_set_uart_enabled
 .text.cb_hoja_set_bluetooth_enabled
                0x100003e4       0x1a CMakeFiles/GCULTIMATE_R4K_RP2040.dir/src/main.c.obj
                0x100003e4                cb_hoja_set_bluetooth_enabled
 *fill*         0x100003fe        0x2 
 .text.cb_hoja_hardware_setup
                0x10000400       0xa4 CMakeFiles/GCULTIMATE_R4K_RP2040.dir/src/main.c.obj
                0x10000400                cb_hoja_hardware_setup
 .text.cb_hoja_read_buttons
                0x100004a4      0x2f4 CMakeFiles/GCULTIMATE_R4K_RP2040.dir/src/main.c.obj
                0x100004a4                cb_hoja_read_buttons
 .text.cb_hoja_read_analog
                0x10000798      0x104 CMakeFiles/GCULTIMATE_R4K_RP2040.dir/src/main.c.obj
                0x10000798                cb_hoja_read_analog
 .text.cb_hoja_task_0_hook
                0x1000089c        0x8 CMakeFiles/GCULTIMATE_R4K_RP2040.dir/src/main.c.obj
                0x1000089c                cb_hoja_task_0_hook
 .text.cb_hoja_baseband_update_loop
                0x100008a4       0x60 CMakeFiles/GCULTIMATE_R4K_RP2040.dir/src/main.c.obj
                0x100008a4                cb_hoja_baseband_update_loop
 .text.main     0x10000904       0xc8 CMakeFiles/GCULTIMATE_R4K_RP2040.dir/src/main.c.obj
                0x10000904                main
 .text.clamp_rumble_lo
                0x100009cc       0x7c CMakeFiles/GCULTIMATE_R4K_RP2040.dir/src/app_rumble_dualhaptic.c.obj
                0x100009cc                clamp_rumble_lo
 .text.clamp_rumble_hi
                0x10000a48       0x7c CMakeFiles/GCULTIMATE_R4K_RP2040.dir/src/app_rumble_dualhaptic.c.obj
                0x10000a48                clamp_rumble_hi
 .text.sine_table_init
                0x10000ac4       0x48 CMakeFiles/GCULTIMATE_R4K_RP2040.dir/src/app_rumble_dualhaptic.c.obj
                0x10000ac4                sine_table_init
 .text.generate_sine_wave
                0x10000b0c      0x2c8 CMakeFiles/GCULTIMATE_R4K_RP2040.dir/src/app_rumble_dualhaptic.c.obj
                0x10000b0c                generate_sine_wave
 .text.audio_init
                0x10000dd4      0x4cc CMakeFiles/GCULTIMATE_R4K_RP2040.dir/src/app_rumble_dualhaptic.c.obj
                0x10000dd4                audio_init
 .text.cb_hoja_rumble_init
                0x100012a0       0x60 CMakeFiles/GCULTIMATE_R4K_RP2040.dir/src/app_rumble_dualhaptic.c.obj
                0x100012a0                cb_hoja_rumble_init
 .text.app_rumble_task
                0x10001300       0x40 CMakeFiles/GCULTIMATE_R4K_RP2040.dir/src/app_rumble_dualhaptic.c.obj
                0x10001300                app_rumble_task
 .text.cb_hoja_rumble_test
                0x10001340       0x68 CMakeFiles/GCULTIMATE_R4K_RP2040.dir/src/app_rumble_dualhaptic.c.obj
                0x10001340                cb_hoja_rumble_test
 .text._app_imu_concat_16
                0x100013a8        0x8 CMakeFiles/GCULTIMATE_R4K_RP2040.dir/src/app_imu.c.obj
                0x100013a8                _app_imu_concat_16
 .text._app_imu_write_register
                0x100013b0       0x44 CMakeFiles/GCULTIMATE_R4K_RP2040.dir/src/app_imu.c.obj
                0x100013b0                _app_imu_write_register
 .text.cb_hoja_read_imu
                0x100013f4      0x178 CMakeFiles/GCULTIMATE_R4K_RP2040.dir/src/app_imu.c.obj
                0x100013f4                cb_hoja_read_imu
 .text.app_imu_init
                0x1000156c       0x34 CMakeFiles/GCULTIMATE_R4K_RP2040.dir/src/app_imu.c.obj
                0x1000156c                app_imu_init
 .text._hwtest_pinok
                0x100015a0       0x7c CMakeFiles/GCULTIMATE_R4K_RP2040.dir/src/app_hwtest.c.obj
                0x100015a0                _hwtest_pinok
 .text._hwtest_data
                0x1000161c        0xa CMakeFiles/GCULTIMATE_R4K_RP2040.dir/src/app_hwtest.c.obj
                0x1000161c                _hwtest_data
 .text._hwtest_latch
                0x10001626        0xa CMakeFiles/GCULTIMATE_R4K_RP2040.dir/src/app_hwtest.c.obj
                0x10001626                _hwtest_latch
 .text._hwtest_clock
                0x10001630        0xa CMakeFiles/GCULTIMATE_R4K_RP2040.dir/src/app_hwtest.c.obj
                0x10001630                _hwtest_clock
 .text._hwtest_bluetooth
                0x1000163a       0x20 CMakeFiles/GCULTIMATE_R4K_RP2040.dir/src/app_hwtest.c.obj
                0x1000163a                _hwtest_bluetooth
 .text._hwtest_battery
                0x1000165a        0x8 CMakeFiles/GCULTIMATE_R4K_RP2040.dir/src/app_hwtest.c.obj
                0x1000165a                _hwtest_battery
 .text._hwtest_imu
                0x10001662        0x4 CMakeFiles/GCULTIMATE_R4K_RP2040.dir/src/app_hwtest.c.obj
                0x10001662                _hwtest_imu
 *fill*         0x10001666        0x2 
 .text._hwtest_analog
                0x10001668      0x130 CMakeFiles/GCULTIMATE_R4K_RP2040.dir/src/app_hwtest.c.obj
                0x10001668                _hwtest_analog
 .text._hwtest_rumble
                0x10001798        0xa CMakeFiles/GCULTIMATE_R4K_RP2040.dir/src/app_hwtest.c.obj
                0x10001798                _hwtest_rumble
 .text._hwtest_rgb
                0x100017a2        0x4 CMakeFiles/GCULTIMATE_R4K_RP2040.dir/src/app_hwtest.c.obj
                0x100017a2                _hwtest_rgb
 .text.cb_hoja_hardware_test
                0x100017a6       0xaa CMakeFiles/GCULTIMATE_R4K_RP2040.dir/src/app_hwtest.c.obj
                0x100017a6                cb_hoja_hardware_test
 .text.cb_hoja_task_1_hook
                0x10001850        0x2 CMakeFiles/GCULTIMATE_R4K_RP2040.dir/lib/HOJA-LIB-RP2040/src/hoja.c.obj
                0x10001850                cb_hoja_task_1_hook
 *fill*         0x10001852        0x2 
 .text.hoja_get_rumble_settings
                0x10001854       0x18 CMakeFiles/GCULTIMATE_R4K_RP2040.dir/lib/HOJA-LIB-RP2040/src/hoja.c.obj
                0x10001854                hoja_get_rumble_settings
 .text.hoja_get_input_method
                0x1000186c        0xc CMakeFiles/GCULTIMATE_R4K_RP2040.dir/lib/HOJA-LIB-RP2040/src/hoja.c.obj
                0x1000186c                hoja_get_input_method
 .text._hoja_set_idle_state
                0x10001878       0xc0 CMakeFiles/GCULTIMATE_R4K_RP2040.dir/lib/HOJA-LIB-RP2040/src/hoja.c.obj
                0x10001878                _hoja_set_idle_state
 .text.hoja_get_idle_state
                0x10001938        0xc CMakeFiles/GCULTIMATE_R4K_RP2040.dir/lib/HOJA-LIB-RP2040/src/hoja.c.obj
                0x10001938                hoja_get_idle_state
 .text.hoja_set_baseband_update
                0x10001944       0x28 CMakeFiles/GCULTIMATE_R4K_RP2040.dir/lib/HOJA-LIB-RP2040/src/hoja.c.obj
                0x10001944                hoja_set_baseband_update
 .text.hoja_shutdown_instant
                0x1000196c       0x1a CMakeFiles/GCULTIMATE_R4K_RP2040.dir/lib/HOJA-LIB-RP2040/src/hoja.c.obj
                0x1000196c                hoja_shutdown_instant
 *fill*         0x10001986        0x2 
 .text.hoja_get_timestamp
                0x10001988       0x34 CMakeFiles/GCULTIMATE_R4K_RP2040.dir/lib/HOJA-LIB-RP2040/src/hoja.c.obj
                0x10001988                hoja_get_timestamp
 .text.hoja_core1_sleep_us
                0x100019bc       0x2a CMakeFiles/GCULTIMATE_R4K_RP2040.dir/lib/HOJA-LIB-RP2040/src/hoja.c.obj
                0x100019bc                hoja_core1_sleep_us
 *fill*         0x100019e6        0x2 
 .text._hoja_task_1
                0x100019e8       0x28 CMakeFiles/GCULTIMATE_R4K_RP2040.dir/lib/HOJA-LIB-RP2040/src/hoja.c.obj
                0x100019e8                _hoja_task_1
 .text.hoja_deinit
                0x10001a10       0x34 CMakeFiles/GCULTIMATE_R4K_RP2040.dir/lib/HOJA-LIB-RP2040/src/hoja.c.obj
                0x10001a10                hoja_deinit
 .text.hoja_shutdown
                0x10001a44       0x1c CMakeFiles/GCULTIMATE_R4K_RP2040.dir/lib/HOJA-LIB-RP2040/src/hoja.c.obj
                0x10001a44                hoja_shutdown
 .text._hoja_task_0
                0x10001a60       0xd0 CMakeFiles/GCULTIMATE_R4K_RP2040.dir/lib/HOJA-LIB-RP2040/src/hoja.c.obj
                0x10001a60                _hoja_task_0
 .text.hoja_init
                0x10001b30      0x240 CMakeFiles/GCULTIMATE_R4K_RP2040.dir/lib/HOJA-LIB-RP2040/src/hoja.c.obj
                0x10001b30                hoja_init
 .text._settings_validate
                0x10001d70       0x2c CMakeFiles/GCULTIMATE_R4K_RP2040.dir/lib/HOJA-LIB-RP2040/src/hoja_settings.c.obj
                0x10001d70                _settings_validate
 .text._settings_migrate
                0x10001d9c      0x1d4 CMakeFiles/GCULTIMATE_R4K_RP2040.dir/lib/HOJA-LIB-RP2040/src/hoja_settings.c.obj
                0x10001d9c                _settings_migrate
 .text._settings_get_config_version
                0x10001f70       0x24 CMakeFiles/GCULTIMATE_R4K_RP2040.dir/lib/HOJA-LIB-RP2040/src/hoja_settings.c.obj
                0x10001f70                _settings_get_config_version
 .text._generate_mac
                0x10001f94       0x58 CMakeFiles/GCULTIMATE_R4K_RP2040.dir/lib/HOJA-LIB-RP2040/src/hoja_settings.c.obj
                0x10001f94                _generate_mac
 .text._settings_init_default
                0x10001fec      0x20c CMakeFiles/GCULTIMATE_R4K_RP2040.dir/lib/HOJA-LIB-RP2040/src/hoja_settings.c.obj
                0x10001fec                _settings_init_default
 .text.settings_get_bank
                0x100021f8        0xc CMakeFiles/GCULTIMATE_R4K_RP2040.dir/lib/HOJA-LIB-RP2040/src/hoja_settings.c.obj
                0x100021f8                settings_get_bank
 .text.settings_set_charge_level
                0x10002204        0xc CMakeFiles/GCULTIMATE_R4K_RP2040.dir/lib/HOJA-LIB-RP2040/src/hoja_settings.c.obj
                0x10002204                settings_set_charge_level
 .text.settings_save_battery_from_core0
                0x10002210       0x20 CMakeFiles/GCULTIMATE_R4K_RP2040.dir/lib/HOJA-LIB-RP2040/src/hoja_settings.c.obj
                0x10002210                settings_save_battery_from_core0
 .text.settings_core1_save_check
                0x10002230      0x100 CMakeFiles/GCULTIMATE_R4K_RP2040.dir/lib/HOJA-LIB-RP2040/src/hoja_settings.c.obj
                0x10002230                settings_core1_save_check
 .text.settings_save_battery_from_core1
                0x10002330       0x14 CMakeFiles/GCULTIMATE_R4K_RP2040.dir/lib/HOJA-LIB-RP2040/src/hoja_settings.c.obj
                0x10002330                settings_save_battery_from_core1
 .text.settings_save_webindicate
                0x10002344        0xc CMakeFiles/GCULTIMATE_R4K_RP2040.dir/lib/HOJA-LIB-RP2040/src/hoja_settings.c.obj
                0x10002344                settings_save_webindicate
 .text.settings_save_from_core0
                0x10002350        0xc CMakeFiles/GCULTIMATE_R4K_RP2040.dir/lib/HOJA-LIB-RP2040/src/hoja_settings.c.obj
                0x10002350                settings_save_from_core0
 .text.settings_load
                0x1000235c      0x134 CMakeFiles/GCULTIMATE_R4K_RP2040.dir/lib/HOJA-LIB-RP2040/src/hoja_settings.c.obj
                0x1000235c                settings_load
 .text.settings_set_rumble
                0x10002490       0x1c CMakeFiles/GCULTIMATE_R4K_RP2040.dir/lib/HOJA-LIB-RP2040/src/hoja_settings.c.obj
                0x10002490                settings_set_rumble
 .text.settings_set_deadzone
                0x100024ac       0x44 CMakeFiles/GCULTIMATE_R4K_RP2040.dir/lib/HOJA-LIB-RP2040/src/hoja_settings.c.obj
                0x100024ac                settings_set_deadzone
 .text.settings_set_centers
                0x100024f0       0x44 CMakeFiles/GCULTIMATE_R4K_RP2040.dir/lib/HOJA-LIB-RP2040/src/hoja_settings.c.obj
                0x100024f0                settings_set_centers
 .text.settings_set_mode
                0x10002534       0x10 CMakeFiles/GCULTIMATE_R4K_RP2040.dir/lib/HOJA-LIB-RP2040/src/hoja_settings.c.obj
                0x10002534                settings_set_mode
 .text.hoja_comms_task
                0x10002544       0x14 CMakeFiles/GCULTIMATE_R4K_RP2040.dir/lib/HOJA-LIB-RP2040/src/hoja_comms.c.obj
                0x10002544                hoja_comms_task
 .text.hoja_comms_current_mode
                0x10002558        0xc CMakeFiles/GCULTIMATE_R4K_RP2040.dir/lib/HOJA-LIB-RP2040/src/hoja_comms.c.obj
                0x10002558                hoja_comms_current_mode
 .text.hoja_comms_init
                0x10002564       0xc8 CMakeFiles/GCULTIMATE_R4K_RP2040.dir/lib/HOJA-LIB-RP2040/src/hoja_comms.c.obj
                0x10002564                hoja_comms_init
 .text.ws2812_program_init
                0x1000262c      0x154 CMakeFiles/GCULTIMATE_R4K_RP2040.dir/lib/HOJA-LIB-RP2040/src/utilities/rgb.c.obj
 .text._rgb_set_dirty
                0x10002780        0xc CMakeFiles/GCULTIMATE_R4K_RP2040.dir/lib/HOJA-LIB-RP2040/src/utilities/rgb.c.obj
                0x10002780                _rgb_set_dirty
 .text._rgbanim_cycleoffset_do
                0x1000278c       0xbc CMakeFiles/GCULTIMATE_R4K_RP2040.dir/lib/HOJA-LIB-RP2040/src/utilities/rgb.c.obj
                0x1000278c                _rgbanim_cycleoffset_do
 .text.rgb_set_override
                0x10002848       0x1c CMakeFiles/GCULTIMATE_R4K_RP2040.dir/lib/HOJA-LIB-RP2040/src/utilities/rgb.c.obj
                0x10002848                rgb_set_override
 .text._rgb_convert_hue_saturation
                0x10002864       0x84 CMakeFiles/GCULTIMATE_R4K_RP2040.dir/lib/HOJA-LIB-RP2040/src/utilities/rgb.c.obj
                0x10002864                _rgb_convert_hue_saturation
 .text._rgb_set_color_brightness
                0x100028e8       0xa4 CMakeFiles/GCULTIMATE_R4K_RP2040.dir/lib/HOJA-LIB-RP2040/src/utilities/rgb.c.obj
                0x100028e8                _rgb_set_color_brightness
 .text._rgb_normalize_output_power
                0x1000298c       0x88 CMakeFiles/GCULTIMATE_R4K_RP2040.dir/lib/HOJA-LIB-RP2040/src/utilities/rgb.c.obj
                0x1000298c                _rgb_normalize_output_power
 .text._rgbanim_rainbowoffset_do
                0x10002a14       0x8c CMakeFiles/GCULTIMATE_R4K_RP2040.dir/lib/HOJA-LIB-RP2040/src/utilities/rgb.c.obj
                0x10002a14                _rgbanim_rainbowoffset_do
 .text._rgb_update_all
                0x10002aa0       0x28 CMakeFiles/GCULTIMATE_R4K_RP2040.dir/lib/HOJA-LIB-RP2040/src/utilities/rgb.c.obj
                0x10002aa0                _rgb_update_all
 .text._rgb_blend
                0x10002ac8       0xb2 CMakeFiles/GCULTIMATE_R4K_RP2040.dir/lib/HOJA-LIB-RP2040/src/utilities/rgb.c.obj
                0x10002ac8                _rgb_blend
 *fill*         0x10002b7a        0x2 
 .text._rgb_set_player
                0x10002b7c       0x88 CMakeFiles/GCULTIMATE_R4K_RP2040.dir/lib/HOJA-LIB-RP2040/src/utilities/rgb.c.obj
                0x10002b7c                _rgb_set_player
 .text.rgb_set_player
                0x10002c04       0x20 CMakeFiles/GCULTIMATE_R4K_RP2040.dir/lib/HOJA-LIB-RP2040/src/utilities/rgb.c.obj
                0x10002c04                rgb_set_player
 .text._rgb_animate_step
                0x10002c24       0xe4 CMakeFiles/GCULTIMATE_R4K_RP2040.dir/lib/HOJA-LIB-RP2040/src/utilities/rgb.c.obj
                0x10002c24                _rgb_animate_step
 .text._rgb_set_sequential
                0x10002d08       0x32 CMakeFiles/GCULTIMATE_R4K_RP2040.dir/lib/HOJA-LIB-RP2040/src/utilities/rgb.c.obj
                0x10002d08                _rgb_set_sequential
 *fill*         0x10002d3a        0x2 
 .text._rgb_set_brightness
                0x10002d3c       0x14 CMakeFiles/GCULTIMATE_R4K_RP2040.dir/lib/HOJA-LIB-RP2040/src/utilities/rgb.c.obj
                0x10002d3c                _rgb_set_brightness
 .text._rgb_set_all
                0x10002d50       0x30 CMakeFiles/GCULTIMATE_R4K_RP2040.dir/lib/HOJA-LIB-RP2040/src/utilities/rgb.c.obj
                0x10002d50                _rgb_set_all
 .text._rgbanim_rainbow_do
                0x10002d80       0x34 CMakeFiles/GCULTIMATE_R4K_RP2040.dir/lib/HOJA-LIB-RP2040/src/utilities/rgb.c.obj
                0x10002d80                _rgbanim_rainbow_do
 .text._rgbanim_cycle_do
                0x10002db4       0x88 CMakeFiles/GCULTIMATE_R4K_RP2040.dir/lib/HOJA-LIB-RP2040/src/utilities/rgb.c.obj
                0x10002db4                _rgbanim_cycle_do
 .text._rgbanim_flash_do
                0x10002e3c       0x4c CMakeFiles/GCULTIMATE_R4K_RP2040.dir/lib/HOJA-LIB-RP2040/src/utilities/rgb.c.obj
                0x10002e3c                _rgbanim_flash_do
 .text._rgb_indicate_override_do
                0x10002e88       0x98 CMakeFiles/GCULTIMATE_R4K_RP2040.dir/lib/HOJA-LIB-RP2040/src/utilities/rgb.c.obj
                0x10002e88                _rgb_indicate_override_do
 .text._rgb_shutdown_start_override_do
                0x10002f20       0x48 CMakeFiles/GCULTIMATE_R4K_RP2040.dir/lib/HOJA-LIB-RP2040/src/utilities/rgb.c.obj
                0x10002f20                _rgb_shutdown_start_override_do
 .text.rgb_set_group
                0x10002f68       0xfc CMakeFiles/GCULTIMATE_R4K_RP2040.dir/lib/HOJA-LIB-RP2040/src/utilities/rgb.c.obj
                0x10002f68                rgb_set_group
 .text._rgb_preset_reload
                0x10003064       0x3c CMakeFiles/GCULTIMATE_R4K_RP2040.dir/lib/HOJA-LIB-RP2040/src/utilities/rgb.c.obj
                0x10003064                _rgb_preset_reload
 .text._rgb_load_preset
                0x100030a0       0x10 CMakeFiles/GCULTIMATE_R4K_RP2040.dir/lib/HOJA-LIB-RP2040/src/utilities/rgb.c.obj
                0x100030a0                _rgb_load_preset
 .text._rgbanim_preset_do
                0x100030b0       0x28 CMakeFiles/GCULTIMATE_R4K_RP2040.dir/lib/HOJA-LIB-RP2040/src/utilities/rgb.c.obj
                0x100030b0                _rgbanim_preset_do
 .text.rgb_update_speed
                0x100030d8       0x70 CMakeFiles/GCULTIMATE_R4K_RP2040.dir/lib/HOJA-LIB-RP2040/src/utilities/rgb.c.obj
                0x100030d8                rgb_update_speed
 .text.rgb_indicate
                0x10003148       0x24 CMakeFiles/GCULTIMATE_R4K_RP2040.dir/lib/HOJA-LIB-RP2040/src/utilities/rgb.c.obj
                0x10003148                rgb_indicate
 .text.rgb_shutdown_start
                0x1000316c       0x2c CMakeFiles/GCULTIMATE_R4K_RP2040.dir/lib/HOJA-LIB-RP2040/src/utilities/rgb.c.obj
                0x1000316c                rgb_shutdown_start
 .text.rgb_init
                0x10003198       0xd8 CMakeFiles/GCULTIMATE_R4K_RP2040.dir/lib/HOJA-LIB-RP2040/src/utilities/rgb.c.obj
                0x10003198                rgb_init
 .text.rgb_flash
                0x10003270       0x2c CMakeFiles/GCULTIMATE_R4K_RP2040.dir/lib/HOJA-LIB-RP2040/src/utilities/rgb.c.obj
                0x10003270                rgb_flash
 .text.rgb_task
                0x1000329c       0x70 CMakeFiles/GCULTIMATE_R4K_RP2040.dir/lib/HOJA-LIB-RP2040/src/utilities/rgb.c.obj
                0x1000329c                rgb_task
 .text.battery_get_level
                0x1000330c        0xc CMakeFiles/GCULTIMATE_R4K_RP2040.dir/lib/HOJA-LIB-RP2040/src/utilities/battery.c.obj
                0x1000330c                battery_get_level
 .text.battery_update_status
                0x10003318       0xb4 CMakeFiles/GCULTIMATE_R4K_RP2040.dir/lib/HOJA-LIB-RP2040/src/utilities/battery.c.obj
                0x10003318                battery_update_status
 .text.battery_monitor_task
                0x100033cc      0x1a8 CMakeFiles/GCULTIMATE_R4K_RP2040.dir/lib/HOJA-LIB-RP2040/src/utilities/battery.c.obj
                0x100033cc                battery_monitor_task
 .text.battery_comms_check
                0x10003574       0x50 CMakeFiles/GCULTIMATE_R4K_RP2040.dir/lib/HOJA-LIB-RP2040/src/utilities/battery.c.obj
                0x10003574                battery_comms_check
 .text.battery_enable_ship_mode
                0x100035c4       0x70 CMakeFiles/GCULTIMATE_R4K_RP2040.dir/lib/HOJA-LIB-RP2040/src/utilities/battery.c.obj
                0x100035c4                battery_enable_ship_mode
 .text.battery_set_charge_rate
                0x10003634       0x80 CMakeFiles/GCULTIMATE_R4K_RP2040.dir/lib/HOJA-LIB-RP2040/src/utilities/battery.c.obj
                0x10003634                battery_set_charge_rate
 .text.battery_get_plugged_status
                0x100036b4       0x14 CMakeFiles/GCULTIMATE_R4K_RP2040.dir/lib/HOJA-LIB-RP2040/src/utilities/battery.c.obj
                0x100036b4                battery_get_plugged_status
 .text.battery_get_charging_status
                0x100036c8       0x14 CMakeFiles/GCULTIMATE_R4K_RP2040.dir/lib/HOJA-LIB-RP2040/src/utilities/battery.c.obj
                0x100036c8                battery_get_charging_status
 .text._software_reset
                0x100036dc        0xe CMakeFiles/GCULTIMATE_R4K_RP2040.dir/lib/HOJA-LIB-RP2040/src/utilities/reboot.c.obj
                0x100036dc                _software_reset
 *fill*         0x100036ea        0x2 
 .text._scratch_set
                0x100036ec       0x14 CMakeFiles/GCULTIMATE_R4K_RP2040.dir/lib/HOJA-LIB-RP2040/src/utilities/reboot.c.obj
                0x100036ec                _scratch_set
 .text._scratch_get
                0x10003700       0x24 CMakeFiles/GCULTIMATE_R4K_RP2040.dir/lib/HOJA-LIB-RP2040/src/utilities/reboot.c.obj
                0x10003700                _scratch_get
 .text.reboot_with_memory
                0x10003724        0xe CMakeFiles/GCULTIMATE_R4K_RP2040.dir/lib/HOJA-LIB-RP2040/src/utilities/reboot.c.obj
                0x10003724                reboot_with_memory
 .text.reboot_get_memory
                0x10003732        0xa CMakeFiles/GCULTIMATE_R4K_RP2040.dir/lib/HOJA-LIB-RP2040/src/utilities/reboot.c.obj
                0x10003732                reboot_get_memory
 .text.interval_run
                0x1000373c       0x26 CMakeFiles/GCULTIMATE_R4K_RP2040.dir/lib/HOJA-LIB-RP2040/src/utilities/interval.c.obj
                0x1000373c                interval_run
 .text.interval_resettable_run
                0x10003762       0x3a CMakeFiles/GCULTIMATE_R4K_RP2040.dir/lib/HOJA-LIB-RP2040/src/utilities/interval.c.obj
                0x10003762                interval_resettable_run
 .text.i2c_safe_enter_blocking
                0x1000379c       0x1c CMakeFiles/GCULTIMATE_R4K_RP2040.dir/lib/HOJA-LIB-RP2040/src/utilities/i2c_safe.c.obj
                0x1000379c                i2c_safe_enter_blocking
 .text.i2c_safe_exit
                0x100037b8       0x10 CMakeFiles/GCULTIMATE_R4K_RP2040.dir/lib/HOJA-LIB-RP2040/src/utilities/i2c_safe.c.obj
                0x100037b8                i2c_safe_exit
 .text.i2c_safe_write_timeout_us
                0x100037c8       0x8c CMakeFiles/GCULTIMATE_R4K_RP2040.dir/lib/HOJA-LIB-RP2040/src/utilities/i2c_safe.c.obj
                0x100037c8                i2c_safe_write_timeout_us
 .text.i2c_safe_read_timeout_us
                0x10003854       0x8c CMakeFiles/GCULTIMATE_R4K_RP2040.dir/lib/HOJA-LIB-RP2040/src/utilities/i2c_safe.c.obj
                0x10003854                i2c_safe_read_timeout_us
 .text.i2c_safe_write_read_timeout_us
                0x100038e0       0xdc CMakeFiles/GCULTIMATE_R4K_RP2040.dir/lib/HOJA-LIB-RP2040/src/utilities/i2c_safe.c.obj
                0x100038e0                i2c_safe_write_read_timeout_us
 .text.haptics_get
                0x100039bc       0x8c CMakeFiles/GCULTIMATE_R4K_RP2040.dir/lib/HOJA-LIB-RP2040/src/utilities/haptics.c.obj
                0x100039bc                haptics_get
 .text.haptics_set
                0x10003a48       0x58 CMakeFiles/GCULTIMATE_R4K_RP2040.dir/lib/HOJA-LIB-RP2040/src/utilities/haptics.c.obj
                0x10003a48                haptics_set
 .text.haptics_set_all
                0x10003aa0       0xb0 CMakeFiles/GCULTIMATE_R4K_RP2040.dir/lib/HOJA-LIB-RP2040/src/utilities/haptics.c.obj
                0x10003aa0                haptics_set_all
 .text.tud_descriptor_bos_cb
                0x10003b50       0x1c CMakeFiles/GCULTIMATE_R4K_RP2040.dir/lib/HOJA-LIB-RP2040/src/usb/desc_bos.c.obj
                0x10003b50                tud_descriptor_bos_cb
 .text.tud_hid_ready
                0x10003b6c        0xa CMakeFiles/GCULTIMATE_R4K_RP2040.dir/lib/HOJA-LIB-RP2040/src/usb/hoja_usb.c.obj
 *fill*         0x10003b76        0x2 
 .text.hoja_usb_set_usb_clear
                0x10003b78       0x28 CMakeFiles/GCULTIMATE_R4K_RP2040.dir/lib/HOJA-LIB-RP2040/src/usb/hoja_usb.c.obj
                0x10003b78                hoja_usb_set_usb_clear
 .text.hoja_usb_unset_usb_clear
                0x10003ba0       0x28 CMakeFiles/GCULTIMATE_R4K_RP2040.dir/lib/HOJA-LIB-RP2040/src/usb/hoja_usb.c.obj
                0x10003ba0                hoja_usb_unset_usb_clear
 .text.hoja_usb_get_usb_clear
                0x10003bc8       0x4c CMakeFiles/GCULTIMATE_R4K_RP2040.dir/lib/HOJA-LIB-RP2040/src/usb/hoja_usb.c.obj
                0x10003bc8                hoja_usb_get_usb_clear
 .text.usbd_app_driver_get_cb
                0x10003c14       0x24 CMakeFiles/GCULTIMATE_R4K_RP2040.dir/lib/HOJA-LIB-RP2040/src/usb/hoja_usb.c.obj
                0x10003c14                usbd_app_driver_get_cb
 .text._hoja_usb_set_interval
                0x10003c38       0x44 CMakeFiles/GCULTIMATE_R4K_RP2040.dir/lib/HOJA-LIB-RP2040/src/usb/hoja_usb.c.obj
                0x10003c38                _hoja_usb_set_interval
 .text.hoja_usb_start
                0x10003c7c       0xb0 CMakeFiles/GCULTIMATE_R4K_RP2040.dir/lib/HOJA-LIB-RP2040/src/usb/hoja_usb.c.obj
                0x10003c7c                hoja_usb_start
 .text.hoja_usb_task
                0x10003d2c       0xcc CMakeFiles/GCULTIMATE_R4K_RP2040.dir/lib/HOJA-LIB-RP2040/src/usb/hoja_usb.c.obj
                0x10003d2c                hoja_usb_task
 .text.tud_descriptor_device_cb
                0x10003df8       0x38 CMakeFiles/GCULTIMATE_R4K_RP2040.dir/lib/HOJA-LIB-RP2040/src/usb/hoja_usb.c.obj
                0x10003df8                tud_descriptor_device_cb
 .text.tud_descriptor_configuration_cb
                0x10003e30       0x38 CMakeFiles/GCULTIMATE_R4K_RP2040.dir/lib/HOJA-LIB-RP2040/src/usb/hoja_usb.c.obj
                0x10003e30                tud_descriptor_configuration_cb
 .text.tud_hid_get_report_cb
                0x10003e68        0x4 CMakeFiles/GCULTIMATE_R4K_RP2040.dir/lib/HOJA-LIB-RP2040/src/usb/hoja_usb.c.obj
                0x10003e68                tud_hid_get_report_cb
 .text.tud_hid_report_complete_cb
                0x10003e6c       0x54 CMakeFiles/GCULTIMATE_R4K_RP2040.dir/lib/HOJA-LIB-RP2040/src/usb/hoja_usb.c.obj
                0x10003e6c                tud_hid_report_complete_cb
 .text.tud_hid_set_report_cb
                0x10003ec0       0xe4 CMakeFiles/GCULTIMATE_R4K_RP2040.dir/lib/HOJA-LIB-RP2040/src/usb/hoja_usb.c.obj
                0x10003ec0                tud_hid_set_report_cb
 .text.tud_hid_descriptor_report_cb
                0x10003fa4       0x2c CMakeFiles/GCULTIMATE_R4K_RP2040.dir/lib/HOJA-LIB-RP2040/src/usb/hoja_usb.c.obj
                0x10003fa4                tud_hid_descriptor_report_cb
 .text.tud_descriptor_string_cb
                0x10003fd0       0x9c CMakeFiles/GCULTIMATE_R4K_RP2040.dir/lib/HOJA-LIB-RP2040/src/usb/hoja_usb.c.obj
                0x10003fd0                tud_descriptor_string_cb
 .text.tud_vendor_rx_cb
                0x1000406c       0x38 CMakeFiles/GCULTIMATE_R4K_RP2040.dir/lib/HOJA-LIB-RP2040/src/usb/hoja_usb.c.obj
                0x1000406c                tud_vendor_rx_cb
 .text.tud_vendor_control_xfer_cb
                0x100040a4      0x100 CMakeFiles/GCULTIMATE_R4K_RP2040.dir/lib/HOJA-LIB-RP2040/src/usb/hoja_usb.c.obj
                0x100040a4                tud_vendor_control_xfer_cb
 .text.dir_to_hat
                0x100041a4       0x88 CMakeFiles/GCULTIMATE_R4K_RP2040.dir/lib/HOJA-LIB-RP2040/src/usb/hoja_usb.c.obj
                0x100041a4                dir_to_hat
 .text.xinputd_control_xfer_cb
                0x1000422c        0x4 CMakeFiles/GCULTIMATE_R4K_RP2040.dir/lib/HOJA-LIB-RP2040/src/usb/xinput_device.c.obj
                0x1000422c                xinputd_control_xfer_cb
 .text.xinputd_reset
                0x10004230       0x14 CMakeFiles/GCULTIMATE_R4K_RP2040.dir/lib/HOJA-LIB-RP2040/src/usb/xinput_device.c.obj
                0x10004230                xinputd_reset
 .text.xinputd_init
                0x10004244        0xa CMakeFiles/GCULTIMATE_R4K_RP2040.dir/lib/HOJA-LIB-RP2040/src/usb/xinput_device.c.obj
                0x10004244                xinputd_init
 *fill*         0x1000424e        0x2 
 .text.xinputd_open
                0x10004250       0x70 CMakeFiles/GCULTIMATE_R4K_RP2040.dir/lib/HOJA-LIB-RP2040/src/usb/xinput_device.c.obj
                0x10004250                xinputd_open
 .text.xinputd_xfer_cb
                0x100042c0       0x68 CMakeFiles/GCULTIMATE_R4K_RP2040.dir/lib/HOJA-LIB-RP2040/src/usb/xinput_device.c.obj
                0x100042c0                xinputd_xfer_cb
 .text.tud_xinput_getout
                0x10004328       0x54 CMakeFiles/GCULTIMATE_R4K_RP2040.dir/lib/HOJA-LIB-RP2040/src/usb/xinput_device.c.obj
                0x10004328                tud_xinput_getout
 .text.tud_xinput_report
                0x1000437c       0x58 CMakeFiles/GCULTIMATE_R4K_RP2040.dir/lib/HOJA-LIB-RP2040/src/usb/xinput_device.c.obj
                0x1000437c                tud_xinput_report
 .text.tud_xinput_ready
                0x100043d4       0x48 CMakeFiles/GCULTIMATE_R4K_RP2040.dir/lib/HOJA-LIB-RP2040/src/usb/xinput_device.c.obj
                0x100043d4                tud_xinput_ready
 .text.ginputd_reset
                0x1000441c       0x14 CMakeFiles/GCULTIMATE_R4K_RP2040.dir/lib/HOJA-LIB-RP2040/src/usb/ginput_device.c.obj
                0x1000441c                ginputd_reset
 .text.ginputd_init
                0x10004430        0xa CMakeFiles/GCULTIMATE_R4K_RP2040.dir/lib/HOJA-LIB-RP2040/src/usb/ginput_device.c.obj
                0x10004430                ginputd_init
 *fill*         0x1000443a        0x2 
 .text.ginputd_open
                0x1000443c       0xc4 CMakeFiles/GCULTIMATE_R4K_RP2040.dir/lib/HOJA-LIB-RP2040/src/usb/ginput_device.c.obj
                0x1000443c                ginputd_open
 .text.ginputd_xfer_cb
                0x10004500       0x84 CMakeFiles/GCULTIMATE_R4K_RP2040.dir/lib/HOJA-LIB-RP2040/src/usb/ginput_device.c.obj
                0x10004500                ginputd_xfer_cb
 .text.ginputd_control_xfer_cb
                0x10004584      0x28c CMakeFiles/GCULTIMATE_R4K_RP2040.dir/lib/HOJA-LIB-RP2040/src/usb/ginput_device.c.obj
                0x10004584                ginputd_control_xfer_cb
 .text.tud_ginput_n_ready
                0x10004810       0x50 CMakeFiles/GCULTIMATE_R4K_RP2040.dir/lib/HOJA-LIB-RP2040/src/usb/ginput_device.c.obj
                0x10004810                tud_ginput_n_ready
 .text.tud_ginput_ready
                0x10004860        0xa CMakeFiles/GCULTIMATE_R4K_RP2040.dir/lib/HOJA-LIB-RP2040/src/usb/ginput_device.c.obj
                0x10004860                tud_ginput_ready
 *fill*         0x1000486a        0x2 
 .text.tud_ginput_n_report
                0x1000486c       0x94 CMakeFiles/GCULTIMATE_R4K_RP2040.dir/lib/HOJA-LIB-RP2040/src/usb/ginput_device.c.obj
                0x1000486c                tud_ginput_n_report
 .text.tud_ginput_report
                0x10004900       0x10 CMakeFiles/GCULTIMATE_R4K_RP2040.dir/lib/HOJA-LIB-RP2040/src/usb/ginput_device.c.obj
                0x10004900                tud_ginput_report
 .text.switch_analog_encode
                0x10004910       0x16 CMakeFiles/GCULTIMATE_R4K_RP2040.dir/lib/HOJA-LIB-RP2040/src/switch/switch_analog.c.obj
                0x10004910                switch_analog_encode
 *fill*         0x10004926        0x2 
 .text.switch_analog_calibration_init
                0x10004928       0x50 CMakeFiles/GCULTIMATE_R4K_RP2040.dir/lib/HOJA-LIB-RP2040/src/switch/switch_analog.c.obj
                0x10004928                switch_analog_calibration_init
 .text.clear_report
                0x10004978       0x14 CMakeFiles/GCULTIMATE_R4K_RP2040.dir/lib/HOJA-LIB-RP2040/src/switch/switch_commands.c.obj
                0x10004978                clear_report
 .text.set_report_id
                0x1000498c        0xc CMakeFiles/GCULTIMATE_R4K_RP2040.dir/lib/HOJA-LIB-RP2040/src/switch/switch_commands.c.obj
                0x1000498c                set_report_id
 .text.set_ack  0x10004998        0xc CMakeFiles/GCULTIMATE_R4K_RP2040.dir/lib/HOJA-LIB-RP2040/src/switch/switch_commands.c.obj
                0x10004998                set_ack
 .text.set_command
                0x100049a4        0xc CMakeFiles/GCULTIMATE_R4K_RP2040.dir/lib/HOJA-LIB-RP2040/src/switch/switch_commands.c.obj
                0x100049a4                set_command
 .text.set_timer
                0x100049b0       0x54 CMakeFiles/GCULTIMATE_R4K_RP2040.dir/lib/HOJA-LIB-RP2040/src/switch/switch_commands.c.obj
                0x100049b0                set_timer
 .text.set_battconn
                0x10004a04       0x14 CMakeFiles/GCULTIMATE_R4K_RP2040.dir/lib/HOJA-LIB-RP2040/src/switch/switch_commands.c.obj
                0x10004a04                set_battconn
 .text.set_devinfo
                0x10004a18       0x20 CMakeFiles/GCULTIMATE_R4K_RP2040.dir/lib/HOJA-LIB-RP2040/src/switch/switch_commands.c.obj
                0x10004a18                set_devinfo
 .text.set_sub_triggertime
                0x10004a38       0x24 CMakeFiles/GCULTIMATE_R4K_RP2040.dir/lib/HOJA-LIB-RP2040/src/switch/switch_commands.c.obj
                0x10004a38                set_sub_triggertime
 .text.info_set_mac
                0x10004a5c       0x34 CMakeFiles/GCULTIMATE_R4K_RP2040.dir/lib/HOJA-LIB-RP2040/src/switch/switch_commands.c.obj
                0x10004a5c                info_set_mac
 .text.info_handler
                0x10004a90       0x34 CMakeFiles/GCULTIMATE_R4K_RP2040.dir/lib/HOJA-LIB-RP2040/src/switch/switch_commands.c.obj
                0x10004a90                info_handler
 .text.pairing_set
                0x10004ac4       0xc0 CMakeFiles/GCULTIMATE_R4K_RP2040.dir/lib/HOJA-LIB-RP2040/src/switch/switch_commands.c.obj
                0x10004ac4                pairing_set
 .text.command_handler
                0x10004b84      0x138 CMakeFiles/GCULTIMATE_R4K_RP2040.dir/lib/HOJA-LIB-RP2040/src/switch/switch_commands.c.obj
                0x10004b84                command_handler
 .text.report_handler
                0x10004cbc       0x36 CMakeFiles/GCULTIMATE_R4K_RP2040.dir/lib/HOJA-LIB-RP2040/src/switch/switch_commands.c.obj
                0x10004cbc                report_handler
 *fill*         0x10004cf2        0x2 
 .text._unknown_thing
                0x10004cf4       0x2c CMakeFiles/GCULTIMATE_R4K_RP2040.dir/lib/HOJA-LIB-RP2040/src/switch/switch_commands.c.obj
                0x10004cf4                _unknown_thing
 .text.switch_commands_process
                0x10004d20      0x1a0 CMakeFiles/GCULTIMATE_R4K_RP2040.dir/lib/HOJA-LIB-RP2040/src/switch/switch_commands.c.obj
                0x10004d20                switch_commands_process
 .text.switch_commands_future_handle
                0x10004ec0       0x28 CMakeFiles/GCULTIMATE_R4K_RP2040.dir/lib/HOJA-LIB-RP2040/src/switch/switch_commands.c.obj
                0x10004ec0                switch_commands_future_handle
 .text.switch_commands_bulkset
                0x10004ee8       0x10 CMakeFiles/GCULTIMATE_R4K_RP2040.dir/lib/HOJA-LIB-RP2040/src/switch/switch_commands.c.obj
                0x10004ee8                switch_commands_bulkset
 .text.sw_spi_getaddressdata
                0x10004ef8      0x18c CMakeFiles/GCULTIMATE_R4K_RP2040.dir/lib/HOJA-LIB-RP2040/src/switch/switch_spi.c.obj
                0x10004ef8                sw_spi_getaddressdata
 .text.sw_spi_readfromaddress
                0x10005084       0x50 CMakeFiles/GCULTIMATE_R4K_RP2040.dir/lib/HOJA-LIB-RP2040/src/switch/switch_spi.c.obj
                0x10005084                sw_spi_readfromaddress
 .text.initialize_exp_base2_lookup
                0x100050d4       0x54 CMakeFiles/GCULTIMATE_R4K_RP2040.dir/lib/HOJA-LIB-RP2040/src/switch/switch_haptics.c.obj
                0x100050d4                initialize_exp_base2_lookup
 .text.initialize_rumble_amp_lookup
                0x10005128       0x88 CMakeFiles/GCULTIMATE_R4K_RP2040.dir/lib/HOJA-LIB-RP2040/src/switch/switch_haptics.c.obj
                0x10005128                initialize_rumble_amp_lookup
 .text.initialize_rumble_freq_lookup
                0x100051b0       0x30 CMakeFiles/GCULTIMATE_R4K_RP2040.dir/lib/HOJA-LIB-RP2040/src/switch/switch_haptics.c.obj
                0x100051b0                initialize_rumble_freq_lookup
 .text.haptics_get_lookup_index
                0x100051e0       0x38 CMakeFiles/GCULTIMATE_R4K_RP2040.dir/lib/HOJA-LIB-RP2040/src/switch/switch_haptics.c.obj
                0x100051e0                haptics_get_lookup_index
 .text.haptics_apply_command
                0x10005218       0x42 CMakeFiles/GCULTIMATE_R4K_RP2040.dir/lib/HOJA-LIB-RP2040/src/switch/switch_haptics.c.obj
                0x10005218                haptics_apply_command
 .text.haptics_initialize_lookup_tables
                0x1000525a       0x10 CMakeFiles/GCULTIMATE_R4K_RP2040.dir/lib/HOJA-LIB-RP2040/src/switch/switch_haptics.c.obj
                0x1000525a                haptics_initialize_lookup_tables
 *fill*         0x1000526a        0x2 
 .text.haptics_linear_to_normal
                0x1000526c       0xcc CMakeFiles/GCULTIMATE_R4K_RP2040.dir/lib/HOJA-LIB-RP2040/src/switch/switch_haptics.c.obj
                0x1000526c                haptics_linear_to_normal
 .text._haptics_decode_type_1
                0x10005338      0x3d4 CMakeFiles/GCULTIMATE_R4K_RP2040.dir/lib/HOJA-LIB-RP2040/src/switch/switch_haptics.c.obj
                0x10005338                _haptics_decode_type_1
 .text._haptics_decode_type_2
                0x1000570c       0x8c CMakeFiles/GCULTIMATE_R4K_RP2040.dir/lib/HOJA-LIB-RP2040/src/switch/switch_haptics.c.obj
                0x1000570c                _haptics_decode_type_2
 .text._haptics_decode_type_3
                0x10005798      0x324 CMakeFiles/GCULTIMATE_R4K_RP2040.dir/lib/HOJA-LIB-RP2040/src/switch/switch_haptics.c.obj
                0x10005798                _haptics_decode_type_3
 .text._haptics_decode_type_4
                0x10005abc      0x348 CMakeFiles/GCULTIMATE_R4K_RP2040.dir/lib/HOJA-LIB-RP2040/src/switch/switch_haptics.c.obj
                0x10005abc                _haptics_decode_type_4
 .text._haptics_decode_samples
                0x10005e04       0x76 CMakeFiles/GCULTIMATE_R4K_RP2040.dir/lib/HOJA-LIB-RP2040/src/switch/switch_haptics.c.obj
                0x10005e04                _haptics_decode_samples
 *fill*         0x10005e7a        0x2 
 .text.haptics_rumble_translate
                0x10005e7c       0xbc CMakeFiles/GCULTIMATE_R4K_RP2040.dir/lib/HOJA-LIB-RP2040/src/switch/switch_haptics.c.obj
                0x10005e7c                haptics_rumble_translate
 .text.imu_pack_quat
                0x10005f38      0x254 CMakeFiles/GCULTIMATE_R4K_RP2040.dir/lib/HOJA-LIB-RP2040/src/input/imu.c.obj
                0x10005f38                imu_pack_quat
 .text._imu_rotate_quaternion
                0x1000618c      0x146 CMakeFiles/GCULTIMATE_R4K_RP2040.dir/lib/HOJA-LIB-RP2040/src/input/imu.c.obj
                0x1000618c                _imu_rotate_quaternion
 .text._imu_quat_normalize
                0x100062d2       0x7c CMakeFiles/GCULTIMATE_R4K_RP2040.dir/lib/HOJA-LIB-RP2040/src/input/imu.c.obj
                0x100062d2                _imu_quat_normalize
 *fill*         0x1000634e        0x2 
 .text._imu_update_quaternion
                0x10006350      0x29c CMakeFiles/GCULTIMATE_R4K_RP2040.dir/lib/HOJA-LIB-RP2040/src/input/imu.c.obj
                0x10006350                _imu_update_quaternion
 .text.imu_fifo_push
                0x100065ec       0xa8 CMakeFiles/GCULTIMATE_R4K_RP2040.dir/lib/HOJA-LIB-RP2040/src/input/imu.c.obj
                0x100065ec                imu_fifo_push
 .text.imu_fifo_last
                0x10006694       0x38 CMakeFiles/GCULTIMATE_R4K_RP2040.dir/lib/HOJA-LIB-RP2040/src/input/imu.c.obj
                0x10006694                imu_fifo_last
 .text._imu_average_value
                0x100066cc       0x30 CMakeFiles/GCULTIMATE_R4K_RP2040.dir/lib/HOJA-LIB-RP2040/src/input/imu.c.obj
                0x100066cc                _imu_average_value
 .text.imu_calibrate_start
                0x100066fc       0xc4 CMakeFiles/GCULTIMATE_R4K_RP2040.dir/lib/HOJA-LIB-RP2040/src/input/imu.c.obj
                0x100066fc                imu_calibrate_start
 .text.imu_calibrate_stop
                0x100067c0       0x2c CMakeFiles/GCULTIMATE_R4K_RP2040.dir/lib/HOJA-LIB-RP2040/src/input/imu.c.obj
                0x100067c0                imu_calibrate_stop
 .text._imu_calibrate_task
                0x100067ec      0x160 CMakeFiles/GCULTIMATE_R4K_RP2040.dir/lib/HOJA-LIB-RP2040/src/input/imu.c.obj
                0x100067ec                _imu_calibrate_task
 .text.imu_set_enabled
                0x1000694c        0xc CMakeFiles/GCULTIMATE_R4K_RP2040.dir/lib/HOJA-LIB-RP2040/src/input/imu.c.obj
                0x1000694c                imu_set_enabled
 .text.imu_task
                0x10006958      0x158 CMakeFiles/GCULTIMATE_R4K_RP2040.dir/lib/HOJA-LIB-RP2040/src/input/imu.c.obj
                0x10006958                imu_task
 .text._remap_load_remap
                0x10006ab0       0x60 CMakeFiles/GCULTIMATE_R4K_RP2040.dir/lib/HOJA-LIB-RP2040/src/input/remap.c.obj
                0x10006ab0                _remap_load_remap
 .text._remap_pack_remap
                0x10006b10       0xda CMakeFiles/GCULTIMATE_R4K_RP2040.dir/lib/HOJA-LIB-RP2040/src/input/remap.c.obj
                0x10006b10                _remap_pack_remap
 .text._remap_unpack_remap
                0x10006bea       0x72 CMakeFiles/GCULTIMATE_R4K_RP2040.dir/lib/HOJA-LIB-RP2040/src/input/remap.c.obj
                0x10006bea                _remap_unpack_remap
 .text.remap_reset_default
                0x10006c5c       0x74 CMakeFiles/GCULTIMATE_R4K_RP2040.dir/lib/HOJA-LIB-RP2040/src/input/remap.c.obj
                0x10006c5c                remap_reset_default
 .text.remap_init
                0x10006cd0       0x5c CMakeFiles/GCULTIMATE_R4K_RP2040.dir/lib/HOJA-LIB-RP2040/src/input/remap.c.obj
                0x10006cd0                remap_init
 .text.remap_set_gc_sp
                0x10006d2c       0x10 CMakeFiles/GCULTIMATE_R4K_RP2040.dir/lib/HOJA-LIB-RP2040/src/input/remap.c.obj
                0x10006d2c                remap_set_gc_sp
 .text.remap_listen_stop
                0x10006d3c       0x20 CMakeFiles/GCULTIMATE_R4K_RP2040.dir/lib/HOJA-LIB-RP2040/src/input/remap.c.obj
                0x10006d3c                remap_listen_stop
 .text.remap_send_data_webusb
                0x10006d5c       0xf8 CMakeFiles/GCULTIMATE_R4K_RP2040.dir/lib/HOJA-LIB-RP2040/src/input/remap.c.obj
                0x10006d5c                remap_send_data_webusb
 .text._remap_listener
                0x10006e54       0xec CMakeFiles/GCULTIMATE_R4K_RP2040.dir/lib/HOJA-LIB-RP2040/src/input/remap.c.obj
                0x10006e54                _remap_listener
 .text.remap_listen_enable
                0x10006f40       0x40 CMakeFiles/GCULTIMATE_R4K_RP2040.dir/lib/HOJA-LIB-RP2040/src/input/remap.c.obj
                0x10006f40                remap_listen_enable
 .text.remap_buttons_task
                0x10006f80      0x420 CMakeFiles/GCULTIMATE_R4K_RP2040.dir/lib/HOJA-LIB-RP2040/src/input/remap.c.obj
                0x10006f80                remap_buttons_task
 .text._is_opposite_direction
                0x100073a0       0x1c CMakeFiles/GCULTIMATE_R4K_RP2040.dir/lib/HOJA-LIB-RP2040/src/input/snapback.c.obj
                0x100073a0                _is_opposite_direction
 .text._get_2d_distance
                0x100073bc       0x42 CMakeFiles/GCULTIMATE_R4K_RP2040.dir/lib/HOJA-LIB-RP2040/src/input/snapback.c.obj
                0x100073bc                _get_2d_distance
 .text._is_distance_falling
                0x100073fe       0x18 CMakeFiles/GCULTIMATE_R4K_RP2040.dir/lib/HOJA-LIB-RP2040/src/input/snapback.c.obj
                0x100073fe                _is_distance_falling
 .text._center_trigger_detect
                0x10007416       0x2a CMakeFiles/GCULTIMATE_R4K_RP2040.dir/lib/HOJA-LIB-RP2040/src/input/snapback.c.obj
                0x10007416                _center_trigger_detect
 .text._add_axis
                0x10007440      0x110 CMakeFiles/GCULTIMATE_R4K_RP2040.dir/lib/HOJA-LIB-RP2040/src/input/snapback.c.obj
                0x10007440                _add_axis
 .text.snapback_process
                0x10007550       0x38 CMakeFiles/GCULTIMATE_R4K_RP2040.dir/lib/HOJA-LIB-RP2040/src/input/snapback.c.obj
                0x10007550                snapback_process
 .text._snapback_add_value
                0x10007588       0x30 CMakeFiles/GCULTIMATE_R4K_RP2040.dir/lib/HOJA-LIB-RP2040/src/input/snapback.c.obj
                0x10007588                _snapback_add_value
 .text.snapback_webcapture_task
                0x100075b8      0x118 CMakeFiles/GCULTIMATE_R4K_RP2040.dir/lib/HOJA-LIB-RP2040/src/input/snapback.c.obj
                0x100075b8                snapback_webcapture_task
 .text._stick_sub_angle_scale
                0x100076d0       0x40 CMakeFiles/GCULTIMATE_R4K_RP2040.dir/lib/HOJA-LIB-RP2040/src/input/stick_scaling.c.obj
                0x100076d0                _stick_sub_angle_scale
 .text._get_angle_distance
                0x10007710       0x34 CMakeFiles/GCULTIMATE_R4K_RP2040.dir/lib/HOJA-LIB-RP2040/src/input/stick_scaling.c.obj
                0x10007710                _get_angle_distance
 .text._is_angle_between
                0x10007744       0x58 CMakeFiles/GCULTIMATE_R4K_RP2040.dir/lib/HOJA-LIB-RP2040/src/input/stick_scaling.c.obj
                0x10007744                _is_angle_between
 .text._stick_get_processed_octant
                0x1000779c       0x38 CMakeFiles/GCULTIMATE_R4K_RP2040.dir/lib/HOJA-LIB-RP2040/src/input/stick_scaling.c.obj
                0x1000779c                _stick_get_processed_octant
 .text._stick_get_octant
                0x100077d4       0x58 CMakeFiles/GCULTIMATE_R4K_RP2040.dir/lib/HOJA-LIB-RP2040/src/input/stick_scaling.c.obj
                0x100077d4                _stick_get_octant
 .text._stick_angle_adjust
                0x1000782c       0x3c CMakeFiles/GCULTIMATE_R4K_RP2040.dir/lib/HOJA-LIB-RP2040/src/input/stick_scaling.c.obj
                0x1000782c                _stick_angle_adjust
 .text.stick_get_angle
                0x10007868       0x70 CMakeFiles/GCULTIMATE_R4K_RP2040.dir/lib/HOJA-LIB-RP2040/src/input/stick_scaling.c.obj
                0x10007868                stick_get_angle
 .text.stick_get_distance
                0x100078d8       0x56 CMakeFiles/GCULTIMATE_R4K_RP2040.dir/lib/HOJA-LIB-RP2040/src/input/stick_scaling.c.obj
                0x100078d8                stick_get_distance
 *fill*         0x1000792e        0x2 
 .text.stick_normalized_vector
                0x10007930       0x40 CMakeFiles/GCULTIMATE_R4K_RP2040.dir/lib/HOJA-LIB-RP2040/src/input/stick_scaling.c.obj
                0x10007930                stick_normalized_vector
 .text._stick_process_input
                0x10007970      0x168 CMakeFiles/GCULTIMATE_R4K_RP2040.dir/lib/HOJA-LIB-RP2040/src/input/stick_scaling.c.obj
                0x10007970                _stick_process_input
 .text._precalculate_distance_scalers
                0x10007ad8       0x24 CMakeFiles/GCULTIMATE_R4K_RP2040.dir/lib/HOJA-LIB-RP2040/src/input/stick_scaling.c.obj
                0x10007ad8                _precalculate_distance_scalers
 .text._precalculate_angle_scalers
                0x10007afc       0x38 CMakeFiles/GCULTIMATE_R4K_RP2040.dir/lib/HOJA-LIB-RP2040/src/input/stick_scaling.c.obj
                0x10007afc                _precalculate_angle_scalers
 .text._precalculate_angle_substate
                0x10007b34       0x7c CMakeFiles/GCULTIMATE_R4K_RP2040.dir/lib/HOJA-LIB-RP2040/src/input/stick_scaling.c.obj
                0x10007b34                _precalculate_angle_substate
 .text.stick_scaling_get_settings
                0x10007bb0       0x40 CMakeFiles/GCULTIMATE_R4K_RP2040.dir/lib/HOJA-LIB-RP2040/src/input/stick_scaling.c.obj
                0x10007bb0                stick_scaling_get_settings
 .text.stick_scaling_set_settings
                0x10007bf0       0x28 CMakeFiles/GCULTIMATE_R4K_RP2040.dir/lib/HOJA-LIB-RP2040/src/input/stick_scaling.c.obj
                0x10007bf0                stick_scaling_set_settings
 .text.stick_scaling_init
                0x10007c18       0x60 CMakeFiles/GCULTIMATE_R4K_RP2040.dir/lib/HOJA-LIB-RP2040/src/input/stick_scaling.c.obj
                0x10007c18                stick_scaling_init
 .text.stick_scaling_reset_distances
                0x10007c78       0x44 CMakeFiles/GCULTIMATE_R4K_RP2040.dir/lib/HOJA-LIB-RP2040/src/input/stick_scaling.c.obj
                0x10007c78                stick_scaling_reset_distances
 .text.stick_scaling_capture_distances
                0x10007cbc      0x1bc CMakeFiles/GCULTIMATE_R4K_RP2040.dir/lib/HOJA-LIB-RP2040/src/input/stick_scaling.c.obj
                0x10007cbc                stick_scaling_capture_distances
 .text.stick_scaling_capture_center
                0x10007e78       0x2c CMakeFiles/GCULTIMATE_R4K_RP2040.dir/lib/HOJA-LIB-RP2040/src/input/stick_scaling.c.obj
                0x10007e78                stick_scaling_capture_center
 .text.stick_scaling_get_octant_axis
                0x10007ea4       0xac CMakeFiles/GCULTIMATE_R4K_RP2040.dir/lib/HOJA-LIB-RP2040/src/input/stick_scaling.c.obj
                0x10007ea4                stick_scaling_get_octant_axis
 .text.stick_scaling_get_octant_axis_offset
                0x10007f50       0xd4 CMakeFiles/GCULTIMATE_R4K_RP2040.dir/lib/HOJA-LIB-RP2040/src/input/stick_scaling.c.obj
                0x10007f50                stick_scaling_get_octant_axis_offset
 .text.stick_scaling_capture_angle
                0x10008024       0xfc CMakeFiles/GCULTIMATE_R4K_RP2040.dir/lib/HOJA-LIB-RP2040/src/input/stick_scaling.c.obj
                0x10008024                stick_scaling_capture_angle
 .text.stick_scaling_process_data
                0x10008120      0x168 CMakeFiles/GCULTIMATE_R4K_RP2040.dir/lib/HOJA-LIB-RP2040/src/input/stick_scaling.c.obj
                0x10008120                stick_scaling_process_data
 .text.analog_send_reset
                0x10008288       0x24 CMakeFiles/GCULTIMATE_R4K_RP2040.dir/lib/HOJA-LIB-RP2040/src/input/analog.c.obj
                0x10008288                analog_send_reset
 .text.analog_calibrate_start
                0x100082ac       0x4c CMakeFiles/GCULTIMATE_R4K_RP2040.dir/lib/HOJA-LIB-RP2040/src/input/analog.c.obj
                0x100082ac                analog_calibrate_start
 .text.analog_init
                0x100082f8       0x40 CMakeFiles/GCULTIMATE_R4K_RP2040.dir/lib/HOJA-LIB-RP2040/src/input/analog.c.obj
                0x100082f8                analog_init
 .text.analog_calibrate_stop
                0x10008338       0x2c CMakeFiles/GCULTIMATE_R4K_RP2040.dir/lib/HOJA-LIB-RP2040/src/input/analog.c.obj
                0x10008338                analog_calibrate_stop
 .text.analog_calibrate_save
                0x10008364       0x34 CMakeFiles/GCULTIMATE_R4K_RP2040.dir/lib/HOJA-LIB-RP2040/src/input/analog.c.obj
                0x10008364                analog_calibrate_save
 .text.analog_calibrate_angle
                0x10008398       0x10 CMakeFiles/GCULTIMATE_R4K_RP2040.dir/lib/HOJA-LIB-RP2040/src/input/analog.c.obj
                0x10008398                analog_calibrate_angle
 .text._analog_calibrate_loop
                0x100083a8       0x64 CMakeFiles/GCULTIMATE_R4K_RP2040.dir/lib/HOJA-LIB-RP2040/src/input/analog.c.obj
                0x100083a8                _analog_calibrate_loop
 .text._analog_distance_check
                0x1000840c       0x4e CMakeFiles/GCULTIMATE_R4K_RP2040.dir/lib/HOJA-LIB-RP2040/src/input/analog.c.obj
                0x1000840c                _analog_distance_check
 *fill*         0x1000845a        0x2 
 .text.analog_get_octoangle_data
                0x1000845c       0x18 CMakeFiles/GCULTIMATE_R4K_RP2040.dir/lib/HOJA-LIB-RP2040/src/input/analog.c.obj
                0x1000845c                analog_get_octoangle_data
 .text.analog_get_subangle_data
                0x10008474       0x18 CMakeFiles/GCULTIMATE_R4K_RP2040.dir/lib/HOJA-LIB-RP2040/src/input/analog.c.obj
                0x10008474                analog_get_subangle_data
 .text._analog_process_deadzone
                0x1000848c      0x244 CMakeFiles/GCULTIMATE_R4K_RP2040.dir/lib/HOJA-LIB-RP2040/src/input/analog.c.obj
                0x1000848c                _analog_process_deadzone
 .text.analog_task
                0x100086d0       0xa8 CMakeFiles/GCULTIMATE_R4K_RP2040.dir/lib/HOJA-LIB-RP2040/src/input/analog.c.obj
                0x100086d0                analog_task
 .text.triggers_set_disabled
                0x10008778       0x38 CMakeFiles/GCULTIMATE_R4K_RP2040.dir/lib/HOJA-LIB-RP2040/src/input/triggers.c.obj
                0x10008778                triggers_set_disabled
 .text.triggers_start_calibration
                0x100087b0       0x4c CMakeFiles/GCULTIMATE_R4K_RP2040.dir/lib/HOJA-LIB-RP2040/src/input/triggers.c.obj
                0x100087b0                triggers_start_calibration
 .text.triggers_stop_calibration
                0x100087fc       0x24 CMakeFiles/GCULTIMATE_R4K_RP2040.dir/lib/HOJA-LIB-RP2040/src/input/triggers.c.obj
                0x100087fc                triggers_stop_calibration
 .text.triggers_scale_init
                0x10008820       0x60 CMakeFiles/GCULTIMATE_R4K_RP2040.dir/lib/HOJA-LIB-RP2040/src/input/triggers.c.obj
                0x10008820                triggers_scale_init
 .text.triggers_scale
                0x10008880      0x19c CMakeFiles/GCULTIMATE_R4K_RP2040.dir/lib/HOJA-LIB-RP2040/src/input/triggers.c.obj
                0x10008880                triggers_scale
 .text.macro_deinit_complete
                0x10008a1c        0xc CMakeFiles/GCULTIMATE_R4K_RP2040.dir/lib/HOJA-LIB-RP2040/src/input/macros.c.obj
                0x10008a1c                macro_deinit_complete
 .text.macro_handler_task
                0x10008a28      0x150 CMakeFiles/GCULTIMATE_R4K_RP2040.dir/lib/HOJA-LIB-RP2040/src/input/macros.c.obj
                0x10008a28                macro_handler_task
 .text.macro_safe_mode_check
                0x10008b78        0xc CMakeFiles/GCULTIMATE_R4K_RP2040.dir/lib/HOJA-LIB-RP2040/src/input/macros.c.obj
                0x10008b78                macro_safe_mode_check
 .text.gcinput_hid_report
                0x10008b84      0x45c CMakeFiles/GCULTIMATE_R4K_RP2040.dir/lib/HOJA-LIB-RP2040/src/devices/gcinput.c.obj
                0x10008b84                gcinput_hid_report
 .text.joybus_program_init
                0x10008fe0      0x1a0 CMakeFiles/GCULTIMATE_R4K_RP2040.dir/lib/HOJA-LIB-RP2040/src/devices/gamecube.c.obj
 .text._gamecube_isr_txdone
                0x10009180       0x68 CMakeFiles/GCULTIMATE_R4K_RP2040.dir/lib/HOJA-LIB-RP2040/src/devices/gamecube.c.obj
 .text._gamecube_send_probe
                0x100091e8       0x34 CMakeFiles/GCULTIMATE_R4K_RP2040.dir/lib/HOJA-LIB-RP2040/src/devices/gamecube.c.obj
                0x100091e8                _gamecube_send_probe
 .text._gamecube_send_origin
                0x1000921c       0x9c CMakeFiles/GCULTIMATE_R4K_RP2040.dir/lib/HOJA-LIB-RP2040/src/devices/gamecube.c.obj
                0x1000921c                _gamecube_send_origin
 .text._gamecube_send_poll
                0x100092b8       0xa0 CMakeFiles/GCULTIMATE_R4K_RP2040.dir/lib/HOJA-LIB-RP2040/src/devices/gamecube.c.obj
                0x100092b8                _gamecube_send_poll
 .text._gamecube_reset_state
                0x10009358       0x5c CMakeFiles/GCULTIMATE_R4K_RP2040.dir/lib/HOJA-LIB-RP2040/src/devices/gamecube.c.obj
                0x10009358                _gamecube_reset_state
 .text._gamecube_isr_handler
                0x100093b4       0x3c CMakeFiles/GCULTIMATE_R4K_RP2040.dir/lib/HOJA-LIB-RP2040/src/devices/gamecube.c.obj
 .text.gamecube_comms_task
                0x100093f0      0x65c CMakeFiles/GCULTIMATE_R4K_RP2040.dir/lib/HOJA-LIB-RP2040/src/devices/gamecube.c.obj
                0x100093f0                gamecube_comms_task
 .text.joybus_program_init
                0x10009a4c      0x1a0 CMakeFiles/GCULTIMATE_R4K_RP2040.dir/lib/HOJA-LIB-RP2040/src/devices/n64.c.obj
 .text._n64_isr_txdone
                0x10009bec       0x68 CMakeFiles/GCULTIMATE_R4K_RP2040.dir/lib/HOJA-LIB-RP2040/src/devices/n64.c.obj
 .text._n64_iterate_crc
                0x10009c54        0xc CMakeFiles/GCULTIMATE_R4K_RP2040.dir/lib/HOJA-LIB-RP2040/src/devices/n64.c.obj
                0x10009c54                _n64_iterate_crc
 .text._n64_send_rumble_identify
                0x10009c60       0x30 CMakeFiles/GCULTIMATE_R4K_RP2040.dir/lib/HOJA-LIB-RP2040/src/devices/n64.c.obj
                0x10009c60                _n64_send_rumble_identify
 .text._n64_send_null_identify
                0x10009c90       0x20 CMakeFiles/GCULTIMATE_R4K_RP2040.dir/lib/HOJA-LIB-RP2040/src/devices/n64.c.obj
                0x10009c90                _n64_send_null_identify
 .text._n64_send_probe
                0x10009cb0       0x34 CMakeFiles/GCULTIMATE_R4K_RP2040.dir/lib/HOJA-LIB-RP2040/src/devices/n64.c.obj
                0x10009cb0                _n64_send_probe
 .text._n64_send_pak_write
                0x10009ce4       0x1c CMakeFiles/GCULTIMATE_R4K_RP2040.dir/lib/HOJA-LIB-RP2040/src/devices/n64.c.obj
                0x10009ce4                _n64_send_pak_write
 .text._n64_send_poll
                0x10009d00       0x5c CMakeFiles/GCULTIMATE_R4K_RP2040.dir/lib/HOJA-LIB-RP2040/src/devices/n64.c.obj
                0x10009d00                _n64_send_poll
 .text._n64_isr_handler
                0x10009d5c       0x34 CMakeFiles/GCULTIMATE_R4K_RP2040.dir/lib/HOJA-LIB-RP2040/src/devices/n64.c.obj
 .text._n64_reset_state
                0x10009d90       0x5c CMakeFiles/GCULTIMATE_R4K_RP2040.dir/lib/HOJA-LIB-RP2040/src/devices/n64.c.obj
                0x10009d90                _n64_reset_state
 .text.n64_comms_task
                0x10009dec      0x288 CMakeFiles/GCULTIMATE_R4K_RP2040.dir/lib/HOJA-LIB-RP2040/src/devices/n64.c.obj
                0x10009dec                n64_comms_task
 .text._nspi_isr_handler
                0x1000a074       0x78 CMakeFiles/GCULTIMATE_R4K_RP2040.dir/lib/HOJA-LIB-RP2040/src/devices/nspi.c.obj
 .text.nspi_init
                0x1000a0ec      0x2c4 CMakeFiles/GCULTIMATE_R4K_RP2040.dir/lib/HOJA-LIB-RP2040/src/devices/nspi.c.obj
                0x1000a0ec                nspi_init
 .text.nspi_comms_task
                0x1000a3b0      0x190 CMakeFiles/GCULTIMATE_R4K_RP2040.dir/lib/HOJA-LIB-RP2040/src/devices/nspi.c.obj
                0x1000a3b0                nspi_comms_task
 .text.swpro_hid_report
                0x1000a540      0x1b8 CMakeFiles/GCULTIMATE_R4K_RP2040.dir/lib/HOJA-LIB-RP2040/src/devices/swpro.c.obj
                0x1000a540                swpro_hid_report
 .text.webusb_output_enabled
                0x1000a6f8        0xc CMakeFiles/GCULTIMATE_R4K_RP2040.dir/lib/HOJA-LIB-RP2040/src/devices/webusb.c.obj
                0x1000a6f8                webusb_output_enabled
 .text.webusb_enable_output
                0x1000a704        0xc CMakeFiles/GCULTIMATE_R4K_RP2040.dir/lib/HOJA-LIB-RP2040/src/devices/webusb.c.obj
                0x1000a704                webusb_enable_output
 .text.webusb_ready_blocking
                0x1000a710       0x3e CMakeFiles/GCULTIMATE_R4K_RP2040.dir/lib/HOJA-LIB-RP2040/src/devices/webusb.c.obj
                0x1000a710                webusb_ready_blocking
 *fill*         0x1000a74e        0x2 
 .text.webusb_input_report_task
                0x1000a750      0x1bc CMakeFiles/GCULTIMATE_R4K_RP2040.dir/lib/HOJA-LIB-RP2040/src/devices/webusb.c.obj
                0x1000a750                webusb_input_report_task
 .text.webusb_save_confirm
                0x1000a90c       0x48 CMakeFiles/GCULTIMATE_R4K_RP2040.dir/lib/HOJA-LIB-RP2040/src/devices/webusb.c.obj
                0x1000a90c                webusb_save_confirm
 .text.webusb_command_processor
                0x1000a954      0x838 CMakeFiles/GCULTIMATE_R4K_RP2040.dir/lib/HOJA-LIB-RP2040/src/devices/webusb.c.obj
                0x1000a954                webusb_command_processor
 .text.sign_axis
                0x1000b18c       0x54 CMakeFiles/GCULTIMATE_R4K_RP2040.dir/lib/HOJA-LIB-RP2040/src/devices/xinput.c.obj
                0x1000b18c                sign_axis
 .text.xinput_hid_report
                0x1000b1e0      0x17c CMakeFiles/GCULTIMATE_R4K_RP2040.dir/lib/HOJA-LIB-RP2040/src/devices/xinput.c.obj
                0x1000b1e0                xinput_hid_report
 .text.crc8_compute
                0x1000b35c       0x40 CMakeFiles/GCULTIMATE_R4K_RP2040.dir/lib/HOJA-LIB-RP2040/src/devices/btinput.c.obj
                0x1000b35c                crc8_compute
 .text.crc8_verify
                0x1000b39c       0x12 CMakeFiles/GCULTIMATE_R4K_RP2040.dir/lib/HOJA-LIB-RP2040/src/devices/btinput.c.obj
                0x1000b39c                crc8_verify
 *fill*         0x1000b3ae        0x2 
 .text._bt_clear_out
                0x1000b3b0       0x14 CMakeFiles/GCULTIMATE_R4K_RP2040.dir/lib/HOJA-LIB-RP2040/src/devices/btinput.c.obj
                0x1000b3b0                _bt_clear_out
 .text._bt_clear_in
                0x1000b3c4       0x14 CMakeFiles/GCULTIMATE_R4K_RP2040.dir/lib/HOJA-LIB-RP2040/src/devices/btinput.c.obj
                0x1000b3c4                _bt_clear_in
 .text.btinput_capability_reset_flag
                0x1000b3d8        0xc CMakeFiles/GCULTIMATE_R4K_RP2040.dir/lib/HOJA-LIB-RP2040/src/devices/btinput.c.obj
                0x1000b3d8                btinput_capability_reset_flag
 .text.btinput_get_version
                0x1000b3e4       0x90 CMakeFiles/GCULTIMATE_R4K_RP2040.dir/lib/HOJA-LIB-RP2040/src/devices/btinput.c.obj
                0x1000b3e4                btinput_get_version
 .text.btinput_init
                0x1000b474      0x114 CMakeFiles/GCULTIMATE_R4K_RP2040.dir/lib/HOJA-LIB-RP2040/src/devices/btinput.c.obj
                0x1000b474                btinput_init
 .text._btinput_message_parse
                0x1000b588      0x184 CMakeFiles/GCULTIMATE_R4K_RP2040.dir/lib/HOJA-LIB-RP2040/src/devices/btinput.c.obj
                0x1000b588                _btinput_message_parse
 .text.btinput_comms_task
                0x1000b70c      0x17c CMakeFiles/GCULTIMATE_R4K_RP2040.dir/lib/HOJA-LIB-RP2040/src/devices/btinput.c.obj
                0x1000b70c                btinput_comms_task
 .text.ds4_hid_report
                0x1000b888      0x1d4 CMakeFiles/GCULTIMATE_R4K_RP2040.dir/lib/HOJA-LIB-RP2040/src/devices/ds4input.c.obj
                0x1000b888                ds4_hid_report
 .text.set_sys_clock_pll
                0x1000ba5c       0x78 CMakeFiles/GCULTIMATE_R4K_RP2040.dir/C_/Program_Files/Raspberry_Pi/Pico_SDK_v1.5.1/pico-sdk/src/rp2_common/pico_stdlib/stdlib.c.obj
                0x1000ba5c                set_sys_clock_pll
 .text.check_sys_clock_khz
                0x1000bad4       0xa4 CMakeFiles/GCULTIMATE_R4K_RP2040.dir/C_/Program_Files/Raspberry_Pi/Pico_SDK_v1.5.1/pico-sdk/src/rp2_common/pico_stdlib/stdlib.c.obj
                0x1000bad4                check_sys_clock_khz
 .text.gpio_set_function
                0x1000bb78       0x30 CMakeFiles/GCULTIMATE_R4K_RP2040.dir/C_/Program_Files/Raspberry_Pi/Pico_SDK_v1.5.1/pico-sdk/src/rp2_common/hardware_gpio/gpio.c.obj
                0x1000bb78                gpio_set_function
 .text.gpio_set_pulls
                0x1000bba8       0x34 CMakeFiles/GCULTIMATE_R4K_RP2040.dir/C_/Program_Files/Raspberry_Pi/Pico_SDK_v1.5.1/pico-sdk/src/rp2_common/hardware_gpio/gpio.c.obj
                0x1000bba8                gpio_set_pulls
 .text.gpio_set_input_enabled
                0x1000bbdc       0x30 CMakeFiles/GCULTIMATE_R4K_RP2040.dir/C_/Program_Files/Raspberry_Pi/Pico_SDK_v1.5.1/pico-sdk/src/rp2_common/hardware_gpio/gpio.c.obj
                0x1000bbdc                gpio_set_input_enabled
 .text.gpio_init
                0x1000bc0c       0x16 CMakeFiles/GCULTIMATE_R4K_RP2040.dir/C_/Program_Files/Raspberry_Pi/Pico_SDK_v1.5.1/pico-sdk/src/rp2_common/hardware_gpio/gpio.c.obj
                0x1000bc0c                gpio_init
 *fill*         0x1000bc22        0x2 
 .text.running_on_fpga
                0x1000bc24       0x14 CMakeFiles/GCULTIMATE_R4K_RP2040.dir/C_/Program_Files/Raspberry_Pi/Pico_SDK_v1.5.1/pico-sdk/src/rp2_common/pico_platform/platform.c.obj
                0x1000bc24                running_on_fpga
 .text.hw_claim_lock
                0x1000bc38       0x18 CMakeFiles/GCULTIMATE_R4K_RP2040.dir/C_/Program_Files/Raspberry_Pi/Pico_SDK_v1.5.1/pico-sdk/src/rp2_common/hardware_claim/claim.c.obj
                0x1000bc38                hw_claim_lock
 .text.hw_claim_unlock
                0x1000bc50       0x14 CMakeFiles/GCULTIMATE_R4K_RP2040.dir/C_/Program_Files/Raspberry_Pi/Pico_SDK_v1.5.1/pico-sdk/src/rp2_common/hardware_claim/claim.c.obj
                0x1000bc50                hw_claim_unlock
 .text.hw_claim_or_assert
                0x1000bc64       0x32 CMakeFiles/GCULTIMATE_R4K_RP2040.dir/C_/Program_Files/Raspberry_Pi/Pico_SDK_v1.5.1/pico-sdk/src/rp2_common/hardware_claim/claim.c.obj
                0x1000bc64                hw_claim_or_assert
 .text.hw_claim_unused_from_range
                0x1000bc96       0x50 CMakeFiles/GCULTIMATE_R4K_RP2040.dir/C_/Program_Files/Raspberry_Pi/Pico_SDK_v1.5.1/pico-sdk/src/rp2_common/hardware_claim/claim.c.obj
                0x1000bc96                hw_claim_unused_from_range
 *fill*         0x1000bce6        0x2 
 .text.spin_locks_reset
                0x1000bce8       0x20 CMakeFiles/GCULTIMATE_R4K_RP2040.dir/C_/Program_Files/Raspberry_Pi/Pico_SDK_v1.5.1/pico-sdk/src/rp2_common/hardware_sync/sync.c.obj
                0x1000bce8                spin_locks_reset
 .text.next_striped_spin_lock_num
                0x1000bd08       0x1c CMakeFiles/GCULTIMATE_R4K_RP2040.dir/C_/Program_Files/Raspberry_Pi/Pico_SDK_v1.5.1/pico-sdk/src/rp2_common/hardware_sync/sync.c.obj
                0x1000bd08                next_striped_spin_lock_num
 .text.spin_lock_claim_unused
                0x1000bd24       0x20 CMakeFiles/GCULTIMATE_R4K_RP2040.dir/C_/Program_Files/Raspberry_Pi/Pico_SDK_v1.5.1/pico-sdk/src/rp2_common/hardware_sync/sync.c.obj
                0x1000bd24                spin_lock_claim_unused
 .text.set_raw_irq_handler_and_unlock
                0x1000bd44       0x28 CMakeFiles/GCULTIMATE_R4K_RP2040.dir/C_/Program_Files/Raspberry_Pi/Pico_SDK_v1.5.1/pico-sdk/src/rp2_common/hardware_irq/irq.c.obj
 .text.make_branch
                0x1000bd6c       0x48 CMakeFiles/GCULTIMATE_R4K_RP2040.dir/C_/Program_Files/Raspberry_Pi/Pico_SDK_v1.5.1/pico-sdk/src/rp2_common/hardware_irq/irq.c.obj
 .text.insert_branch_and_link
                0x1000bdb4       0x40 CMakeFiles/GCULTIMATE_R4K_RP2040.dir/C_/Program_Files/Raspberry_Pi/Pico_SDK_v1.5.1/pico-sdk/src/rp2_common/hardware_irq/irq.c.obj
 .text.irq_is_enabled
                0x1000bdf4       0x18 CMakeFiles/GCULTIMATE_R4K_RP2040.dir/C_/Program_Files/Raspberry_Pi/Pico_SDK_v1.5.1/pico-sdk/src/rp2_common/hardware_irq/irq.c.obj
                0x1000bdf4                irq_is_enabled
 .text.irq_set_mask_enabled
                0x1000be0c       0x20 CMakeFiles/GCULTIMATE_R4K_RP2040.dir/C_/Program_Files/Raspberry_Pi/Pico_SDK_v1.5.1/pico-sdk/src/rp2_common/hardware_irq/irq.c.obj
                0x1000be0c                irq_set_mask_enabled
 .text.irq_set_enabled
                0x1000be2c        0xe CMakeFiles/GCULTIMATE_R4K_RP2040.dir/C_/Program_Files/Raspberry_Pi/Pico_SDK_v1.5.1/pico-sdk/src/rp2_common/hardware_irq/irq.c.obj
                0x1000be2c                irq_set_enabled
 *fill*         0x1000be3a        0x2 
 .text.irq_get_vtable_handler
                0x1000be3c       0x10 CMakeFiles/GCULTIMATE_R4K_RP2040.dir/C_/Program_Files/Raspberry_Pi/Pico_SDK_v1.5.1/pico-sdk/src/rp2_common/hardware_irq/irq.c.obj
                0x1000be3c                irq_get_vtable_handler
 .text.irq_set_exclusive_handler
                0x1000be4c       0x54 CMakeFiles/GCULTIMATE_R4K_RP2040.dir/C_/Program_Files/Raspberry_Pi/Pico_SDK_v1.5.1/pico-sdk/src/rp2_common/hardware_irq/irq.c.obj
                0x1000be4c                irq_set_exclusive_handler
 .text.irq_add_shared_handler
                0x1000bea0      0x234 CMakeFiles/GCULTIMATE_R4K_RP2040.dir/C_/Program_Files/Raspberry_Pi/Pico_SDK_v1.5.1/pico-sdk/src/rp2_common/hardware_irq/irq.c.obj
                0x1000bea0                irq_add_shared_handler
 .text.irq_remove_handler
                0x1000c0d4      0x1ac CMakeFiles/GCULTIMATE_R4K_RP2040.dir/C_/Program_Files/Raspberry_Pi/Pico_SDK_v1.5.1/pico-sdk/src/rp2_common/hardware_irq/irq.c.obj
                0x1000c0d4                irq_remove_handler
 .text.irq_add_tail_to_free_list
                0x1000c280       0xf0 CMakeFiles/GCULTIMATE_R4K_RP2040.dir/C_/Program_Files/Raspberry_Pi/Pico_SDK_v1.5.1/pico-sdk/src/rp2_common/hardware_irq/irq.c.obj
                0x1000c280                irq_add_tail_to_free_list
 .text.irq_init_priorities
                0x1000c370       0x1c CMakeFiles/GCULTIMATE_R4K_RP2040.dir/C_/Program_Files/Raspberry_Pi/Pico_SDK_v1.5.1/pico-sdk/src/rp2_common/hardware_irq/irq.c.obj
                0x1000c370                irq_init_priorities
 .text.lock_init
                0x1000c38c       0x10 CMakeFiles/GCULTIMATE_R4K_RP2040.dir/C_/Program_Files/Raspberry_Pi/Pico_SDK_v1.5.1/pico-sdk/src/common/pico_sync/lock_core.c.obj
                0x1000c38c                lock_init
 .text.mutex_init
                0x1000c39c       0x1a CMakeFiles/GCULTIMATE_R4K_RP2040.dir/C_/Program_Files/Raspberry_Pi/Pico_SDK_v1.5.1/pico-sdk/src/common/pico_sync/mutex.c.obj
                0x1000c39c                mutex_init
 .text.recursive_mutex_init
                0x1000c3b6       0x1e CMakeFiles/GCULTIMATE_R4K_RP2040.dir/C_/Program_Files/Raspberry_Pi/Pico_SDK_v1.5.1/pico-sdk/src/common/pico_sync/mutex.c.obj
                0x1000c3b6                recursive_mutex_init
 .text.critical_section_init_with_lock_num
                0x1000c3d4       0x14 CMakeFiles/GCULTIMATE_R4K_RP2040.dir/C_/Program_Files/Raspberry_Pi/Pico_SDK_v1.5.1/pico-sdk/src/common/pico_sync/critical_section.c.obj
                0x1000c3d4                critical_section_init_with_lock_num
 .text.critical_section_init
                0x1000c3e8       0x14 CMakeFiles/GCULTIMATE_R4K_RP2040.dir/C_/Program_Files/Raspberry_Pi/Pico_SDK_v1.5.1/pico-sdk/src/common/pico_sync/critical_section.c.obj
                0x1000c3e8                critical_section_init
 .text.alarm_pool_post_alloc_init
                0x1000c3fc       0x40 CMakeFiles/GCULTIMATE_R4K_RP2040.dir/C_/Program_Files/Raspberry_Pi/Pico_SDK_v1.5.1/pico-sdk/src/common/pico_time/time.c.obj
 .text.sleep_until_callback
                0x1000c43c       0x30 CMakeFiles/GCULTIMATE_R4K_RP2040.dir/C_/Program_Files/Raspberry_Pi/Pico_SDK_v1.5.1/pico-sdk/src/common/pico_time/time.c.obj
 .text.timer_pool_entry_comparator
                0x1000c46c       0x7c CMakeFiles/GCULTIMATE_R4K_RP2040.dir/C_/Program_Files/Raspberry_Pi/Pico_SDK_v1.5.1/pico-sdk/src/common/pico_time/time.c.obj
                0x1000c46c                timer_pool_entry_comparator
 .text.ph_add_child_node
                0x1000c4e8       0xa4 CMakeFiles/GCULTIMATE_R4K_RP2040.dir/C_/Program_Files/Raspberry_Pi/Pico_SDK_v1.5.1/pico-sdk/src/common/pico_time/time.c.obj
 .text.ph_merge_nodes
                0x1000c58c       0x3e CMakeFiles/GCULTIMATE_R4K_RP2040.dir/C_/Program_Files/Raspberry_Pi/Pico_SDK_v1.5.1/pico-sdk/src/common/pico_time/time.c.obj
 *fill*         0x1000c5ca        0x2 
 .text.add_alarm_under_lock
                0x1000c5cc      0x174 CMakeFiles/GCULTIMATE_R4K_RP2040.dir/C_/Program_Files/Raspberry_Pi/Pico_SDK_v1.5.1/pico-sdk/src/common/pico_time/time.c.obj
 .text.alarm_pool_alarm_callback
                0x1000c740      0x33c CMakeFiles/GCULTIMATE_R4K_RP2040.dir/C_/Program_Files/Raspberry_Pi/Pico_SDK_v1.5.1/pico-sdk/src/common/pico_time/time.c.obj
 .text.alarm_pool_init_default
                0x1000ca7c       0x40 CMakeFiles/GCULTIMATE_R4K_RP2040.dir/C_/Program_Files/Raspberry_Pi/Pico_SDK_v1.5.1/pico-sdk/src/common/pico_time/time.c.obj
                0x1000ca7c                alarm_pool_init_default
 .text.alarm_pool_get_default
                0x1000cabc       0x2c CMakeFiles/GCULTIMATE_R4K_RP2040.dir/C_/Program_Files/Raspberry_Pi/Pico_SDK_v1.5.1/pico-sdk/src/common/pico_time/time.c.obj
                0x1000cabc                alarm_pool_get_default
 .text.alarm_pool_add_alarm_at
                0x1000cae8      0x168 CMakeFiles/GCULTIMATE_R4K_RP2040.dir/C_/Program_Files/Raspberry_Pi/Pico_SDK_v1.5.1/pico-sdk/src/common/pico_time/time.c.obj
                0x1000cae8                alarm_pool_add_alarm_at
 .text.alarm_pool_cancel_alarm
                0x1000cc50       0xf8 CMakeFiles/GCULTIMATE_R4K_RP2040.dir/C_/Program_Files/Raspberry_Pi/Pico_SDK_v1.5.1/pico-sdk/src/common/pico_time/time.c.obj
                0x1000cc50                alarm_pool_cancel_alarm
 .text.sleep_until
                0x1000cd48       0xfc CMakeFiles/GCULTIMATE_R4K_RP2040.dir/C_/Program_Files/Raspberry_Pi/Pico_SDK_v1.5.1/pico-sdk/src/common/pico_time/time.c.obj
                0x1000cd48                sleep_until
 .text.sleep_us
                0x1000ce44       0x58 CMakeFiles/GCULTIMATE_R4K_RP2040.dir/C_/Program_Files/Raspberry_Pi/Pico_SDK_v1.5.1/pico-sdk/src/common/pico_time/time.c.obj
                0x1000ce44                sleep_us
 .text.sleep_ms
                0x1000ce9c       0x14 CMakeFiles/GCULTIMATE_R4K_RP2040.dir/C_/Program_Files/Raspberry_Pi/Pico_SDK_v1.5.1/pico-sdk/src/common/pico_time/time.c.obj
                0x1000ce9c                sleep_ms
 .text.best_effort_wfe_or_timeout
                0x1000ceb0       0xac CMakeFiles/GCULTIMATE_R4K_RP2040.dir/C_/Program_Files/Raspberry_Pi/Pico_SDK_v1.5.1/pico-sdk/src/common/pico_time/time.c.obj
                0x1000ceb0                best_effort_wfe_or_timeout
 .text.check_single_timeout_us
                0x1000cf5c       0x2c CMakeFiles/GCULTIMATE_R4K_RP2040.dir/C_/Program_Files/Raspberry_Pi/Pico_SDK_v1.5.1/pico-sdk/src/common/pico_time/timeout_helper.c.obj
 .text.init_single_timeout_until
                0x1000cf88        0xc CMakeFiles/GCULTIMATE_R4K_RP2040.dir/C_/Program_Files/Raspberry_Pi/Pico_SDK_v1.5.1/pico-sdk/src/common/pico_time/timeout_helper.c.obj
                0x1000cf88                init_single_timeout_until
 .text.hardware_alarm_irq_handler
                0x1000cf94       0x90 CMakeFiles/GCULTIMATE_R4K_RP2040.dir/C_/Program_Files/Raspberry_Pi/Pico_SDK_v1.5.1/pico-sdk/src/rp2_common/hardware_timer/timer.c.obj
 .text.hardware_alarm_claim
                0x1000d024       0x18 CMakeFiles/GCULTIMATE_R4K_RP2040.dir/C_/Program_Files/Raspberry_Pi/Pico_SDK_v1.5.1/pico-sdk/src/rp2_common/hardware_timer/timer.c.obj
                0x1000d024                hardware_alarm_claim
 .text.time_us_64
                0x1000d03c       0x18 CMakeFiles/GCULTIMATE_R4K_RP2040.dir/C_/Program_Files/Raspberry_Pi/Pico_SDK_v1.5.1/pico-sdk/src/rp2_common/hardware_timer/timer.c.obj
                0x1000d03c                time_us_64
 .text.busy_wait_until
                0x1000d054       0x28 CMakeFiles/GCULTIMATE_R4K_RP2040.dir/C_/Program_Files/Raspberry_Pi/Pico_SDK_v1.5.1/pico-sdk/src/rp2_common/hardware_timer/timer.c.obj
                0x1000d054                busy_wait_until
 .text.hardware_alarm_set_callback
                0x1000d07c       0x90 CMakeFiles/GCULTIMATE_R4K_RP2040.dir/C_/Program_Files/Raspberry_Pi/Pico_SDK_v1.5.1/pico-sdk/src/rp2_common/hardware_timer/timer.c.obj
                0x1000d07c                hardware_alarm_set_callback
 .text.hardware_alarm_set_target
                0x1000d10c       0xe8 CMakeFiles/GCULTIMATE_R4K_RP2040.dir/C_/Program_Files/Raspberry_Pi/Pico_SDK_v1.5.1/pico-sdk/src/rp2_common/hardware_timer/timer.c.obj
                0x1000d10c                hardware_alarm_set_target
 .text.hardware_alarm_cancel
                0x1000d1f4       0x40 CMakeFiles/GCULTIMATE_R4K_RP2040.dir/C_/Program_Files/Raspberry_Pi/Pico_SDK_v1.5.1/pico-sdk/src/rp2_common/hardware_timer/timer.c.obj
                0x1000d1f4                hardware_alarm_cancel
 .text.ph_add_child_node
                0x1000d234       0xa4 CMakeFiles/GCULTIMATE_R4K_RP2040.dir/C_/Program_Files/Raspberry_Pi/Pico_SDK_v1.5.1/pico-sdk/src/common/pico_util/pheap.c.obj
 .text.ph_merge_nodes
                0x1000d2d8       0x3e CMakeFiles/GCULTIMATE_R4K_RP2040.dir/C_/Program_Files/Raspberry_Pi/Pico_SDK_v1.5.1/pico-sdk/src/common/pico_util/pheap.c.obj
 *fill*         0x1000d316        0x2 
 .text.ph_clear
                0x1000d318       0x70 CMakeFiles/GCULTIMATE_R4K_RP2040.dir/C_/Program_Files/Raspberry_Pi/Pico_SDK_v1.5.1/pico-sdk/src/common/pico_util/pheap.c.obj
                0x1000d318                ph_clear
 .text.ph_post_alloc_init
                0x1000d388        0xe CMakeFiles/GCULTIMATE_R4K_RP2040.dir/C_/Program_Files/Raspberry_Pi/Pico_SDK_v1.5.1/pico-sdk/src/common/pico_util/pheap.c.obj
                0x1000d388                ph_post_alloc_init
 *fill*         0x1000d396        0x2 
 .text.ph_merge_two_pass
                0x1000d398       0xa8 CMakeFiles/GCULTIMATE_R4K_RP2040.dir/C_/Program_Files/Raspberry_Pi/Pico_SDK_v1.5.1/pico-sdk/src/common/pico_util/pheap.c.obj
                0x1000d398                ph_merge_two_pass
 .text.ph_remove_any_head
                0x1000d440      0x128 CMakeFiles/GCULTIMATE_R4K_RP2040.dir/C_/Program_Files/Raspberry_Pi/Pico_SDK_v1.5.1/pico-sdk/src/common/pico_util/pheap.c.obj
 .text.ph_remove_head
                0x1000d568       0x14 CMakeFiles/GCULTIMATE_R4K_RP2040.dir/C_/Program_Files/Raspberry_Pi/Pico_SDK_v1.5.1/pico-sdk/src/common/pico_util/pheap.c.obj
                0x1000d568                ph_remove_head
 .text.ph_remove_and_free_node
                0x1000d57c       0xf8 CMakeFiles/GCULTIMATE_R4K_RP2040.dir/C_/Program_Files/Raspberry_Pi/Pico_SDK_v1.5.1/pico-sdk/src/common/pico_util/pheap.c.obj
                0x1000d57c                ph_remove_and_free_node
 .text.clock_configure
                0x1000d674      0x108 CMakeFiles/GCULTIMATE_R4K_RP2040.dir/C_/Program_Files/Raspberry_Pi/Pico_SDK_v1.5.1/pico-sdk/src/rp2_common/hardware_clocks/clocks.c.obj
                0x1000d674                clock_configure
 .text.clocks_init
                0x1000d77c      0x100 CMakeFiles/GCULTIMATE_R4K_RP2040.dir/C_/Program_Files/Raspberry_Pi/Pico_SDK_v1.5.1/pico-sdk/src/rp2_common/hardware_clocks/clocks.c.obj
                0x1000d77c                clocks_init
 .text.clock_get_hz
                0x1000d87c        0xc CMakeFiles/GCULTIMATE_R4K_RP2040.dir/C_/Program_Files/Raspberry_Pi/Pico_SDK_v1.5.1/pico-sdk/src/rp2_common/hardware_clocks/clocks.c.obj
                0x1000d87c                clock_get_hz
 .text.frequency_count_khz
                0x1000d888       0x40 CMakeFiles/GCULTIMATE_R4K_RP2040.dir/C_/Program_Files/Raspberry_Pi/Pico_SDK_v1.5.1/pico-sdk/src/rp2_common/hardware_clocks/clocks.c.obj
                0x1000d888                frequency_count_khz
 .text.pll_init
                0x1000d8c8      0x120 CMakeFiles/GCULTIMATE_R4K_RP2040.dir/C_/Program_Files/Raspberry_Pi/Pico_SDK_v1.5.1/pico-sdk/src/rp2_common/hardware_pll/pll.c.obj
                0x1000d8c8                pll_init
 .text.watchdog_start_tick
                0x1000d9e8       0x10 CMakeFiles/GCULTIMATE_R4K_RP2040.dir/C_/Program_Files/Raspberry_Pi/Pico_SDK_v1.5.1/pico-sdk/src/rp2_common/hardware_watchdog/watchdog.c.obj
                0x1000d9e8                watchdog_start_tick
 .text.watchdog_update
                0x1000d9f8       0x14 CMakeFiles/GCULTIMATE_R4K_RP2040.dir/C_/Program_Files/Raspberry_Pi/Pico_SDK_v1.5.1/pico-sdk/src/rp2_common/hardware_watchdog/watchdog.c.obj
                0x1000d9f8                watchdog_update
 .text._watchdog_enable
                0x1000da0c       0x78 CMakeFiles/GCULTIMATE_R4K_RP2040.dir/C_/Program_Files/Raspberry_Pi/Pico_SDK_v1.5.1/pico-sdk/src/rp2_common/hardware_watchdog/watchdog.c.obj
                0x1000da0c                _watchdog_enable
 .text.watchdog_enable
                0x1000da84       0x18 CMakeFiles/GCULTIMATE_R4K_RP2040.dir/C_/Program_Files/Raspberry_Pi/Pico_SDK_v1.5.1/pico-sdk/src/rp2_common/hardware_watchdog/watchdog.c.obj
                0x1000da84                watchdog_enable
 .text.watchdog_reboot
                0x1000da9c       0x48 CMakeFiles/GCULTIMATE_R4K_RP2040.dir/C_/Program_Files/Raspberry_Pi/Pico_SDK_v1.5.1/pico-sdk/src/rp2_common/hardware_watchdog/watchdog.c.obj
                0x1000da9c                watchdog_reboot
 .text.xosc_init
                0x1000dae4       0x2c CMakeFiles/GCULTIMATE_R4K_RP2040.dir/C_/Program_Files/Raspberry_Pi/Pico_SDK_v1.5.1/pico-sdk/src/rp2_common/hardware_xosc/xosc.c.obj
                0x1000dae4                xosc_init
 .text._exit    0x1000db10        0x4 CMakeFiles/GCULTIMATE_R4K_RP2040.dir/C_/Program_Files/Raspberry_Pi/Pico_SDK_v1.5.1/pico-sdk/src/rp2_common/pico_runtime/runtime.c.obj
                0x1000db10                _exit
 .text.exit     0x1000db14        0x6 CMakeFiles/GCULTIMATE_R4K_RP2040.dir/C_/Program_Files/Raspberry_Pi/Pico_SDK_v1.5.1/pico-sdk/src/rp2_common/pico_runtime/runtime.c.obj
                0x1000db14                exit
 *fill*         0x1000db1a        0x2 
 .text.__assert_func
                0x1000db1c       0x3c CMakeFiles/GCULTIMATE_R4K_RP2040.dir/C_/Program_Files/Raspberry_Pi/Pico_SDK_v1.5.1/pico-sdk/src/rp2_common/pico_runtime/runtime.c.obj
                0x1000db1c                __assert_func
 .text.runtime_init
                0x1000db58       0xf8 CMakeFiles/GCULTIMATE_R4K_RP2040.dir/C_/Program_Files/Raspberry_Pi/Pico_SDK_v1.5.1/pico-sdk/src/rp2_common/pico_runtime/runtime.c.obj
                0x1000db58                runtime_init
 .text.panic    0x1000dc50       0x30 CMakeFiles/GCULTIMATE_R4K_RP2040.dir/C_/Program_Files/Raspberry_Pi/Pico_SDK_v1.5.1/pico-sdk/src/rp2_common/pico_runtime/runtime.c.obj
                0x1000dc50                panic
 .text._out_null
                0x1000dc80        0x2 CMakeFiles/GCULTIMATE_R4K_RP2040.dir/C_/Program_Files/Raspberry_Pi/Pico_SDK_v1.5.1/pico-sdk/src/rp2_common/pico_printf/printf.c.obj
 .text._out_fct
                0x1000dc82        0xe CMakeFiles/GCULTIMATE_R4K_RP2040.dir/C_/Program_Files/Raspberry_Pi/Pico_SDK_v1.5.1/pico-sdk/src/rp2_common/pico_printf/printf.c.obj
 .text._atoi    0x1000dc90       0x24 CMakeFiles/GCULTIMATE_R4K_RP2040.dir/C_/Program_Files/Raspberry_Pi/Pico_SDK_v1.5.1/pico-sdk/src/rp2_common/pico_printf/printf.c.obj
 .text._out_rev
                0x1000dcb4       0xae CMakeFiles/GCULTIMATE_R4K_RP2040.dir/C_/Program_Files/Raspberry_Pi/Pico_SDK_v1.5.1/pico-sdk/src/rp2_common/pico_printf/printf.c.obj
 .text._ntoa_format
                0x1000dd62      0x112 CMakeFiles/GCULTIMATE_R4K_RP2040.dir/C_/Program_Files/Raspberry_Pi/Pico_SDK_v1.5.1/pico-sdk/src/rp2_common/pico_printf/printf.c.obj
 .text._ntoa_long
                0x1000de74       0xbc CMakeFiles/GCULTIMATE_R4K_RP2040.dir/C_/Program_Files/Raspberry_Pi/Pico_SDK_v1.5.1/pico-sdk/src/rp2_common/pico_printf/printf.c.obj
 .text._ntoa_long_long
                0x1000df30       0xe2 CMakeFiles/GCULTIMATE_R4K_RP2040.dir/C_/Program_Files/Raspberry_Pi/Pico_SDK_v1.5.1/pico-sdk/src/rp2_common/pico_printf/printf.c.obj
 *fill*         0x1000e012        0x2 
 .text._etoa    0x1000e014      0x414 CMakeFiles/GCULTIMATE_R4K_RP2040.dir/C_/Program_Files/Raspberry_Pi/Pico_SDK_v1.5.1/pico-sdk/src/rp2_common/pico_printf/printf.c.obj
 .text._ftoa    0x1000e428      0x354 CMakeFiles/GCULTIMATE_R4K_RP2040.dir/C_/Program_Files/Raspberry_Pi/Pico_SDK_v1.5.1/pico-sdk/src/rp2_common/pico_printf/printf.c.obj
 .text._vsnprintf
                0x1000e77c      0x624 CMakeFiles/GCULTIMATE_R4K_RP2040.dir/C_/Program_Files/Raspberry_Pi/Pico_SDK_v1.5.1/pico-sdk/src/rp2_common/pico_printf/printf.c.obj
 .text.vfctprintf
                0x1000eda0       0x20 CMakeFiles/GCULTIMATE_R4K_RP2040.dir/C_/Program_Files/Raspberry_Pi/Pico_SDK_v1.5.1/pico-sdk/src/rp2_common/pico_printf/printf.c.obj
                0x1000eda0                vfctprintf
 .text          0x1000edc0       0x10 CMakeFiles/GCULTIMATE_R4K_RP2040.dir/C_/Program_Files/Raspberry_Pi/Pico_SDK_v1.5.1/pico-sdk/src/rp2_common/pico_bit_ops/bit_ops_aeabi.S.obj
 .text.rom_func_lookup
                0x1000edd0       0x10 CMakeFiles/GCULTIMATE_R4K_RP2040.dir/C_/Program_Files/Raspberry_Pi/Pico_SDK_v1.5.1/pico-sdk/src/rp2_common/pico_bootrom/bootrom.c.obj
                0x1000edd0                rom_func_lookup
 .text.rom_data_lookup
                0x1000ede0       0x10 CMakeFiles/GCULTIMATE_R4K_RP2040.dir/C_/Program_Files/Raspberry_Pi/Pico_SDK_v1.5.1/pico-sdk/src/rp2_common/pico_bootrom/bootrom.c.obj
                0x1000ede0                rom_data_lookup
 .text.rom_funcs_lookup
                0x1000edf0       0x36 CMakeFiles/GCULTIMATE_R4K_RP2040.dir/C_/Program_Files/Raspberry_Pi/Pico_SDK_v1.5.1/pico-sdk/src/rp2_common/pico_bootrom/bootrom.c.obj
                0x1000edf0                rom_funcs_lookup
 *fill*         0x1000ee26        0x2 
 .text.__wrap___aeabi_idiv
                0x1000ee28       0x50 CMakeFiles/GCULTIMATE_R4K_RP2040.dir/C_/Program_Files/Raspberry_Pi/Pico_SDK_v1.5.1/pico-sdk/src/rp2_common/pico_divider/divider.S.obj
                0x1000ee28                __wrap___aeabi_idivmod
                0x1000ee28                divmod_s32s32
                0x1000ee28                div_s32s32
                0x1000ee28                __wrap___aeabi_idiv
                0x1000ee30                divmod_s32s32_unsafe
                0x1000ee5c                divmod_s32s32_savestate
 .text.__wrap___aeabi_uidiv
                0x1000ee78       0x4c CMakeFiles/GCULTIMATE_R4K_RP2040.dir/C_/Program_Files/Raspberry_Pi/Pico_SDK_v1.5.1/pico-sdk/src/rp2_common/pico_divider/divider.S.obj
                0x1000ee78                __wrap___aeabi_uidiv
                0x1000ee78                __wrap___aeabi_uidivmod
                0x1000ee78                div_u32u32
                0x1000ee78                divmod_u32u32
                0x1000ee80                divmod_u32u32_unsafe
                0x1000eea8                divmod_u32u32_savestate
 .text.__wrap___aeabi_ldiv
                0x1000eec4      0x424 CMakeFiles/GCULTIMATE_R4K_RP2040.dir/C_/Program_Files/Raspberry_Pi/Pico_SDK_v1.5.1/pico-sdk/src/rp2_common/pico_divider/divider.S.obj
                0x1000eec4                div_s64s64
                0x1000eec4                divmod_s64s64
                0x1000eec4                __wrap___aeabi_ldivmod
                0x1000eef4                divmod_u64u64
                0x1000eef4                div_u64u64
                0x1000eef4                __wrap___aeabi_uldivmod
                0x1000ef04                divmod_u64u64_savestate
                0x1000ef24                divmod_s64s64_unsafe
                0x1000efac                divmod_u64u64_unsafe
 .text.push_r8_r11
                0x1000f2e8        0xc CMakeFiles/GCULTIMATE_R4K_RP2040.dir/C_/Program_Files/Raspberry_Pi/Pico_SDK_v1.5.1/pico-sdk/src/rp2_common/pico_double/double_aeabi.S.obj
                0x1000f2e8                push_r8_r11
 .text.pop_r8_r11
                0x1000f2f4        0xc CMakeFiles/GCULTIMATE_R4K_RP2040.dir/C_/Program_Files/Raspberry_Pi/Pico_SDK_v1.5.1/pico-sdk/src/rp2_common/pico_double/double_aeabi.S.obj
                0x1000f2f4                pop_r8_r11
 .text.__wrap___aeabi_darithmetic
                0x1000f300       0x80 CMakeFiles/GCULTIMATE_R4K_RP2040.dir/C_/Program_Files/Raspberry_Pi/Pico_SDK_v1.5.1/pico-sdk/src/rp2_common/pico_double/double_aeabi.S.obj
                0x1000f300                __wrap___aeabi_drsub
                0x1000f306                __wrap___aeabi_dsub
                0x1000f318                __wrap___aeabi_dadd
                0x1000f32a                __wrap___aeabi_ddiv
                0x1000f366                __wrap___aeabi_dmul
 .text.__wrap___aeabi_cdcmple
                0x1000f380       0x6c CMakeFiles/GCULTIMATE_R4K_RP2040.dir/C_/Program_Files/Raspberry_Pi/Pico_SDK_v1.5.1/pico-sdk/src/rp2_common/pico_double/double_aeabi.S.obj
                0x1000f380                __wrap___aeabi_cdrcmple
                0x1000f390                __wrap___aeabi_cdcmpeq
                0x1000f390                __wrap___aeabi_cdcmple
 .text.__wrap___aeabi_dcmplt
                0x1000f3ec        0xc CMakeFiles/GCULTIMATE_R4K_RP2040.dir/C_/Program_Files/Raspberry_Pi/Pico_SDK_v1.5.1/pico-sdk/src/rp2_common/pico_double/double_aeabi.S.obj