Archive member included to satisfy reference by file (symbol)

c:/progra~1/raspbe~1/picosd~1.1/gcc-ar~1/bin/../lib/gcc/arm-none-eabi/10.3.1/../../../../arm-none-eabi/lib/thumb/v6-m/nofp\libm.a(lib_a-s_fmin.o)
                              CMakeFiles/GCULTIMATE_RP2040.dir/lib/HOJA-LIB-RP2040/src/input/stick_scaling.c.obj (fmin)
c:/progra~1/raspbe~1/picosd~1.1/gcc-ar~1/bin/../lib/gcc/arm-none-eabi/10.3.1/../../../../arm-none-eabi/lib/thumb/v6-m/nofp\libm.a(lib_a-s_fpclassify.o)
                              c:/progra~1/raspbe~1/picosd~1.1/gcc-ar~1/bin/../lib/gcc/arm-none-eabi/10.3.1/../../../../arm-none-eabi/lib/thumb/v6-m/nofp\libm.a(lib_a-s_fmin.o) (__fpclassifyd)
c:/progra~1/raspbe~1/picosd~1.1/gcc-ar~1/bin/../lib/gcc/arm-none-eabi/10.3.1/thumb/v6-m/nofp\libgcc.a(_dvmd_tls.o)
                              CMakeFiles/GCULTIMATE_RP2040.dir/C_/Program_Files/Raspberry_Pi/Pico_SDK_v1.5.1/pico-sdk/src/rp2_common/pico_divider/divider.S.obj (__aeabi_idiv0)
c:/progra~1/raspbe~1/picosd~1.1/gcc-ar~1/bin/../lib/gcc/arm-none-eabi/10.3.1/../../../../arm-none-eabi/lib/thumb/v6-m/nofp\libg.a(lib_a-calloc.o)
                              CMakeFiles/GCULTIMATE_RP2040.dir/C_/Program_Files/Raspberry_Pi/Pico_SDK_v1.5.1/pico-sdk/src/rp2_common/pico_malloc/pico_malloc.c.obj (calloc)
c:/progra~1/raspbe~1/picosd~1.1/gcc-ar~1/bin/../lib/gcc/arm-none-eabi/10.3.1/../../../../arm-none-eabi/lib/thumb/v6-m/nofp\libg.a(lib_a-callocr.o)
                              c:/progra~1/raspbe~1/picosd~1.1/gcc-ar~1/bin/../lib/gcc/arm-none-eabi/10.3.1/../../../../arm-none-eabi/lib/thumb/v6-m/nofp\libg.a(lib_a-calloc.o) (_calloc_r)
c:/progra~1/raspbe~1/picosd~1.1/gcc-ar~1/bin/../lib/gcc/arm-none-eabi/10.3.1/../../../../arm-none-eabi/lib/thumb/v6-m/nofp\libg.a(lib_a-errno.o)
                              c:/progra~1/raspbe~1/picosd~1.1/gcc-ar~1/bin/../lib/gcc/arm-none-eabi/10.3.1/../../../../arm-none-eabi/lib/thumb/v6-m/nofp\libg.a(lib_a-callocr.o) (__errno)
c:/progra~1/raspbe~1/picosd~1.1/gcc-ar~1/bin/../lib/gcc/arm-none-eabi/10.3.1/../../../../arm-none-eabi/lib/thumb/v6-m/nofp\libg.a(lib_a-impure.o)
                              c:/progra~1/raspbe~1/picosd~1.1/gcc-ar~1/bin/../lib/gcc/arm-none-eabi/10.3.1/../../../../arm-none-eabi/lib/thumb/v6-m/nofp\libg.a(lib_a-calloc.o) (_impure_ptr)
c:/progra~1/raspbe~1/picosd~1.1/gcc-ar~1/bin/../lib/gcc/arm-none-eabi/10.3.1/../../../../arm-none-eabi/lib/thumb/v6-m/nofp\libg.a(lib_a-init.o)
                              c:/progra~1/raspbe~1/picosd~1.1/gcc-ar~1/bin/../lib/gcc/arm-none-eabi/10.3.1/../../../../arm-none-eabi/lib/thumb/v6-m/nofp/crt0.o (__libc_init_array)
c:/progra~1/raspbe~1/picosd~1.1/gcc-ar~1/bin/../lib/gcc/arm-none-eabi/10.3.1/../../../../arm-none-eabi/lib/thumb/v6-m/nofp\libg.a(lib_a-malloc.o)
                              CMakeFiles/GCULTIMATE_RP2040.dir/C_/Program_Files/Raspberry_Pi/Pico_SDK_v1.5.1/pico-sdk/src/rp2_common/pico_malloc/pico_malloc.c.obj (malloc)
c:/progra~1/raspbe~1/picosd~1.1/gcc-ar~1/bin/../lib/gcc/arm-none-eabi/10.3.1/../../../../arm-none-eabi/lib/thumb/v6-m/nofp\libg.a(lib_a-mallocr.o)
                              c:/progra~1/raspbe~1/picosd~1.1/gcc-ar~1/bin/../lib/gcc/arm-none-eabi/10.3.1/../../../../arm-none-eabi/lib/thumb/v6-m/nofp\libg.a(lib_a-callocr.o) (_malloc_r)
c:/progra~1/raspbe~1/picosd~1.1/gcc-ar~1/bin/../lib/gcc/arm-none-eabi/10.3.1/../../../../arm-none-eabi/lib/thumb/v6-m/nofp\libg.a(lib_a-mlock.o)
                              c:/progra~1/raspbe~1/picosd~1.1/gcc-ar~1/bin/../lib/gcc/arm-none-eabi/10.3.1/../../../../arm-none-eabi/lib/thumb/v6-m/nofp\libg.a(lib_a-mallocr.o) (__malloc_lock)
c:/progra~1/raspbe~1/picosd~1.1/gcc-ar~1/bin/../lib/gcc/arm-none-eabi/10.3.1/../../../../arm-none-eabi/lib/thumb/v6-m/nofp\libg.a(lib_a-realloc.o)
                              CMakeFiles/GCULTIMATE_RP2040.dir/C_/Program_Files/Raspberry_Pi/Pico_SDK_v1.5.1/pico-sdk/src/rp2_common/pico_malloc/pico_malloc.c.obj (realloc)
c:/progra~1/raspbe~1/picosd~1.1/gcc-ar~1/bin/../lib/gcc/arm-none-eabi/10.3.1/../../../../arm-none-eabi/lib/thumb/v6-m/nofp\libg.a(lib_a-reallocr.o)
                              c:/progra~1/raspbe~1/picosd~1.1/gcc-ar~1/bin/../lib/gcc/arm-none-eabi/10.3.1/../../../../arm-none-eabi/lib/thumb/v6-m/nofp\libg.a(lib_a-realloc.o) (_realloc_r)
c:/progra~1/raspbe~1/picosd~1.1/gcc-ar~1/bin/../lib/gcc/arm-none-eabi/10.3.1/../../../../arm-none-eabi/lib/thumb/v6-m/nofp\libg.a(lib_a-sbrkr.o)
                              c:/progra~1/raspbe~1/picosd~1.1/gcc-ar~1/bin/../lib/gcc/arm-none-eabi/10.3.1/../../../../arm-none-eabi/lib/thumb/v6-m/nofp\libg.a(lib_a-mallocr.o) (_sbrk_r)
c:/progra~1/raspbe~1/picosd~1.1/gcc-ar~1/bin/../lib/gcc/arm-none-eabi/10.3.1/../../../../arm-none-eabi/lib/thumb/v6-m/nofp\libg.a(lib_a-strlen-stub.o)
                              CMakeFiles/GCULTIMATE_RP2040.dir/lib/HOJA-LIB-RP2040/src/usb/hoja_usb.c.obj (strlen)
[...]
Memory Configuration

Name             Origin             Length             Attributes
FLASH            0x10000000         0x00200000         xr
RAM              0x20000000         0x00040000         xrw
SCRATCH_X        0x20040000         0x00001000         xrw
SCRATCH_Y        0x20041000         0x00001000         xrw
*default*        0x00000000         0xffffffff

Linker script and memory map

LOAD c:/progra~1/raspbe~1/picosd~1.1/gcc-ar~1/bin/../lib/gcc/arm-none-eabi/10.3.1/thumb/v6-m/nofp/crti.o
LOAD c:/progra~1/raspbe~1/picosd~1.1/gcc-ar~1/bin/../lib/gcc/arm-none-eabi/10.3.1/thumb/v6-m/nofp/crtbegin.o
LOAD c:/progra~1/raspbe~1/picosd~1.1/gcc-ar~1/bin/../lib/gcc/arm-none-eabi/10.3.1/../../../../arm-none-eabi/lib/thumb/v6-m/nofp/crt0.o

.flash_begin    0x10000000        0x0
                0x10000000                __flash_binary_start = .

.boot2          0x10000000      0x100
                0x10000000                __boot2_start__ = .
 *(.boot2)
 .boot2         0x10000000      0x100 C:\Users\Mitch\AppData\Local\Temp\ccsnNWUW.o
                0x10000100                __boot2_end__ = .
                0x00000001                ASSERT (((__boot2_end__ - __boot2_start__) == 0x100), ERROR: Pico second stage bootloader must be 256 bytes in size)

.text           0x10000100    0x12a48
                0x10000100                __logical_binary_start = .
 *(.vectors)
 .vectors       0x10000100       0xd4 CMakeFiles/GCULTIMATE_RP2040.dir/C_/Program_Files/Raspberry_Pi/Pico_SDK_v1.5.1/pico-sdk/src/rp2_common/pico_standard_link/crt0.S.obj
                0x10000100                __VECTOR_TABLE
                0x10000100                __vectors
                0x100001c0                isr_invalid
                0x100001c0                __default_isrs_start
                0x100001c2                isr_nmi
                0x100001c4                isr_hardfault
                0x100001c6                isr_svcall
                0x100001c8                isr_pendsv
                0x100001ca                isr_systick
                0x100001cc                isr_irq23
                0x100001cc                isr_irq18
                0x100001cc                isr_irq11
                0x100001cc                isr_irq28
                0x100001cc                isr_irq19
                0x100001cc                isr_irq0
                0x100001cc                isr_irq6
                0x100001cc                isr_irq5
                0x100001cc                isr_irq12
                0x100001cc                isr_irq22
                0x100001cc                isr_irq31
                0x100001cc                isr_irq17
                0x100001cc                isr_irq27
                0x100001cc                isr_irq30
                0x100001cc                isr_irq2
                0x100001cc                isr_irq10
                0x100001cc                isr_irq8
                0x100001cc                isr_irq24
                0x100001cc                isr_irq1
                0x100001cc                isr_irq7
                0x100001cc                isr_irq21
                0x100001cc                isr_irq20
                0x100001cc                isr_irq15
                0x100001cc                isr_irq25
                0x100001cc                isr_irq13
                0x100001cc                __unhandled_user_irq
                0x100001cc                isr_irq4
                0x100001cc                isr_irq16
                0x100001cc                isr_irq29
                0x100001cc                isr_irq26
                0x100001cc                __default_isrs_end
                0x100001cc                isr_irq3
                0x100001cc                isr_irq14
                0x100001cc                isr_irq9
                0x100001d2                unhandled_user_irq_num_in_r0
 *(.binary_info_header)
 .binary_info_header
                0x100001d4       0x14 CMakeFiles/GCULTIMATE_RP2040.dir/C_/Program_Files/Raspberry_Pi/Pico_SDK_v1.5.1/pico-sdk/src/rp2_common/pico_standard_link/crt0.S.obj
                0x100001e8                __binary_info_header_end = .
 *(.reset)
 .reset         0x100001e8       0xa0 CMakeFiles/GCULTIMATE_RP2040.dir/C_/Program_Files/Raspberry_Pi/Pico_SDK_v1.5.1/pico-sdk/src/rp2_common/pico_standard_link/crt0.S.obj
                0x100001e8                _entry_point
 .reset         0x10000288       0x30 CMakeFiles/GCULTIMATE_RP2040.dir/C_/Program_Files/Raspberry_Pi/Pico_SDK_v1.5.1/pico-sdk/src/rp2_common/pico_standard_link/binary_info.c.obj
 *(.init)
 .init          0x100002b8        0x4 c:/progra~1/raspbe~1/picosd~1.1/gcc-ar~1/bin/../lib/gcc/arm-none-eabi/10.3.1/thumb/v6-m/nofp/crti.o
                0x100002b8                _init
 *(EXCLUDE_FILE(*libm.a: *libc.a:*lib_a-mem*.o *libgcc.a:) .text*)
 .text          0x100002bc       0x48 c:/progra~1/raspbe~1/picosd~1.1/gcc-ar~1/bin/../lib/gcc/arm-none-eabi/10.3.1/thumb/v6-m/nofp/crtbegin.o
 .text.adc_gpio_init
                0x10000304       0x1e CMakeFiles/GCULTIMATE_RP2040.dir/src/main.c.obj
 .text._setup_gpio_pull
                0x10000322       0x20 CMakeFiles/GCULTIMATE_RP2040.dir/src/main.c.obj
                0x10000322                _setup_gpio_pull
 .text._setup_gpio_scan
                0x10000342       0x1e CMakeFiles/GCULTIMATE_RP2040.dir/src/main.c.obj
                0x10000342                _setup_gpio_scan
 .text._gpio_put_od
                0x10000360       0x3e CMakeFiles/GCULTIMATE_RP2040.dir/src/main.c.obj
                0x10000360                _gpio_put_od
 .text.cb_hoja_set_uart_enabled
                0x1000039e       0x46 CMakeFiles/GCULTIMATE_RP2040.dir/src/main.c.obj
                0x1000039e                cb_hoja_set_uart_enabled
 .text.cb_hoja_set_bluetooth_enabled
                0x100003e4       0x1a CMakeFiles/GCULTIMATE_RP2040.dir/src/main.c.obj
                0x100003e4                cb_hoja_set_bluetooth_enabled
 *fill*         0x100003fe        0x2 
 .text.cb_hoja_hardware_setup
                0x10000400       0x9c CMakeFiles/GCULTIMATE_RP2040.dir/src/main.c.obj
                0x10000400                cb_hoja_hardware_setup
 .text.cb_hoja_read_buttons
                0x1000049c      0x294 CMakeFiles/GCULTIMATE_RP2040.dir/src/main.c.obj
                0x1000049c                cb_hoja_read_buttons
 .text.cb_hoja_read_analog
                0x10000730      0x104 CMakeFiles/GCULTIMATE_RP2040.dir/src/main.c.obj
                0x10000730                cb_hoja_read_analog
 .text.cb_hoja_task_1_hook
                0x10000834        0x8 CMakeFiles/GCULTIMATE_RP2040.dir/src/main.c.obj
                0x10000834                cb_hoja_task_1_hook
 .text.cb_hoja_baseband_update_loop
                0x1000083c       0x58 CMakeFiles/GCULTIMATE_RP2040.dir/src/main.c.obj
                0x1000083c                cb_hoja_baseband_update_loop
 .text.main     0x10000894       0xfc CMakeFiles/GCULTIMATE_RP2040.dir/src/main.c.obj
                0x10000894                main
 .text.app_rumble_output
                0x10000990       0x84 CMakeFiles/GCULTIMATE_RP2040.dir/src/app_rumble.c.obj
                0x10000990                app_rumble_output
 .text.app_rumble_task
                0x10000a14       0x1c CMakeFiles/GCULTIMATE_RP2040.dir/src/app_rumble.c.obj
                0x10000a14                app_rumble_task
 .text.cb_hoja_rumble_set
                0x10000a30       0x70 CMakeFiles/GCULTIMATE_RP2040.dir/src/app_rumble.c.obj
                0x10000a30                cb_hoja_rumble_set
 .text.cb_hoja_rumble_test
                0x10000aa0       0x58 CMakeFiles/GCULTIMATE_RP2040.dir/src/app_rumble.c.obj
                0x10000aa0                cb_hoja_rumble_test
 .text.cb_hoja_rumble_init
                0x10000af8      0x128 CMakeFiles/GCULTIMATE_RP2040.dir/src/app_rumble.c.obj
                0x10000af8                cb_hoja_rumble_init
 .text._app_imu_concat_16
                0x10000c20        0x8 CMakeFiles/GCULTIMATE_RP2040.dir/src/app_imu.c.obj
                0x10000c20                _app_imu_concat_16
 .text._app_imu_write_register
                0x10000c28       0x44 CMakeFiles/GCULTIMATE_RP2040.dir/src/app_imu.c.obj
                0x10000c28                _app_imu_write_register
 .text.cb_hoja_read_imu
                0x10000c6c      0x178 CMakeFiles/GCULTIMATE_RP2040.dir/src/app_imu.c.obj
                0x10000c6c                cb_hoja_read_imu
 .text.app_imu_init
                0x10000de4       0x34 CMakeFiles/GCULTIMATE_RP2040.dir/src/app_imu.c.obj
                0x10000de4                app_imu_init
 .text._hwtest_pinok
                0x10000e18       0x7c CMakeFiles/GCULTIMATE_RP2040.dir/src/app_hwtest.c.obj
                0x10000e18                _hwtest_pinok
 .text._hwtest_data
                0x10000e94        0xa CMakeFiles/GCULTIMATE_RP2040.dir/src/app_hwtest.c.obj
                0x10000e94                _hwtest_data
 .text._hwtest_latch
                0x10000e9e        0xa CMakeFiles/GCULTIMATE_RP2040.dir/src/app_hwtest.c.obj
                0x10000e9e                _hwtest_latch
 .text._hwtest_clock
                0x10000ea8        0xa CMakeFiles/GCULTIMATE_RP2040.dir/src/app_hwtest.c.obj
                0x10000ea8                _hwtest_clock
 .text._hwtest_bluetooth
                0x10000eb2       0x20 CMakeFiles/GCULTIMATE_RP2040.dir/src/app_hwtest.c.obj
                0x10000eb2                _hwtest_bluetooth
 .text._hwtest_battery
                0x10000ed2        0x8 CMakeFiles/GCULTIMATE_RP2040.dir/src/app_hwtest.c.obj
                0x10000ed2                _hwtest_battery
 *fill*         0x10000eda        0x2 
 .text._hwtest_imu
                0x10000edc       0xe8 CMakeFiles/GCULTIMATE_RP2040.dir/src/app_hwtest.c.obj
                0x10000edc                _hwtest_imu
 .text._hwtest_analog
                0x10000fc4      0x130 CMakeFiles/GCULTIMATE_RP2040.dir/src/app_hwtest.c.obj
                0x10000fc4                _hwtest_analog
 .text._hwtest_rumble
                0x100010f4        0xa CMakeFiles/GCULTIMATE_RP2040.dir/src/app_hwtest.c.obj
                0x100010f4                _hwtest_rumble
 .text._hwtest_rgb
                0x100010fe        0x4 CMakeFiles/GCULTIMATE_RP2040.dir/src/app_hwtest.c.obj
                0x100010fe                _hwtest_rgb
 .text.cb_hoja_hardware_test
                0x10001102       0xaa CMakeFiles/GCULTIMATE_RP2040.dir/src/app_hwtest.c.obj
                0x10001102                cb_hoja_hardware_test
 .text.hoja_rumble_set
                0x100011ac       0x18 CMakeFiles/GCULTIMATE_RP2040.dir/lib/HOJA-LIB-RP2040/src/hoja.c.obj
                0x100011ac                hoja_rumble_set
 .text._hoja_task_1
                0x100011c4       0x48 CMakeFiles/GCULTIMATE_RP2040.dir/lib/HOJA-LIB-RP2040/src/hoja.c.obj
                0x100011c4                _hoja_task_1
 .text.cb_hoja_task_0_hook
                0x1000120c        0x2 CMakeFiles/GCULTIMATE_RP2040.dir/lib/HOJA-LIB-RP2040/src/hoja.c.obj
                0x1000120c                cb_hoja_task_0_hook
 *fill*         0x1000120e        0x2 
 .text.hoja_get_rumble_settings
                0x10001210       0x18 CMakeFiles/GCULTIMATE_RP2040.dir/lib/HOJA-LIB-RP2040/src/hoja.c.obj
                0x10001210                hoja_get_rumble_settings
 .text.cb_hoja_get_battery_level
                0x10001228        0x4 CMakeFiles/GCULTIMATE_RP2040.dir/lib/HOJA-LIB-RP2040/src/hoja.c.obj
                0x10001228                cb_hoja_get_battery_level
 .text.hoja_get_input_method
                0x1000122c        0xc CMakeFiles/GCULTIMATE_RP2040.dir/lib/HOJA-LIB-RP2040/src/hoja.c.obj
                0x1000122c                hoja_get_input_method
 .text._hoja_set_idle_state
                0x10001238       0xc0 CMakeFiles/GCULTIMATE_RP2040.dir/lib/HOJA-LIB-RP2040/src/hoja.c.obj
                0x10001238                _hoja_set_idle_state
 .text.hoja_get_idle_state
                0x100012f8        0xc CMakeFiles/GCULTIMATE_RP2040.dir/lib/HOJA-LIB-RP2040/src/hoja.c.obj
                0x100012f8                hoja_get_idle_state
 .text.hoja_set_baseband_update
                0x10001304       0x28 CMakeFiles/GCULTIMATE_RP2040.dir/lib/HOJA-LIB-RP2040/src/hoja.c.obj
                0x10001304                hoja_set_baseband_update
 .text.hoja_shutdown_instant
                0x1000132c       0x1a CMakeFiles/GCULTIMATE_RP2040.dir/lib/HOJA-LIB-RP2040/src/hoja.c.obj
                0x1000132c                hoja_shutdown_instant
 *fill*         0x10001346        0x2 
 .text.hoja_shutdown
                0x10001348       0x20 CMakeFiles/GCULTIMATE_RP2040.dir/lib/HOJA-LIB-RP2040/src/hoja.c.obj
                0x10001348                hoja_shutdown
 .text._hoja_task_0
                0x10001368      0x104 CMakeFiles/GCULTIMATE_RP2040.dir/lib/HOJA-LIB-RP2040/src/hoja.c.obj
                0x10001368                _hoja_task_0
 .text.hoja_init
                0x1000146c      0x208 CMakeFiles/GCULTIMATE_RP2040.dir/lib/HOJA-LIB-RP2040/src/hoja.c.obj
                0x1000146c                hoja_init
 .text._settings_validate
                0x10001674       0x2c CMakeFiles/GCULTIMATE_RP2040.dir/lib/HOJA-LIB-RP2040/src/hoja_settings.c.obj
                0x10001674                _settings_validate
 .text._settings_migrate
                0x100016a0      0x1b4 CMakeFiles/GCULTIMATE_RP2040.dir/lib/HOJA-LIB-RP2040/src/hoja_settings.c.obj
                0x100016a0                _settings_migrate
 .text._settings_get_config_version
                0x10001854       0x24 CMakeFiles/GCULTIMATE_RP2040.dir/lib/HOJA-LIB-RP2040/src/hoja_settings.c.obj
                0x10001854                _settings_get_config_version
 .text._generate_mac
                0x10001878       0x58 CMakeFiles/GCULTIMATE_RP2040.dir/lib/HOJA-LIB-RP2040/src/hoja_settings.c.obj
                0x10001878                _generate_mac
 .text._settings_init_default
                0x100018d0      0x20c CMakeFiles/GCULTIMATE_RP2040.dir/lib/HOJA-LIB-RP2040/src/hoja_settings.c.obj
                0x100018d0                _settings_init_default
 .text.settings_get_bank
                0x10001adc        0xc CMakeFiles/GCULTIMATE_RP2040.dir/lib/HOJA-LIB-RP2040/src/hoja_settings.c.obj
                0x10001adc                settings_get_bank
 .text.settings_core1_save_check
                0x10001ae8       0xa0 CMakeFiles/GCULTIMATE_RP2040.dir/lib/HOJA-LIB-RP2040/src/hoja_settings.c.obj
                0x10001ae8                settings_core1_save_check
 .text.settings_save_webindicate
                0x10001b88        0xc CMakeFiles/GCULTIMATE_RP2040.dir/lib/HOJA-LIB-RP2040/src/hoja_settings.c.obj
                0x10001b88                settings_save_webindicate
 .text.settings_save
                0x10001b94        0xc CMakeFiles/GCULTIMATE_RP2040.dir/lib/HOJA-LIB-RP2040/src/hoja_settings.c.obj
                0x10001b94                settings_save
 .text.settings_load
                0x10001ba0       0xf8 CMakeFiles/GCULTIMATE_RP2040.dir/lib/HOJA-LIB-RP2040/src/hoja_settings.c.obj
                0x10001ba0                settings_load
 .text.settings_set_rumble
                0x10001c98       0x1c CMakeFiles/GCULTIMATE_RP2040.dir/lib/HOJA-LIB-RP2040/src/hoja_settings.c.obj
                0x10001c98                settings_set_rumble
 .text.settings_set_deadzone
                0x10001cb4       0x44 CMakeFiles/GCULTIMATE_RP2040.dir/lib/HOJA-LIB-RP2040/src/hoja_settings.c.obj
                0x10001cb4                settings_set_deadzone
 .text.settings_set_centers
                0x10001cf8       0x44 CMakeFiles/GCULTIMATE_RP2040.dir/lib/HOJA-LIB-RP2040/src/hoja_settings.c.obj
                0x10001cf8                settings_set_centers
 .text.settings_set_mode
                0x10001d3c       0x10 CMakeFiles/GCULTIMATE_RP2040.dir/lib/HOJA-LIB-RP2040/src/hoja_settings.c.obj
                0x10001d3c                settings_set_mode
 .text.hoja_comms_task
                0x10001d4c       0x14 CMakeFiles/GCULTIMATE_RP2040.dir/lib/HOJA-LIB-RP2040/src/hoja_comms.c.obj
                0x10001d4c                hoja_comms_task
 .text.hoja_comms_current_mode
                0x10001d60        0xc CMakeFiles/GCULTIMATE_RP2040.dir/lib/HOJA-LIB-RP2040/src/hoja_comms.c.obj
                0x10001d60                hoja_comms_current_mode
 .text.hoja_comms_init
                0x10001d6c       0xc8 CMakeFiles/GCULTIMATE_RP2040.dir/lib/HOJA-LIB-RP2040/src/hoja_comms.c.obj
                0x10001d6c                hoja_comms_init
 .text.ws2812_program_init
                0x10001e34      0x154 CMakeFiles/GCULTIMATE_RP2040.dir/lib/HOJA-LIB-RP2040/src/utilities/rgb.c.obj
 .text._rgb_set_dirty
                0x10001f88        0xc CMakeFiles/GCULTIMATE_RP2040.dir/lib/HOJA-LIB-RP2040/src/utilities/rgb.c.obj
                0x10001f88                _rgb_set_dirty
 .text._rgbanim_cycleoffset_do
                0x10001f94       0xb8 CMakeFiles/GCULTIMATE_RP2040.dir/lib/HOJA-LIB-RP2040/src/utilities/rgb.c.obj
                0x10001f94                _rgbanim_cycleoffset_do
 .text.rgb_set_override
                0x1000204c       0x1c CMakeFiles/GCULTIMATE_RP2040.dir/lib/HOJA-LIB-RP2040/src/utilities/rgb.c.obj
                0x1000204c                rgb_set_override
 .text._rgb_convert_hue_saturation
                0x10002068       0x84 CMakeFiles/GCULTIMATE_RP2040.dir/lib/HOJA-LIB-RP2040/src/utilities/rgb.c.obj
                0x10002068                _rgb_convert_hue_saturation
 .text._rgb_set_color_brightness
                0x100020ec       0xa4 CMakeFiles/GCULTIMATE_RP2040.dir/lib/HOJA-LIB-RP2040/src/utilities/rgb.c.obj
                0x100020ec                _rgb_set_color_brightness
 .text._rgb_normalize_output_power
                0x10002190       0x88 CMakeFiles/GCULTIMATE_RP2040.dir/lib/HOJA-LIB-RP2040/src/utilities/rgb.c.obj
                0x10002190                _rgb_normalize_output_power
 .text._rgbanim_rainbowoffset_do
                0x10002218       0x8c CMakeFiles/GCULTIMATE_RP2040.dir/lib/HOJA-LIB-RP2040/src/utilities/rgb.c.obj
                0x10002218                _rgbanim_rainbowoffset_do
 .text._rgb_update_all
                0x100022a4       0x28 CMakeFiles/GCULTIMATE_RP2040.dir/lib/HOJA-LIB-RP2040/src/utilities/rgb.c.obj
                0x100022a4                _rgb_update_all
 .text._rgb_blend
                0x100022cc       0xb2 CMakeFiles/GCULTIMATE_RP2040.dir/lib/HOJA-LIB-RP2040/src/utilities/rgb.c.obj
                0x100022cc                _rgb_blend
 *fill*         0x1000237e        0x2 
 .text.rgb_set_player
                0x10002380       0x1c CMakeFiles/GCULTIMATE_RP2040.dir/lib/HOJA-LIB-RP2040/src/utilities/rgb.c.obj
                0x10002380                rgb_set_player
 .text._rgb_animate_step
                0x1000239c       0xc0 CMakeFiles/GCULTIMATE_RP2040.dir/lib/HOJA-LIB-RP2040/src/utilities/rgb.c.obj
                0x1000239c                _rgb_animate_step
 .text._rgb_set_sequential
                0x1000245c       0x32 CMakeFiles/GCULTIMATE_RP2040.dir/lib/HOJA-LIB-RP2040/src/utilities/rgb.c.obj
                0x1000245c                _rgb_set_sequential
 *fill*         0x1000248e        0x2 
 .text._rgb_set_brightness
                0x10002490       0x14 CMakeFiles/GCULTIMATE_RP2040.dir/lib/HOJA-LIB-RP2040/src/utilities/rgb.c.obj
                0x10002490                _rgb_set_brightness
 .text._rgb_set_all
                0x100024a4       0x30 CMakeFiles/GCULTIMATE_RP2040.dir/lib/HOJA-LIB-RP2040/src/utilities/rgb.c.obj
                0x100024a4                _rgb_set_all
 .text._rgbanim_rainbow_do
                0x100024d4       0x34 CMakeFiles/GCULTIMATE_RP2040.dir/lib/HOJA-LIB-RP2040/src/utilities/rgb.c.obj
                0x100024d4                _rgbanim_rainbow_do
 .text._rgbanim_cycle_do
                0x10002508       0x88 CMakeFiles/GCULTIMATE_RP2040.dir/lib/HOJA-LIB-RP2040/src/utilities/rgb.c.obj
                0x10002508                _rgbanim_cycle_do
 .text._rgbanim_flash_do
                0x10002590       0x4c CMakeFiles/GCULTIMATE_RP2040.dir/lib/HOJA-LIB-RP2040/src/utilities/rgb.c.obj
                0x10002590                _rgbanim_flash_do
 .text._rgb_indicate_override_do
                0x100025dc       0x84 CMakeFiles/GCULTIMATE_RP2040.dir/lib/HOJA-LIB-RP2040/src/utilities/rgb.c.obj
                0x100025dc                _rgb_indicate_override_do
 .text._rgb_shutdown_start_override_do
                0x10002660       0x4c CMakeFiles/GCULTIMATE_RP2040.dir/lib/HOJA-LIB-RP2040/src/utilities/rgb.c.obj
                0x10002660                _rgb_shutdown_start_override_do
 .text.rgb_set_group
                0x100026ac       0xfc CMakeFiles/GCULTIMATE_RP2040.dir/lib/HOJA-LIB-RP2040/src/utilities/rgb.c.obj
                0x100026ac                rgb_set_group
 .text._rgb_preset_reload
                0x100027a8       0x3c CMakeFiles/GCULTIMATE_RP2040.dir/lib/HOJA-LIB-RP2040/src/utilities/rgb.c.obj
                0x100027a8                _rgb_preset_reload
 .text._rgb_load_preset
                0x100027e4       0x10 CMakeFiles/GCULTIMATE_RP2040.dir/lib/HOJA-LIB-RP2040/src/utilities/rgb.c.obj
                0x100027e4                _rgb_load_preset
 .text._rgbanim_preset_do
                0x100027f4       0x28 CMakeFiles/GCULTIMATE_RP2040.dir/lib/HOJA-LIB-RP2040/src/utilities/rgb.c.obj
                0x100027f4                _rgbanim_preset_do
 .text.rgb_update_speed
                0x1000281c       0x70 CMakeFiles/GCULTIMATE_RP2040.dir/lib/HOJA-LIB-RP2040/src/utilities/rgb.c.obj
                0x1000281c                rgb_update_speed
 .text.rgb_indicate
                0x1000288c       0x24 CMakeFiles/GCULTIMATE_RP2040.dir/lib/HOJA-LIB-RP2040/src/utilities/rgb.c.obj
                0x1000288c                rgb_indicate
 .text.rgb_shutdown_start
                0x100028b0       0x24 CMakeFiles/GCULTIMATE_RP2040.dir/lib/HOJA-LIB-RP2040/src/utilities/rgb.c.obj
                0x100028b0                rgb_shutdown_start
 .text.rgb_init
                0x100028d4       0xdc CMakeFiles/GCULTIMATE_RP2040.dir/lib/HOJA-LIB-RP2040/src/utilities/rgb.c.obj
                0x100028d4                rgb_init
 .text.rgb_flash
                0x100029b0       0x2c CMakeFiles/GCULTIMATE_RP2040.dir/lib/HOJA-LIB-RP2040/src/utilities/rgb.c.obj
                0x100029b0                rgb_flash
 .text.rgb_task
                0x100029dc       0x70 CMakeFiles/GCULTIMATE_RP2040.dir/lib/HOJA-LIB-RP2040/src/utilities/rgb.c.obj
                0x100029dc                rgb_task
 .text.util_battery_comms_check
                0x10002a4c       0xd4 CMakeFiles/GCULTIMATE_RP2040.dir/lib/HOJA-LIB-RP2040/src/utilities/battery.c.obj
                0x10002a4c                util_battery_comms_check
 .text.util_battery_enable_ship_mode
                0x10002b20       0xac CMakeFiles/GCULTIMATE_RP2040.dir/lib/HOJA-LIB-RP2040/src/utilities/battery.c.obj
                0x10002b20                util_battery_enable_ship_mode
 .text.util_battery_set_charge_rate
                0x10002bcc       0xb4 CMakeFiles/GCULTIMATE_RP2040.dir/lib/HOJA-LIB-RP2040/src/utilities/battery.c.obj
                0x10002bcc                util_battery_set_charge_rate
 .text.util_battery_get_level
                0x10002c80       0x20 CMakeFiles/GCULTIMATE_RP2040.dir/lib/HOJA-LIB-RP2040/src/utilities/battery.c.obj
                0x10002c80                util_battery_get_level
 .text.util_battery_set_source
                0x10002ca0       0x80 CMakeFiles/GCULTIMATE_RP2040.dir/lib/HOJA-LIB-RP2040/src/utilities/battery.c.obj
                0x10002ca0                util_battery_set_source
 .text.util_wire_connected
                0x10002d20       0xe8 CMakeFiles/GCULTIMATE_RP2040.dir/lib/HOJA-LIB-RP2040/src/utilities/battery.c.obj
                0x10002d20                util_wire_connected
 .text.util_battery_monitor_task_usb
                0x10002e08       0xcc CMakeFiles/GCULTIMATE_RP2040.dir/lib/HOJA-LIB-RP2040/src/utilities/battery.c.obj
                0x10002e08                util_battery_monitor_task_usb
 .text._software_reset
                0x10002ed4        0xe CMakeFiles/GCULTIMATE_RP2040.dir/lib/HOJA-LIB-RP2040/src/utilities/reboot.c.obj
                0x10002ed4                _software_reset
 *fill*         0x10002ee2        0x2 
 .text._scratch_set
                0x10002ee4       0x14 CMakeFiles/GCULTIMATE_RP2040.dir/lib/HOJA-LIB-RP2040/src/utilities/reboot.c.obj
                0x10002ee4                _scratch_set
 .text._scratch_get
                0x10002ef8       0x24 CMakeFiles/GCULTIMATE_RP2040.dir/lib/HOJA-LIB-RP2040/src/utilities/reboot.c.obj
                0x10002ef8                _scratch_get
 .text.reboot_with_memory
                0x10002f1c        0xe CMakeFiles/GCULTIMATE_RP2040.dir/lib/HOJA-LIB-RP2040/src/utilities/reboot.c.obj
                0x10002f1c                reboot_with_memory
 .text.reboot_get_memory
                0x10002f2a        0xa CMakeFiles/GCULTIMATE_RP2040.dir/lib/HOJA-LIB-RP2040/src/utilities/reboot.c.obj
                0x10002f2a                reboot_get_memory
 .text.interval_run
                0x10002f34       0x26 CMakeFiles/GCULTIMATE_RP2040.dir/lib/HOJA-LIB-RP2040/src/utilities/interval.c.obj
                0x10002f34                interval_run
 .text.interval_resettable_run
                0x10002f5a       0x3a CMakeFiles/GCULTIMATE_RP2040.dir/lib/HOJA-LIB-RP2040/src/utilities/interval.c.obj
                0x10002f5a                interval_resettable_run
 .text.tud_descriptor_bos_cb
                0x10002f94       0x1c CMakeFiles/GCULTIMATE_RP2040.dir/lib/HOJA-LIB-RP2040/src/usb/desc_bos.c.obj
                0x10002f94                tud_descriptor_bos_cb
 .text.tud_hid_ready
                0x10002fb0        0xa CMakeFiles/GCULTIMATE_RP2040.dir/lib/HOJA-LIB-RP2040/src/usb/hoja_usb.c.obj
 *fill*         0x10002fba        0x2 
 .text.hoja_usb_set_usb_clear
                0x10002fbc       0x28 CMakeFiles/GCULTIMATE_RP2040.dir/lib/HOJA-LIB-RP2040/src/usb/hoja_usb.c.obj
                0x10002fbc                hoja_usb_set_usb_clear
 .text.hoja_usb_unset_usb_clear
                0x10002fe4       0x28 CMakeFiles/GCULTIMATE_RP2040.dir/lib/HOJA-LIB-RP2040/src/usb/hoja_usb.c.obj
                0x10002fe4                hoja_usb_unset_usb_clear
 .text.hoja_usb_get_usb_clear
                0x1000300c       0x4c CMakeFiles/GCULTIMATE_RP2040.dir/lib/HOJA-LIB-RP2040/src/usb/hoja_usb.c.obj
                0x1000300c                hoja_usb_get_usb_clear
 .text.usbd_app_driver_get_cb
                0x10003058       0x24 CMakeFiles/GCULTIMATE_RP2040.dir/lib/HOJA-LIB-RP2040/src/usb/hoja_usb.c.obj
                0x10003058                usbd_app_driver_get_cb
 .text._hoja_usb_set_interval
                0x1000307c       0x44 CMakeFiles/GCULTIMATE_RP2040.dir/lib/HOJA-LIB-RP2040/src/usb/hoja_usb.c.obj
                0x1000307c                _hoja_usb_set_interval
 .text.hoja_usb_start
                0x100030c0       0xb0 CMakeFiles/GCULTIMATE_RP2040.dir/lib/HOJA-LIB-RP2040/src/usb/hoja_usb.c.obj
                0x100030c0                hoja_usb_start
 .text.hoja_usb_task
                0x10003170       0xcc CMakeFiles/GCULTIMATE_RP2040.dir/lib/HOJA-LIB-RP2040/src/usb/hoja_usb.c.obj
                0x10003170                hoja_usb_task
 .text.tud_descriptor_device_cb
                0x1000323c       0x38 CMakeFiles/GCULTIMATE_RP2040.dir/lib/HOJA-LIB-RP2040/src/usb/hoja_usb.c.obj
                0x1000323c                tud_descriptor_device_cb
 .text.tud_descriptor_configuration_cb
                0x10003274       0x38 CMakeFiles/GCULTIMATE_RP2040.dir/lib/HOJA-LIB-RP2040/src/usb/hoja_usb.c.obj
                0x10003274                tud_descriptor_configuration_cb
 .text.tud_hid_get_report_cb
                0x100032ac        0x4 CMakeFiles/GCULTIMATE_RP2040.dir/lib/HOJA-LIB-RP2040/src/usb/hoja_usb.c.obj
                0x100032ac                tud_hid_get_report_cb
 .text.tud_hid_report_complete_cb
                0x100032b0       0x54 CMakeFiles/GCULTIMATE_RP2040.dir/lib/HOJA-LIB-RP2040/src/usb/hoja_usb.c.obj
                0x100032b0                tud_hid_report_complete_cb
 .text.tud_hid_set_report_cb
                0x10003304       0xd8 CMakeFiles/GCULTIMATE_RP2040.dir/lib/HOJA-LIB-RP2040/src/usb/hoja_usb.c.obj
                0x10003304                tud_hid_set_report_cb
 .text.tud_hid_descriptor_report_cb
                0x100033dc       0x2c CMakeFiles/GCULTIMATE_RP2040.dir/lib/HOJA-LIB-RP2040/src/usb/hoja_usb.c.obj
                0x100033dc                tud_hid_descriptor_report_cb
 .text.tud_descriptor_string_cb
                0x10003408       0x9c CMakeFiles/GCULTIMATE_RP2040.dir/lib/HOJA-LIB-RP2040/src/usb/hoja_usb.c.obj
                0x10003408                tud_descriptor_string_cb
 .text.tud_vendor_rx_cb
                0x100034a4       0x38 CMakeFiles/GCULTIMATE_RP2040.dir/lib/HOJA-LIB-RP2040/src/usb/hoja_usb.c.obj
                0x100034a4                tud_vendor_rx_cb
 .text.tud_vendor_control_xfer_cb
                0x100034dc      0x100 CMakeFiles/GCULTIMATE_RP2040.dir/lib/HOJA-LIB-RP2040/src/usb/hoja_usb.c.obj
                0x100034dc                tud_vendor_control_xfer_cb
 .text.dir_to_hat
                0x100035dc       0x88 CMakeFiles/GCULTIMATE_RP2040.dir/lib/HOJA-LIB-RP2040/src/usb/hoja_usb.c.obj
                0x100035dc                dir_to_hat
 .text.xinputd_control_xfer_cb
                0x10003664        0x4 CMakeFiles/GCULTIMATE_RP2040.dir/lib/HOJA-LIB-RP2040/src/usb/xinput_device.c.obj
                0x10003664                xinputd_control_xfer_cb
 .text.xinputd_reset
                0x10003668       0x14 CMakeFiles/GCULTIMATE_RP2040.dir/lib/HOJA-LIB-RP2040/src/usb/xinput_device.c.obj
                0x10003668                xinputd_reset
 .text.xinputd_init
                0x1000367c        0xa CMakeFiles/GCULTIMATE_RP2040.dir/lib/HOJA-LIB-RP2040/src/usb/xinput_device.c.obj
                0x1000367c                xinputd_init
 *fill*         0x10003686        0x2 
 .text.xinputd_open
                0x10003688       0x70 CMakeFiles/GCULTIMATE_RP2040.dir/lib/HOJA-LIB-RP2040/src/usb/xinput_device.c.obj
                0x10003688                xinputd_open
 .text.xinputd_xfer_cb
                0x100036f8       0x68 CMakeFiles/GCULTIMATE_RP2040.dir/lib/HOJA-LIB-RP2040/src/usb/xinput_device.c.obj
                0x100036f8                xinputd_xfer_cb
 .text.tud_xinput_getout
                0x10003760       0x54 CMakeFiles/GCULTIMATE_RP2040.dir/lib/HOJA-LIB-RP2040/src/usb/xinput_device.c.obj
                0x10003760                tud_xinput_getout
 .text.tud_xinput_report
                0x100037b4       0x58 CMakeFiles/GCULTIMATE_RP2040.dir/lib/HOJA-LIB-RP2040/src/usb/xinput_device.c.obj
                0x100037b4                tud_xinput_report
 .text.tud_xinput_ready
                0x1000380c       0x48 CMakeFiles/GCULTIMATE_RP2040.dir/lib/HOJA-LIB-RP2040/src/usb/xinput_device.c.obj
                0x1000380c                tud_xinput_ready
 .text.ginputd_reset
                0x10003854       0x14 CMakeFiles/GCULTIMATE_RP2040.dir/lib/HOJA-LIB-RP2040/src/usb/ginput_device.c.obj
                0x10003854                ginputd_reset
 .text.ginputd_init
                0x10003868        0xa CMakeFiles/GCULTIMATE_RP2040.dir/lib/HOJA-LIB-RP2040/src/usb/ginput_device.c.obj
                0x10003868                ginputd_init
 *fill*         0x10003872        0x2 
 .text.ginputd_open
                0x10003874       0xc4 CMakeFiles/GCULTIMATE_RP2040.dir/lib/HOJA-LIB-RP2040/src/usb/ginput_device.c.obj
                0x10003874                ginputd_open
 .text.ginputd_xfer_cb
                0x10003938       0x84 CMakeFiles/GCULTIMATE_RP2040.dir/lib/HOJA-LIB-RP2040/src/usb/ginput_device.c.obj
                0x10003938                ginputd_xfer_cb
 .text.ginputd_control_xfer_cb
                0x100039bc      0x28c CMakeFiles/GCULTIMATE_RP2040.dir/lib/HOJA-LIB-RP2040/src/usb/ginput_device.c.obj
                0x100039bc                ginputd_control_xfer_cb
 .text.tud_ginput_n_ready
                0x10003c48       0x50 CMakeFiles/GCULTIMATE_RP2040.dir/lib/HOJA-LIB-RP2040/src/usb/ginput_device.c.obj
                0x10003c48                tud_ginput_n_ready
 .text.tud_ginput_ready
                0x10003c98        0xa CMakeFiles/GCULTIMATE_RP2040.dir/lib/HOJA-LIB-RP2040/src/usb/ginput_device.c.obj
                0x10003c98                tud_ginput_ready
 *fill*         0x10003ca2        0x2 
 .text.tud_ginput_n_report
                0x10003ca4       0x94 CMakeFiles/GCULTIMATE_RP2040.dir/lib/HOJA-LIB-RP2040/src/usb/ginput_device.c.obj
                0x10003ca4                tud_ginput_n_report
 .text.tud_ginput_report
                0x10003d38       0x10 CMakeFiles/GCULTIMATE_RP2040.dir/lib/HOJA-LIB-RP2040/src/usb/ginput_device.c.obj
                0x10003d38                tud_ginput_report
 .text.switch_analog_encode
                0x10003d48       0x16 CMakeFiles/GCULTIMATE_RP2040.dir/lib/HOJA-LIB-RP2040/src/switch/switch_analog.c.obj
                0x10003d48                switch_analog_encode
 *fill*         0x10003d5e        0x2 
 .text.switch_analog_calibration_init
                0x10003d60       0x50 CMakeFiles/GCULTIMATE_RP2040.dir/lib/HOJA-LIB-RP2040/src/switch/switch_analog.c.obj
                0x10003d60                switch_analog_calibration_init
 .text.clear_report
                0x10003db0       0x14 CMakeFiles/GCULTIMATE_RP2040.dir/lib/HOJA-LIB-RP2040/src/switch/switch_commands.c.obj
                0x10003db0                clear_report
 .text.set_report_id
                0x10003dc4        0xc CMakeFiles/GCULTIMATE_RP2040.dir/lib/HOJA-LIB-RP2040/src/switch/switch_commands.c.obj
                0x10003dc4                set_report_id
 .text.set_ack  0x10003dd0        0xc CMakeFiles/GCULTIMATE_RP2040.dir/lib/HOJA-LIB-RP2040/src/switch/switch_commands.c.obj
                0x10003dd0                set_ack
 .text.set_command
                0x10003ddc        0xc CMakeFiles/GCULTIMATE_RP2040.dir/lib/HOJA-LIB-RP2040/src/switch/switch_commands.c.obj
                0x10003ddc                set_command
 .text.set_timer
                0x10003de8       0x28 CMakeFiles/GCULTIMATE_RP2040.dir/lib/HOJA-LIB-RP2040/src/switch/switch_commands.c.obj
                0x10003de8                set_timer
 .text.set_battconn
                0x10003e10       0x14 CMakeFiles/GCULTIMATE_RP2040.dir/lib/HOJA-LIB-RP2040/src/switch/switch_commands.c.obj
                0x10003e10                set_battconn
 .text.set_devinfo
                0x10003e24       0x20 CMakeFiles/GCULTIMATE_RP2040.dir/lib/HOJA-LIB-RP2040/src/switch/switch_commands.c.obj
                0x10003e24                set_devinfo
 .text.set_sub_triggertime
                0x10003e44       0x24 CMakeFiles/GCULTIMATE_RP2040.dir/lib/HOJA-LIB-RP2040/src/switch/switch_commands.c.obj
                0x10003e44                set_sub_triggertime
 .text._get_low_frequency
                0x10003e68       0x30 CMakeFiles/GCULTIMATE_RP2040.dir/lib/HOJA-LIB-RP2040/src/switch/switch_commands.c.obj
                0x10003e68                _get_low_frequency
 .text._get_high_frequency
                0x10003e98       0x30 CMakeFiles/GCULTIMATE_RP2040.dir/lib/HOJA-LIB-RP2040/src/switch/switch_commands.c.obj
                0x10003e98                _get_high_frequency
 .text._get_amplitude
                0x10003ec8       0x24 CMakeFiles/GCULTIMATE_RP2040.dir/lib/HOJA-LIB-RP2040/src/switch/switch_commands.c.obj
                0x10003ec8                _get_amplitude
 .text.rumble_translate
                0x10003eec      0x140 CMakeFiles/GCULTIMATE_RP2040.dir/lib/HOJA-LIB-RP2040/src/switch/switch_commands.c.obj
                0x10003eec                rumble_translate
 .text.info_set_mac
                0x1000402c       0x34 CMakeFiles/GCULTIMATE_RP2040.dir/lib/HOJA-LIB-RP2040/src/switch/switch_commands.c.obj
                0x1000402c                info_set_mac
 .text.info_handler
                0x10004060       0x34 CMakeFiles/GCULTIMATE_RP2040.dir/lib/HOJA-LIB-RP2040/src/switch/switch_commands.c.obj
                0x10004060                info_handler
 .text.pairing_set
                0x10004094       0xc0 CMakeFiles/GCULTIMATE_RP2040.dir/lib/HOJA-LIB-RP2040/src/switch/switch_commands.c.obj
                0x10004094                pairing_set
 .text.command_handler
                0x10004154      0x134 CMakeFiles/GCULTIMATE_RP2040.dir/lib/HOJA-LIB-RP2040/src/switch/switch_commands.c.obj
                0x10004154                command_handler
 .text.report_handler
                0x10004288       0x36 CMakeFiles/GCULTIMATE_RP2040.dir/lib/HOJA-LIB-RP2040/src/switch/switch_commands.c.obj
                0x10004288                report_handler
 *fill*         0x100042be        0x2 
 .text._unknown_thing
                0x100042c0       0x2c CMakeFiles/GCULTIMATE_RP2040.dir/lib/HOJA-LIB-RP2040/src/switch/switch_commands.c.obj
                0x100042c0                _unknown_thing
 .text.switch_commands_process
                0x100042ec      0x1a0 CMakeFiles/GCULTIMATE_RP2040.dir/lib/HOJA-LIB-RP2040/src/switch/switch_commands.c.obj
                0x100042ec                switch_commands_process
 .text.switch_commands_future_handle
                0x1000448c       0x28 CMakeFiles/GCULTIMATE_RP2040.dir/lib/HOJA-LIB-RP2040/src/switch/switch_commands.c.obj
                0x1000448c                switch_commands_future_handle
 .text.switch_commands_bulkset
                0x100044b4       0x10 CMakeFiles/GCULTIMATE_RP2040.dir/lib/HOJA-LIB-RP2040/src/switch/switch_commands.c.obj
                0x100044b4                switch_commands_bulkset
 .text.sw_spi_getaddressdata
                0x100044c4      0x18c CMakeFiles/GCULTIMATE_RP2040.dir/lib/HOJA-LIB-RP2040/src/switch/switch_spi.c.obj
                0x100044c4                sw_spi_getaddressdata
 .text.sw_spi_readfromaddress
                0x10004650       0x50 CMakeFiles/GCULTIMATE_RP2040.dir/lib/HOJA-LIB-RP2040/src/switch/switch_spi.c.obj
                0x10004650                sw_spi_readfromaddress
 .text.imu_pack_quat
                0x100046a0      0x1fc CMakeFiles/GCULTIMATE_RP2040.dir/lib/HOJA-LIB-RP2040/src/input/imu.c.obj
                0x100046a0                imu_pack_quat
 .text._imu_rotate_quaternion
                0x1000489c      0x146 CMakeFiles/GCULTIMATE_RP2040.dir/lib/HOJA-LIB-RP2040/src/input/imu.c.obj
                0x1000489c                _imu_rotate_quaternion
 .text._imu_quat_normalize
                0x100049e2       0x7c CMakeFiles/GCULTIMATE_RP2040.dir/lib/HOJA-LIB-RP2040/src/input/imu.c.obj
                0x100049e2                _imu_quat_normalize
 *fill*         0x10004a5e        0x2 
 .text._imu_update_quaternion
                0x10004a60      0x298 CMakeFiles/GCULTIMATE_RP2040.dir/lib/HOJA-LIB-RP2040/src/input/imu.c.obj
                0x10004a60                _imu_update_quaternion
 .text.imu_fifo_push
                0x10004cf8       0xa8 CMakeFiles/GCULTIMATE_RP2040.dir/lib/HOJA-LIB-RP2040/src/input/imu.c.obj
                0x10004cf8                imu_fifo_push
 .text.imu_fifo_last
                0x10004da0       0x38 CMakeFiles/GCULTIMATE_RP2040.dir/lib/HOJA-LIB-RP2040/src/input/imu.c.obj
                0x10004da0                imu_fifo_last
 .text._imu_average_value
                0x10004dd8       0x30 CMakeFiles/GCULTIMATE_RP2040.dir/lib/HOJA-LIB-RP2040/src/input/imu.c.obj
                0x10004dd8                _imu_average_value
 .text.imu_calibrate_start
                0x10004e08       0xc4 CMakeFiles/GCULTIMATE_RP2040.dir/lib/HOJA-LIB-RP2040/src/input/imu.c.obj
                0x10004e08                imu_calibrate_start
 .text.imu_calibrate_stop
                0x10004ecc       0x2c CMakeFiles/GCULTIMATE_RP2040.dir/lib/HOJA-LIB-RP2040/src/input/imu.c.obj
                0x10004ecc                imu_calibrate_stop
 .text._imu_calibrate_task
                0x10004ef8      0x160 CMakeFiles/GCULTIMATE_RP2040.dir/lib/HOJA-LIB-RP2040/src/input/imu.c.obj
                0x10004ef8                _imu_calibrate_task
 .text.imu_set_enabled
                0x10005058        0xc CMakeFiles/GCULTIMATE_RP2040.dir/lib/HOJA-LIB-RP2040/src/input/imu.c.obj
                0x10005058                imu_set_enabled
 .text.imu_task
                0x10005064      0x158 CMakeFiles/GCULTIMATE_RP2040.dir/lib/HOJA-LIB-RP2040/src/input/imu.c.obj
                0x10005064                imu_task
 .text._remap_load_remap
                0x100051bc       0x60 CMakeFiles/GCULTIMATE_RP2040.dir/lib/HOJA-LIB-RP2040/src/input/remap.c.obj
                0x100051bc                _remap_load_remap
 .text._remap_pack_remap
                0x1000521c       0xda CMakeFiles/GCULTIMATE_RP2040.dir/lib/HOJA-LIB-RP2040/src/input/remap.c.obj
                0x1000521c                _remap_pack_remap
 .text._remap_unpack_remap
                0x100052f6       0x72 CMakeFiles/GCULTIMATE_RP2040.dir/lib/HOJA-LIB-RP2040/src/input/remap.c.obj
                0x100052f6                _remap_unpack_remap
 .text.remap_reset_default
                0x10005368       0x74 CMakeFiles/GCULTIMATE_RP2040.dir/lib/HOJA-LIB-RP2040/src/input/remap.c.obj
                0x10005368                remap_reset_default
 .text.remap_init
                0x100053dc       0x5c CMakeFiles/GCULTIMATE_RP2040.dir/lib/HOJA-LIB-RP2040/src/input/remap.c.obj
                0x100053dc                remap_init
 .text.remap_set_gc_sp
                0x10005438       0x10 CMakeFiles/GCULTIMATE_RP2040.dir/lib/HOJA-LIB-RP2040/src/input/remap.c.obj
                0x10005438                remap_set_gc_sp
 .text.remap_listen_stop
                0x10005448       0x20 CMakeFiles/GCULTIMATE_RP2040.dir/lib/HOJA-LIB-RP2040/src/input/remap.c.obj
                0x10005448                remap_listen_stop
 .text.remap_send_data_webusb
                0x10005468       0xf8 CMakeFiles/GCULTIMATE_RP2040.dir/lib/HOJA-LIB-RP2040/src/input/remap.c.obj
                0x10005468                remap_send_data_webusb
 .text._remap_listener
                0x10005560       0xec CMakeFiles/GCULTIMATE_RP2040.dir/lib/HOJA-LIB-RP2040/src/input/remap.c.obj
                0x10005560                _remap_listener
 .text.remap_listen_enable
                0x1000564c       0x40 CMakeFiles/GCULTIMATE_RP2040.dir/lib/HOJA-LIB-RP2040/src/input/remap.c.obj
                0x1000564c                remap_listen_enable
 .text.remap_buttons_task
                0x1000568c      0x420 CMakeFiles/GCULTIMATE_RP2040.dir/lib/HOJA-LIB-RP2040/src/input/remap.c.obj
                0x1000568c                remap_buttons_task
 .text._is_opposite_direction
                0x10005aac       0x1c CMakeFiles/GCULTIMATE_RP2040.dir/lib/HOJA-LIB-RP2040/src/input/snapback.c.obj
                0x10005aac                _is_opposite_direction
 .text._get_2d_distance
                0x10005ac8       0x42 CMakeFiles/GCULTIMATE_RP2040.dir/lib/HOJA-LIB-RP2040/src/input/snapback.c.obj
                0x10005ac8                _get_2d_distance
 .text._is_distance_falling
                0x10005b0a       0x18 CMakeFiles/GCULTIMATE_RP2040.dir/lib/HOJA-LIB-RP2040/src/input/snapback.c.obj
                0x10005b0a                _is_distance_falling
 .text._center_trigger_detect
                0x10005b22       0x2a CMakeFiles/GCULTIMATE_RP2040.dir/lib/HOJA-LIB-RP2040/src/input/snapback.c.obj
                0x10005b22                _center_trigger_detect
 .text._add_axis
                0x10005b4c      0x110 CMakeFiles/GCULTIMATE_RP2040.dir/lib/HOJA-LIB-RP2040/src/input/snapback.c.obj
                0x10005b4c                _add_axis
 .text.snapback_process
                0x10005c5c       0x38 CMakeFiles/GCULTIMATE_RP2040.dir/lib/HOJA-LIB-RP2040/src/input/snapback.c.obj
                0x10005c5c                snapback_process
 .text._snapback_add_value
                0x10005c94       0x30 CMakeFiles/GCULTIMATE_RP2040.dir/lib/HOJA-LIB-RP2040/src/input/snapback.c.obj
                0x10005c94                _snapback_add_value
 .text.snapback_webcapture_task
                0x10005cc4      0x118 CMakeFiles/GCULTIMATE_RP2040.dir/lib/HOJA-LIB-RP2040/src/input/snapback.c.obj
                0x10005cc4                snapback_webcapture_task
 .text._stick_sub_angle_scale
                0x10005ddc       0x40 CMakeFiles/GCULTIMATE_RP2040.dir/lib/HOJA-LIB-RP2040/src/input/stick_scaling.c.obj
                0x10005ddc                _stick_sub_angle_scale
 .text._get_angle_distance
                0x10005e1c       0x34 CMakeFiles/GCULTIMATE_RP2040.dir/lib/HOJA-LIB-RP2040/src/input/stick_scaling.c.obj
                0x10005e1c                _get_angle_distance
 .text._is_angle_between
                0x10005e50       0x58 CMakeFiles/GCULTIMATE_RP2040.dir/lib/HOJA-LIB-RP2040/src/input/stick_scaling.c.obj
                0x10005e50                _is_angle_between
 .text._stick_get_processed_octant
                0x10005ea8       0x38 CMakeFiles/GCULTIMATE_RP2040.dir/lib/HOJA-LIB-RP2040/src/input/stick_scaling.c.obj
                0x10005ea8                _stick_get_processed_octant
 .text._stick_get_octant
                0x10005ee0       0x58 CMakeFiles/GCULTIMATE_RP2040.dir/lib/HOJA-LIB-RP2040/src/input/stick_scaling.c.obj
                0x10005ee0                _stick_get_octant
 .text._stick_angle_adjust
                0x10005f38       0x3c CMakeFiles/GCULTIMATE_RP2040.dir/lib/HOJA-LIB-RP2040/src/input/stick_scaling.c.obj
                0x10005f38                _stick_angle_adjust
 .text.stick_get_angle
                0x10005f74       0x70 CMakeFiles/GCULTIMATE_RP2040.dir/lib/HOJA-LIB-RP2040/src/input/stick_scaling.c.obj
                0x10005f74                stick_get_angle
 .text.stick_get_distance
                0x10005fe4       0x56 CMakeFiles/GCULTIMATE_RP2040.dir/lib/HOJA-LIB-RP2040/src/input/stick_scaling.c.obj
                0x10005fe4                stick_get_distance
 *fill*         0x1000603a        0x2 
 .text.stick_normalized_vector
                0x1000603c       0x40 CMakeFiles/GCULTIMATE_RP2040.dir/lib/HOJA-LIB-RP2040/src/input/stick_scaling.c.obj
                0x1000603c                stick_normalized_vector
 .text._stick_process_input
                0x1000607c      0x168 CMakeFiles/GCULTIMATE_RP2040.dir/lib/HOJA-LIB-RP2040/src/input/stick_scaling.c.obj
                0x1000607c                _stick_process_input
 .text._precalculate_distance_scalers
                0x100061e4       0x24 CMakeFiles/GCULTIMATE_RP2040.dir/lib/HOJA-LIB-RP2040/src/input/stick_scaling.c.obj
                0x100061e4                _precalculate_distance_scalers
 .text._precalculate_angle_scalers
                0x10006208       0x38 CMakeFiles/GCULTIMATE_RP2040.dir/lib/HOJA-LIB-RP2040/src/input/stick_scaling.c.obj
                0x10006208                _precalculate_angle_scalers
 .text._precalculate_angle_substate
                0x10006240       0x7c CMakeFiles/GCULTIMATE_RP2040.dir/lib/HOJA-LIB-RP2040/src/input/stick_scaling.c.obj
                0x10006240                _precalculate_angle_substate
 .text.stick_scaling_get_settings
                0x100062bc       0x40 CMakeFiles/GCULTIMATE_RP2040.dir/lib/HOJA-LIB-RP2040/src/input/stick_scaling.c.obj
                0x100062bc                stick_scaling_get_settings
 .text.stick_scaling_set_settings
                0x100062fc       0x28 CMakeFiles/GCULTIMATE_RP2040.dir/lib/HOJA-LIB-RP2040/src/input/stick_scaling.c.obj
                0x100062fc                stick_scaling_set_settings
 .text.stick_scaling_init
                0x10006324       0x60 CMakeFiles/GCULTIMATE_RP2040.dir/lib/HOJA-LIB-RP2040/src/input/stick_scaling.c.obj
                0x10006324                stick_scaling_init
 .text.stick_scaling_reset_distances
                0x10006384       0x44 CMakeFiles/GCULTIMATE_RP2040.dir/lib/HOJA-LIB-RP2040/src/input/stick_scaling.c.obj
                0x10006384                stick_scaling_reset_distances
 .text.stick_scaling_capture_distances
                0x100063c8      0x1bc CMakeFiles/GCULTIMATE_RP2040.dir/lib/HOJA-LIB-RP2040/src/input/stick_scaling.c.obj
                0x100063c8                stick_scaling_capture_distances
 .text.stick_scaling_capture_center
                0x10006584       0x2c CMakeFiles/GCULTIMATE_RP2040.dir/lib/HOJA-LIB-RP2040/src/input/stick_scaling.c.obj
                0x10006584                stick_scaling_capture_center
 .text.stick_scaling_get_octant_axis
                0x100065b0       0xac CMakeFiles/GCULTIMATE_RP2040.dir/lib/HOJA-LIB-RP2040/src/input/stick_scaling.c.obj
                0x100065b0                stick_scaling_get_octant_axis
 .text.stick_scaling_get_octant_axis_offset
                0x1000665c       0xd4 CMakeFiles/GCULTIMATE_RP2040.dir/lib/HOJA-LIB-RP2040/src/input/stick_scaling.c.obj
                0x1000665c                stick_scaling_get_octant_axis_offset
 .text.stick_scaling_capture_angle
                0x10006730       0xfc CMakeFiles/GCULTIMATE_RP2040.dir/lib/HOJA-LIB-RP2040/src/input/stick_scaling.c.obj
                0x10006730                stick_scaling_capture_angle
 .text.stick_scaling_process_data
                0x1000682c      0x168 CMakeFiles/GCULTIMATE_RP2040.dir/lib/HOJA-LIB-RP2040/src/input/stick_scaling.c.obj
                0x1000682c                stick_scaling_process_data
 .text.analog_send_reset
                0x10006994       0x24 CMakeFiles/GCULTIMATE_RP2040.dir/lib/HOJA-LIB-RP2040/src/input/analog.c.obj
                0x10006994                analog_send_reset
 .text.analog_calibrate_start
                0x100069b8       0x4c CMakeFiles/GCULTIMATE_RP2040.dir/lib/HOJA-LIB-RP2040/src/input/analog.c.obj
                0x100069b8                analog_calibrate_start
 .text.analog_init
                0x10006a04       0x40 CMakeFiles/GCULTIMATE_RP2040.dir/lib/HOJA-LIB-RP2040/src/input/analog.c.obj
                0x10006a04                analog_init
 .text.analog_calibrate_stop
                0x10006a44       0x2c CMakeFiles/GCULTIMATE_RP2040.dir/lib/HOJA-LIB-RP2040/src/input/analog.c.obj
                0x10006a44                analog_calibrate_stop
 .text.analog_calibrate_save
                0x10006a70       0x34 CMakeFiles/GCULTIMATE_RP2040.dir/lib/HOJA-LIB-RP2040/src/input/analog.c.obj
                0x10006a70                analog_calibrate_save
 .text.analog_calibrate_angle
                0x10006aa4       0x10 CMakeFiles/GCULTIMATE_RP2040.dir/lib/HOJA-LIB-RP2040/src/input/analog.c.obj
                0x10006aa4                analog_calibrate_angle
 .text._analog_calibrate_loop
                0x10006ab4       0x64 CMakeFiles/GCULTIMATE_RP2040.dir/lib/HOJA-LIB-RP2040/src/input/analog.c.obj
                0x10006ab4                _analog_calibrate_loop
 .text._analog_distance_check
                0x10006b18       0x4e CMakeFiles/GCULTIMATE_RP2040.dir/lib/HOJA-LIB-RP2040/src/input/analog.c.obj
                0x10006b18                _analog_distance_check
 *fill*         0x10006b66        0x2 
 .text.analog_get_octoangle_data
                0x10006b68       0x18 CMakeFiles/GCULTIMATE_RP2040.dir/lib/HOJA-LIB-RP2040/src/input/analog.c.obj
                0x10006b68                analog_get_octoangle_data
 .text.analog_get_subangle_data
                0x10006b80       0x18 CMakeFiles/GCULTIMATE_RP2040.dir/lib/HOJA-LIB-RP2040/src/input/analog.c.obj
                0x10006b80                analog_get_subangle_data
 .text._analog_process_deadzone
                0x10006b98      0x244 CMakeFiles/GCULTIMATE_RP2040.dir/lib/HOJA-LIB-RP2040/src/input/analog.c.obj
                0x10006b98                _analog_process_deadzone
 .text.analog_task
                0x10006ddc       0xa8 CMakeFiles/GCULTIMATE_RP2040.dir/lib/HOJA-LIB-RP2040/src/input/analog.c.obj
                0x10006ddc                analog_task
 .text.triggers_start_calibration
                0x10006e84       0x3c CMakeFiles/GCULTIMATE_RP2040.dir/lib/HOJA-LIB-RP2040/src/input/triggers.c.obj
                0x10006e84                triggers_start_calibration
 .text.triggers_stop_calibration
                0x10006ec0       0x24 CMakeFiles/GCULTIMATE_RP2040.dir/lib/HOJA-LIB-RP2040/src/input/triggers.c.obj
                0x10006ec0                triggers_stop_calibration
 .text.triggers_scale_init
                0x10006ee4       0x58 CMakeFiles/GCULTIMATE_RP2040.dir/lib/HOJA-LIB-RP2040/src/input/triggers.c.obj
                0x10006ee4                triggers_scale_init
 .text.triggers_scale
                0x10006f3c      0x128 CMakeFiles/GCULTIMATE_RP2040.dir/lib/HOJA-LIB-RP2040/src/input/triggers.c.obj
                0x10006f3c                triggers_scale
 .text.macro_handler_task
                0x10007064      0x108 CMakeFiles/GCULTIMATE_RP2040.dir/lib/HOJA-LIB-RP2040/src/input/macros.c.obj
                0x10007064                macro_handler_task
 .text.macro_safe_mode_check
                0x1000716c        0xc CMakeFiles/GCULTIMATE_RP2040.dir/lib/HOJA-LIB-RP2040/src/input/macros.c.obj
                0x1000716c                macro_safe_mode_check
 .text.gcinput_hid_report
                0x10007178      0x45c CMakeFiles/GCULTIMATE_RP2040.dir/lib/HOJA-LIB-RP2040/src/devices/gcinput.c.obj
                0x10007178                gcinput_hid_report
 .text.joybus_program_init
                0x100075d4      0x1a0 CMakeFiles/GCULTIMATE_RP2040.dir/lib/HOJA-LIB-RP2040/src/devices/gamecube.c.obj
 .text._gamecube_isr_txdone
                0x10007774       0x68 CMakeFiles/GCULTIMATE_RP2040.dir/lib/HOJA-LIB-RP2040/src/devices/gamecube.c.obj
 .text._gamecube_send_probe
                0x100077dc       0x34 CMakeFiles/GCULTIMATE_RP2040.dir/lib/HOJA-LIB-RP2040/src/devices/gamecube.c.obj
                0x100077dc                _gamecube_send_probe
 .text._gamecube_send_origin
                0x10007810       0x9c CMakeFiles/GCULTIMATE_RP2040.dir/lib/HOJA-LIB-RP2040/src/devices/gamecube.c.obj
                0x10007810                _gamecube_send_origin
 .text._gamecube_send_poll
                0x100078ac       0xa0 CMakeFiles/GCULTIMATE_RP2040.dir/lib/HOJA-LIB-RP2040/src/devices/gamecube.c.obj
                0x100078ac                _gamecube_send_poll
 .text._gamecube_reset_state
                0x1000794c       0x5c CMakeFiles/GCULTIMATE_RP2040.dir/lib/HOJA-LIB-RP2040/src/devices/gamecube.c.obj
                0x1000794c                _gamecube_reset_state
 .text._gamecube_isr_handler
                0x100079a8       0x3c CMakeFiles/GCULTIMATE_RP2040.dir/lib/HOJA-LIB-RP2040/src/devices/gamecube.c.obj
 .text.gamecube_comms_task
                0x100079e4      0x660 CMakeFiles/GCULTIMATE_RP2040.dir/lib/HOJA-LIB-RP2040/src/devices/gamecube.c.obj
                0x100079e4                gamecube_comms_task
 .text.joybus_program_init
                0x10008044      0x1a0 CMakeFiles/GCULTIMATE_RP2040.dir/lib/HOJA-LIB-RP2040/src/devices/n64.c.obj
 .text._n64_isr_txdone
                0x100081e4       0x68 CMakeFiles/GCULTIMATE_RP2040.dir/lib/HOJA-LIB-RP2040/src/devices/n64.c.obj
 .text._n64_iterate_crc
                0x1000824c        0xc CMakeFiles/GCULTIMATE_RP2040.dir/lib/HOJA-LIB-RP2040/src/devices/n64.c.obj
                0x1000824c                _n64_iterate_crc
 .text._n64_send_rumble_identify
                0x10008258       0x30 CMakeFiles/GCULTIMATE_RP2040.dir/lib/HOJA-LIB-RP2040/src/devices/n64.c.obj
                0x10008258                _n64_send_rumble_identify
 .text._n64_send_null_identify
                0x10008288       0x20 CMakeFiles/GCULTIMATE_RP2040.dir/lib/HOJA-LIB-RP2040/src/devices/n64.c.obj
                0x10008288                _n64_send_null_identify
 .text._n64_send_probe
                0x100082a8       0x34 CMakeFiles/GCULTIMATE_RP2040.dir/lib/HOJA-LIB-RP2040/src/devices/n64.c.obj
                0x100082a8                _n64_send_probe
 .text._n64_send_pak_write
                0x100082dc       0x1c CMakeFiles/GCULTIMATE_RP2040.dir/lib/HOJA-LIB-RP2040/src/devices/n64.c.obj
                0x100082dc                _n64_send_pak_write
 .text._n64_send_poll
                0x100082f8       0x5c CMakeFiles/GCULTIMATE_RP2040.dir/lib/HOJA-LIB-RP2040/src/devices/n64.c.obj
                0x100082f8                _n64_send_poll
 .text._n64_isr_handler
                0x10008354       0x34 CMakeFiles/GCULTIMATE_RP2040.dir/lib/HOJA-LIB-RP2040/src/devices/n64.c.obj
 .text._n64_reset_state
                0x10008388       0x5c CMakeFiles/GCULTIMATE_RP2040.dir/lib/HOJA-LIB-RP2040/src/devices/n64.c.obj
                0x10008388                _n64_reset_state
 .text.n64_comms_task
                0x100083e4      0x28c CMakeFiles/GCULTIMATE_RP2040.dir/lib/HOJA-LIB-RP2040/src/devices/n64.c.obj
                0x100083e4                n64_comms_task
 .text._nspi_isr_handler
                0x10008670       0x78 CMakeFiles/GCULTIMATE_RP2040.dir/lib/HOJA-LIB-RP2040/src/devices/nspi.c.obj
 .text.nspi_init
                0x100086e8      0x2c4 CMakeFiles/GCULTIMATE_RP2040.dir/lib/HOJA-LIB-RP2040/src/devices/nspi.c.obj
                0x100086e8                nspi_init
 .text.nspi_comms_task
                0x100089ac      0x190 CMakeFiles/GCULTIMATE_RP2040.dir/lib/HOJA-LIB-RP2040/src/devices/nspi.c.obj
                0x100089ac                nspi_comms_task
 .text.swpro_hid_report
                0x10008b3c      0x1b8 CMakeFiles/GCULTIMATE_RP2040.dir/lib/HOJA-LIB-RP2040/src/devices/swpro.c.obj
                0x10008b3c                swpro_hid_report
 .text.webusb_output_enabled
                0x10008cf4        0xc CMakeFiles/GCULTIMATE_RP2040.dir/lib/HOJA-LIB-RP2040/src/devices/webusb.c.obj
                0x10008cf4                webusb_output_enabled
 .text.webusb_enable_output
                0x10008d00        0xc CMakeFiles/GCULTIMATE_RP2040.dir/lib/HOJA-LIB-RP2040/src/devices/webusb.c.obj
                0x10008d00                webusb_enable_output
 .text.webusb_ready_blocking
                0x10008d0c       0x3e CMakeFiles/GCULTIMATE_RP2040.dir/lib/HOJA-LIB-RP2040/src/devices/webusb.c.obj
                0x10008d0c                webusb_ready_blocking
 *fill*         0x10008d4a        0x2 
 .text.webusb_input_report_task
                0x10008d4c      0x128 CMakeFiles/GCULTIMATE_RP2040.dir/lib/HOJA-LIB-RP2040/src/devices/webusb.c.obj
                0x10008d4c                webusb_input_report_task
 .text.webusb_save_confirm
                0x10008e74       0x48 CMakeFiles/GCULTIMATE_RP2040.dir/lib/HOJA-LIB-RP2040/src/devices/webusb.c.obj
                0x10008e74                webusb_save_confirm
 .text.webusb_command_processor
                0x10008ebc      0x7a8 CMakeFiles/GCULTIMATE_RP2040.dir/lib/HOJA-LIB-RP2040/src/devices/webusb.c.obj
                0x10008ebc                webusb_command_processor
 .text.sign_axis
                0x10009664       0x54 CMakeFiles/GCULTIMATE_RP2040.dir/lib/HOJA-LIB-RP2040/src/devices/xinput.c.obj
                0x10009664                sign_axis
 .text.xinput_hid_report
                0x100096b8      0x17c CMakeFiles/GCULTIMATE_RP2040.dir/lib/HOJA-LIB-RP2040/src/devices/xinput.c.obj
                0x100096b8                xinput_hid_report
 .text.btinput_capability_reset_flag
                0x10009834        0xc CMakeFiles/GCULTIMATE_RP2040.dir/lib/HOJA-LIB-RP2040/src/devices/btinput.c.obj
                0x10009834                btinput_capability_reset_flag
 .text.btinput_get_version
                0x10009840      0x130 CMakeFiles/GCULTIMATE_RP2040.dir/lib/HOJA-LIB-RP2040/src/devices/btinput.c.obj
                0x10009840                btinput_get_version
 .text.btinput_init
                0x10009970      0x150 CMakeFiles/GCULTIMATE_RP2040.dir/lib/HOJA-LIB-RP2040/src/devices/btinput.c.obj
                0x10009970                btinput_init
 .text._btinput_message_parse
                0x10009ac0      0x168 CMakeFiles/GCULTIMATE_RP2040.dir/lib/HOJA-LIB-RP2040/src/devices/btinput.c.obj
                0x10009ac0                _btinput_message_parse
 .text.btinput_comms_task
                0x10009c28      0x1ec CMakeFiles/GCULTIMATE_RP2040.dir/lib/HOJA-LIB-RP2040/src/devices/btinput.c.obj
                0x10009c28                btinput_comms_task
 .text.ds4_hid_report
                0x10009e14      0x1d4 CMakeFiles/GCULTIMATE_RP2040.dir/lib/HOJA-LIB-RP2040/src/devices/ds4input.c.obj
                0x10009e14                ds4_hid_report
 .text.gpio_set_function
                0x10009fe8       0x30 CMakeFiles/GCULTIMATE_RP2040.dir/C_/Program_Files/Raspberry_Pi/Pico_SDK_v1.5.1/pico-sdk/src/rp2_common/hardware_gpio/gpio.c.obj
                0x10009fe8                gpio_set_function
 .text.gpio_set_pulls
                0x1000a018       0x34 CMakeFiles/GCULTIMATE_RP2040.dir/C_/Program_Files/Raspberry_Pi/Pico_SDK_v1.5.1/pico-sdk/src/rp2_common/hardware_gpio/gpio.c.obj
                0x1000a018                gpio_set_pulls
 .text.gpio_set_input_enabled
                0x1000a04c       0x30 CMakeFiles/GCULTIMATE_RP2040.dir/C_/Program_Files/Raspberry_Pi/Pico_SDK_v1.5.1/pico-sdk/src/rp2_common/hardware_gpio/gpio.c.obj
                0x1000a04c                gpio_set_input_enabled
 .text.gpio_init
                0x1000a07c       0x16 CMakeFiles/GCULTIMATE_RP2040.dir/C_/Program_Files/Raspberry_Pi/Pico_SDK_v1.5.1/pico-sdk/src/rp2_common/hardware_gpio/gpio.c.obj
                0x1000a07c                gpio_init
 *fill*         0x1000a092        0x2 
 .text.running_on_fpga
                0x1000a094       0x14 CMakeFiles/GCULTIMATE_RP2040.dir/C_/Program_Files/Raspberry_Pi/Pico_SDK_v1.5.1/pico-sdk/src/rp2_common/pico_platform/platform.c.obj
                0x1000a094                running_on_fpga
 .text.hw_claim_lock
                0x1000a0a8       0x18 CMakeFiles/GCULTIMATE_RP2040.dir/C_/Program_Files/Raspberry_Pi/Pico_SDK_v1.5.1/pico-sdk/src/rp2_common/hardware_claim/claim.c.obj
                0x1000a0a8                hw_claim_lock
 .text.hw_claim_unlock
                0x1000a0c0       0x14 CMakeFiles/GCULTIMATE_RP2040.dir/C_/Program_Files/Raspberry_Pi/Pico_SDK_v1.5.1/pico-sdk/src/rp2_common/hardware_claim/claim.c.obj
                0x1000a0c0                hw_claim_unlock
 .text.hw_claim_or_assert
                0x1000a0d4       0x32 CMakeFiles/GCULTIMATE_RP2040.dir/C_/Program_Files/Raspberry_Pi/Pico_SDK_v1.5.1/pico-sdk/src/rp2_common/hardware_claim/claim.c.obj
                0x1000a0d4                hw_claim_or_assert
 .text.hw_claim_unused_from_range
                0x1000a106       0x50 CMakeFiles/GCULTIMATE_RP2040.dir/C_/Program_Files/Raspberry_Pi/Pico_SDK_v1.5.1/pico-sdk/src/rp2_common/hardware_claim/claim.c.obj
                0x1000a106                hw_claim_unused_from_range
 *fill*         0x1000a156        0x2 
 .text.spin_locks_reset
                0x1000a158       0x20 CMakeFiles/GCULTIMATE_RP2040.dir/C_/Program_Files/Raspberry_Pi/Pico_SDK_v1.5.1/pico-sdk/src/rp2_common/hardware_sync/sync.c.obj
                0x1000a158                spin_locks_reset
 .text.next_striped_spin_lock_num
                0x1000a178       0x1c CMakeFiles/GCULTIMATE_RP2040.dir/C_/Program_Files/Raspberry_Pi/Pico_SDK_v1.5.1/pico-sdk/src/rp2_common/hardware_sync/sync.c.obj
                0x1000a178                next_striped_spin_lock_num
 .text.spin_lock_claim_unused
                0x1000a194       0x20 CMakeFiles/GCULTIMATE_RP2040.dir/C_/Program_Files/Raspberry_Pi/Pico_SDK_v1.5.1/pico-sdk/src/rp2_common/hardware_sync/sync.c.obj
                0x1000a194                spin_lock_claim_unused
 .text.set_raw_irq_handler_and_unlock
                0x1000a1b4       0x28 CMakeFiles/GCULTIMATE_RP2040.dir/C_/Program_Files/Raspberry_Pi/Pico_SDK_v1.5.1/pico-sdk/src/rp2_common/hardware_irq/irq.c.obj
 .text.make_branch
                0x1000a1dc       0x48 CMakeFiles/GCULTIMATE_RP2040.dir/C_/Program_Files/Raspberry_Pi/Pico_SDK_v1.5.1/pico-sdk/src/rp2_common/hardware_irq/irq.c.obj
 .text.insert_branch_and_link
                0x1000a224       0x40 CMakeFiles/GCULTIMATE_RP2040.dir/C_/Program_Files/Raspberry_Pi/Pico_SDK_v1.5.1/pico-sdk/src/rp2_common/hardware_irq/irq.c.obj
 .text.irq_is_enabled
                0x1000a264       0x18 CMakeFiles/GCULTIMATE_RP2040.dir/C_/Program_Files/Raspberry_Pi/Pico_SDK_v1.5.1/pico-sdk/src/rp2_common/hardware_irq/irq.c.obj
                0x1000a264                irq_is_enabled
 .text.irq_set_mask_enabled
                0x1000a27c       0x20 CMakeFiles/GCULTIMATE_RP2040.dir/C_/Program_Files/Raspberry_Pi/Pico_SDK_v1.5.1/pico-sdk/src/rp2_common/hardware_irq/irq.c.obj
                0x1000a27c                irq_set_mask_enabled
 .text.irq_set_enabled
                0x1000a29c        0xe CMakeFiles/GCULTIMATE_RP2040.dir/C_/Program_Files/Raspberry_Pi/Pico_SDK_v1.5.1/pico-sdk/src/rp2_common/hardware_irq/irq.c.obj
                0x1000a29c                irq_set_enabled
 *fill*         0x1000a2aa        0x2 
 .text.irq_get_vtable_handler
                0x1000a2ac       0x10 CMakeFiles/GCULTIMATE_RP2040.dir/C_/Program_Files/Raspberry_Pi/Pico_SDK_v1.5.1/pico-sdk/src/rp2_common/hardware_irq/irq.c.obj
                0x1000a2ac                irq_get_vtable_handler
 .text.irq_set_exclusive_handler
                0x1000a2bc       0x54 CMakeFiles/GCULTIMATE_RP2040.dir/C_/Program_Files/Raspberry_Pi/Pico_SDK_v1.5.1/pico-sdk/src/rp2_common/hardware_irq/irq.c.obj
                0x1000a2bc                irq_set_exclusive_handler
 .text.irq_add_shared_handler
                0x1000a310      0x234 CMakeFiles/GCULTIMATE_RP2040.dir/C_/Program_Files/Raspberry_Pi/Pico_SDK_v1.5.1/pico-sdk/src/rp2_common/hardware_irq/irq.c.obj
                0x1000a310                irq_add_shared_handler
 .text.irq_remove_handler
                0x1000a544      0x1ac CMakeFiles/GCULTIMATE_RP2040.dir/C_/Program_Files/Raspberry_Pi/Pico_SDK_v1.5.1/pico-sdk/src/rp2_common/hardware_irq/irq.c.obj
                0x1000a544                irq_remove_handler
 .text.irq_add_tail_to_free_list
                0x1000a6f0       0xf0 CMakeFiles/GCULTIMATE_RP2040.dir/C_/Program_Files/Raspberry_Pi/Pico_SDK_v1.5.1/pico-sdk/src/rp2_common/hardware_irq/irq.c.obj
                0x1000a6f0                irq_add_tail_to_free_list
 .text.irq_init_priorities
                0x1000a7e0       0x1c CMakeFiles/GCULTIMATE_RP2040.dir/C_/Program_Files/Raspberry_Pi/Pico_SDK_v1.5.1/pico-sdk/src/rp2_common/hardware_irq/irq.c.obj
                0x1000a7e0                irq_init_priorities
 .text.lock_init
                0x1000a7fc       0x10 CMakeFiles/GCULTIMATE_RP2040.dir/C_/Program_Files/Raspberry_Pi/Pico_SDK_v1.5.1/pico-sdk/src/common/pico_sync/lock_core.c.obj
                0x1000a7fc                lock_init
 .text.mutex_init
                0x1000a80c       0x1a CMakeFiles/GCULTIMATE_RP2040.dir/C_/Program_Files/Raspberry_Pi/Pico_SDK_v1.5.1/pico-sdk/src/common/pico_sync/mutex.c.obj
                0x1000a80c                mutex_init
 .text.recursive_mutex_init
                0x1000a826       0x1e CMakeFiles/GCULTIMATE_RP2040.dir/C_/Program_Files/Raspberry_Pi/Pico_SDK_v1.5.1/pico-sdk/src/common/pico_sync/mutex.c.obj
                0x1000a826                recursive_mutex_init
 .text.critical_section_init_with_lock_num
                0x1000a844       0x14 CMakeFiles/GCULTIMATE_RP2040.dir/C_/Program_Files/Raspberry_Pi/Pico_SDK_v1.5.1/pico-sdk/src/common/pico_sync/critical_section.c.obj
                0x1000a844                critical_section_init_with_lock_num
 .text.critical_section_init
                0x1000a858       0x14 CMakeFiles/GCULTIMATE_RP2040.dir/C_/Program_Files/Raspberry_Pi/Pico_SDK_v1.5.1/pico-sdk/src/common/pico_sync/critical_section.c.obj
                0x1000a858                critical_section_init
 .text.alarm_pool_post_alloc_init
                0x1000a86c       0x40 CMakeFiles/GCULTIMATE_RP2040.dir/C_/Program_Files/Raspberry_Pi/Pico_SDK_v1.5.1/pico-sdk/src/common/pico_time/time.c.obj
 .text.sleep_until_callback
                0x1000a8ac       0x30 CMakeFiles/GCULTIMATE_RP2040.dir/C_/Program_Files/Raspberry_Pi/Pico_SDK_v1.5.1/pico-sdk/src/common/pico_time/time.c.obj
 .text.timer_pool_entry_comparator
                0x1000a8dc       0x7c CMakeFiles/GCULTIMATE_RP2040.dir/C_/Program_Files/Raspberry_Pi/Pico_SDK_v1.5.1/pico-sdk/src/common/pico_time/time.c.obj
                0x1000a8dc                timer_pool_entry_comparator
 .text.ph_add_child_node
                0x1000a958       0xa4 CMakeFiles/GCULTIMATE_RP2040.dir/C_/Program_Files/Raspberry_Pi/Pico_SDK_v1.5.1/pico-sdk/src/common/pico_time/time.c.obj
 .text.ph_merge_nodes
                0x1000a9fc       0x3e CMakeFiles/GCULTIMATE_RP2040.dir/C_/Program_Files/Raspberry_Pi/Pico_SDK_v1.5.1/pico-sdk/src/common/pico_time/time.c.obj
 *fill*         0x1000aa3a        0x2 
 .text.add_alarm_under_lock
                0x1000aa3c      0x174 CMakeFiles/GCULTIMATE_RP2040.dir/C_/Program_Files/Raspberry_Pi/Pico_SDK_v1.5.1/pico-sdk/src/common/pico_time/time.c.obj
 .text.alarm_pool_alarm_callback
                0x1000abb0      0x33c CMakeFiles/GCULTIMATE_RP2040.dir/C_/Program_Files/Raspberry_Pi/Pico_SDK_v1.5.1/pico-sdk/src/common/pico_time/time.c.obj
 .text.alarm_pool_init_default
                0x1000aeec       0x40 CMakeFiles/GCULTIMATE_RP2040.dir/C_/Program_Files/Raspberry_Pi/Pico_SDK_v1.5.1/pico-sdk/src/common/pico_time/time.c.obj
                0x1000aeec                alarm_pool_init_default
 .text.alarm_pool_get_default
                0x1000af2c       0x2c CMakeFiles/GCULTIMATE_RP2040.dir/C_/Program_Files/Raspberry_Pi/Pico_SDK_v1.5.1/pico-sdk/src/common/pico_time/time.c.obj
                0x1000af2c                alarm_pool_get_default
 .text.alarm_pool_add_alarm_at
                0x1000af58      0x168 CMakeFiles/GCULTIMATE_RP2040.dir/C_/Program_Files/Raspberry_Pi/Pico_SDK_v1.5.1/pico-sdk/src/common/pico_time/time.c.obj
                0x1000af58                alarm_pool_add_alarm_at
 .text.alarm_pool_cancel_alarm
                0x1000b0c0       0xf8 CMakeFiles/GCULTIMATE_RP2040.dir/C_/Program_Files/Raspberry_Pi/Pico_SDK_v1.5.1/pico-sdk/src/common/pico_time/time.c.obj
                0x1000b0c0                alarm_pool_cancel_alarm
 .text.sleep_until
                0x1000b1b8       0xfc CMakeFiles/GCULTIMATE_RP2040.dir/C_/Program_Files/Raspberry_Pi/Pico_SDK_v1.5.1/pico-sdk/src/common/pico_time/time.c.obj
                0x1000b1b8                sleep_until
 .text.sleep_us
                0x1000b2b4       0x58 CMakeFiles/GCULTIMATE_RP2040.dir/C_/Program_Files/Raspberry_Pi/Pico_SDK_v1.5.1/pico-sdk/src/common/pico_time/time.c.obj
                0x1000b2b4                sleep_us
 .text.sleep_ms
                0x1000b30c       0x14 CMakeFiles/GCULTIMATE_RP2040.dir/C_/Program_Files/Raspberry_Pi/Pico_SDK_v1.5.1/pico-sdk/src/common/pico_time/time.c.obj
                0x1000b30c                sleep_ms
 .text.best_effort_wfe_or_timeout
                0x1000b320       0xac CMakeFiles/GCULTIMATE_RP2040.dir/C_/Program_Files/Raspberry_Pi/Pico_SDK_v1.5.1/pico-sdk/src/common/pico_time/time.c.obj
                0x1000b320                best_effort_wfe_or_timeout
 .text.check_single_timeout_us
                0x1000b3cc       0x2c CMakeFiles/GCULTIMATE_RP2040.dir/C_/Program_Files/Raspberry_Pi/Pico_SDK_v1.5.1/pico-sdk/src/common/pico_time/timeout_helper.c.obj
 .text.init_single_timeout_until
                0x1000b3f8        0xc CMakeFiles/GCULTIMATE_RP2040.dir/C_/Program_Files/Raspberry_Pi/Pico_SDK_v1.5.1/pico-sdk/src/common/pico_time/timeout_helper.c.obj
                0x1000b3f8                init_single_timeout_until
 .text.hardware_alarm_irq_handler
                0x1000b404       0x90 CMakeFiles/GCULTIMATE_RP2040.dir/C_/Program_Files/Raspberry_Pi/Pico_SDK_v1.5.1/pico-sdk/src/rp2_common/hardware_timer/timer.c.obj
 .text.hardware_alarm_claim
                0x1000b494       0x18 CMakeFiles/GCULTIMATE_RP2040.dir/C_/Program_Files/Raspberry_Pi/Pico_SDK_v1.5.1/pico-sdk/src/rp2_common/hardware_timer/timer.c.obj
                0x1000b494                hardware_alarm_claim
 .text.time_us_64
                0x1000b4ac       0x18 CMakeFiles/GCULTIMATE_RP2040.dir/C_/Program_Files/Raspberry_Pi/Pico_SDK_v1.5.1/pico-sdk/src/rp2_common/hardware_timer/timer.c.obj
                0x1000b4ac                time_us_64
 .text.busy_wait_until
                0x1000b4c4       0x28 CMakeFiles/GCULTIMATE_RP2040.dir/C_/Program_Files/Raspberry_Pi/Pico_SDK_v1.5.1/pico-sdk/src/rp2_common/hardware_timer/timer.c.obj
                0x1000b4c4                busy_wait_until
 .text.hardware_alarm_set_callback
                0x1000b4ec       0x90 CMakeFiles/GCULTIMATE_RP2040.dir/C_/Program_Files/Raspberry_Pi/Pico_SDK_v1.5.1/pico-sdk/src/rp2_common/hardware_timer/timer.c.obj
                0x1000b4ec                hardware_alarm_set_callback
 .text.hardware_alarm_set_target
                0x1000b57c       0xe8 CMakeFiles/GCULTIMATE_RP2040.dir/C_/Program_Files/Raspberry_Pi/Pico_SDK_v1.5.1/pico-sdk/src/rp2_common/hardware_timer/timer.c.obj
                0x1000b57c                hardware_alarm_set_target
 .text.hardware_alarm_cancel
                0x1000b664       0x40 CMakeFiles/GCULTIMATE_RP2040.dir/C_/Program_Files/Raspberry_Pi/Pico_SDK_v1.5.1/pico-sdk/src/rp2_common/hardware_timer/timer.c.obj
                0x1000b664                hardware_alarm_cancel
 .text.ph_add_child_node
                0x1000b6a4       0xa4 CMakeFiles/GCULTIMATE_RP2040.dir/C_/Program_Files/Raspberry_Pi/Pico_SDK_v1.5.1/pico-sdk/src/common/pico_util/pheap.c.obj
 .text.ph_merge_nodes
                0x1000b748       0x3e CMakeFiles/GCULTIMATE_RP2040.dir/C_/Program_Files/Raspberry_Pi/Pico_SDK_v1.5.1/pico-sdk/src/common/pico_util/pheap.c.obj
 *fill*         0x1000b786        0x2 
 .text.ph_clear
                0x1000b788       0x70 CMakeFiles/GCULTIMATE_RP2040.dir/C_/Program_Files/Raspberry_Pi/Pico_SDK_v1.5.1/pico-sdk/src/common/pico_util/pheap.c.obj
                0x1000b788                ph_clear
 .text.ph_post_alloc_init
                0x1000b7f8        0xe CMakeFiles/GCULTIMATE_RP2040.dir/C_/Program_Files/Raspberry_Pi/Pico_SDK_v1.5.1/pico-sdk/src/common/pico_util/pheap.c.obj
                0x1000b7f8                ph_post_alloc_init
 *fill*         0x1000b806        0x2 
 .text.ph_merge_two_pass
                0x1000b808       0xa8 CMakeFiles/GCULTIMATE_RP2040.dir/C_/Program_Files/Raspberry_Pi/Pico_SDK_v1.5.1/pico-sdk/src/common/pico_util/pheap.c.obj
                0x1000b808                ph_merge_two_pass
 .text.ph_remove_any_head
                0x1000b8b0      0x128 CMakeFiles/GCULTIMATE_RP2040.dir/C_/Program_Files/Raspberry_Pi/Pico_SDK_v1.5.1/pico-sdk/src/common/pico_util/pheap.c.obj
 .text.ph_remove_head
                0x1000b9d8       0x14 CMakeFiles/GCULTIMATE_RP2040.dir/C_/Program_Files/Raspberry_Pi/Pico_SDK_v1.5.1/pico-sdk/src/common/pico_util/pheap.c.obj
                0x1000b9d8                ph_remove_head
 .text.ph_remove_and_free_node
                0x1000b9ec       0xf8 CMakeFiles/GCULTIMATE_RP2040.dir/C_/Program_Files/Raspberry_Pi/Pico_SDK_v1.5.1/pico-sdk/src/common/pico_util/pheap.c.obj
                0x1000b9ec                ph_remove_and_free_node
 .text.clock_configure
                0x1000bae4      0x108 CMakeFiles/GCULTIMATE_RP2040.dir/C_/Program_Files/Raspberry_Pi/Pico_SDK_v1.5.1/pico-sdk/src/rp2_common/hardware_clocks/clocks.c.obj
                0x1000bae4                clock_configure
 .text.clocks_init
                0x1000bbec      0x100 CMakeFiles/GCULTIMATE_RP2040.dir/C_/Program_Files/Raspberry_Pi/Pico_SDK_v1.5.1/pico-sdk/src/rp2_common/hardware_clocks/clocks.c.obj
                0x1000bbec                clocks_init
 .text.clock_get_hz
                0x1000bcec        0xc CMakeFiles/GCULTIMATE_RP2040.dir/C_/Program_Files/Raspberry_Pi/Pico_SDK_v1.5.1/pico-sdk/src/rp2_common/hardware_clocks/clocks.c.obj
                0x1000bcec                clock_get_hz
 .text.pll_init
                0x1000bcf8      0x120 CMakeFiles/GCULTIMATE_RP2040.dir/C_/Program_Files/Raspberry_Pi/Pico_SDK_v1.5.1/pico-sdk/src/rp2_common/hardware_pll/pll.c.obj
                0x1000bcf8                pll_init
 .text.watchdog_start_tick
                0x1000be18       0x10 CMakeFiles/GCULTIMATE_RP2040.dir/C_/Program_Files/Raspberry_Pi/Pico_SDK_v1.5.1/pico-sdk/src/rp2_common/hardware_watchdog/watchdog.c.obj
                0x1000be18                watchdog_start_tick
 .text.watchdog_update
                0x1000be28       0x14 CMakeFiles/GCULTIMATE_RP2040.dir/C_/Program_Files/Raspberry_Pi/Pico_SDK_v1.5.1/pico-sdk/src/rp2_common/hardware_watchdog/watchdog.c.obj
                0x1000be28                watchdog_update
 .text._watchdog_enable
                0x1000be3c       0x78 CMakeFiles/GCULTIMATE_RP2040.dir/C_/Program_Files/Raspberry_Pi/Pico_SDK_v1.5.1/pico-sdk/src/rp2_common/hardware_watchdog/watchdog.c.obj
                0x1000be3c                _watchdog_enable
 .text.watchdog_enable
                0x1000beb4       0x18 CMakeFiles/GCULTIMATE_RP2040.dir/C_/Program_Files/Raspberry_Pi/Pico_SDK_v1.5.1/pico-sdk/src/rp2_common/hardware_watchdog/watchdog.c.obj
                0x1000beb4                watchdog_enable
 .text.watchdog_reboot
                0x1000becc       0x48 CMakeFiles/GCULTIMATE_RP2040.dir/C_/Program_Files/Raspberry_Pi/Pico_SDK_v1.5.1/pico-sdk/src/rp2_common/hardware_watchdog/watchdog.c.obj
                0x1000becc                watchdog_reboot
 .text.xosc_init
                0x1000bf14       0x2c CMakeFiles/GCULTIMATE_RP2040.dir/C_/Program_Files/Raspberry_Pi/Pico_SDK_v1.5.1/pico-sdk/src/rp2_common/hardware_xosc/xosc.c.obj
                0x1000bf14                xosc_init
 .text._exit    0x1000bf40        0x4 CMakeFiles/GCULTIMATE_RP2040.dir/C_/Program_Files/Raspberry_Pi/Pico_SDK_v1.5.1/pico-sdk/src/rp2_common/pico_runtime/runtime.c.obj
                0x1000bf40                _exit
 .text.exit     0x1000bf44        0x6 CMakeFiles/GCULTIMATE_RP2040.dir/C_/Program_Files/Raspberry_Pi/Pico_SDK_v1.5.1/pico-sdk/src/rp2_common/pico_runtime/runtime.c.obj
                0x1000bf44                exit
 *fill*         0x1000bf4a        0x2 
 .text.__assert_func
                0x1000bf4c       0x3c CMakeFiles/GCULTIMATE_RP2040.dir/C_/Program_Files/Raspberry_Pi/Pico_SDK_v1.5.1/pico-sdk/src/rp2_common/pico_runtime/runtime.c.obj
                0x1000bf4c                __assert_func
 .text.runtime_init
                0x1000bf88       0xf8 CMakeFiles/GCULTIMATE_RP2040.dir/C_/Program_Files/Raspberry_Pi/Pico_SDK_v1.5.1/pico-sdk/src/rp2_common/pico_runtime/runtime.c.obj
                0x1000bf88                runtime_init
 .text.panic    0x1000c080       0x30 CMakeFiles/GCULTIMATE_RP2040.dir/C_/Program_Files/Raspberry_Pi/Pico_SDK_v1.5.1/pico-sdk/src/rp2_common/pico_runtime/runtime.c.obj
                0x1000c080                panic
 .text._out_null
                0x1000c0b0        0x2 CMakeFiles/GCULTIMATE_RP2040.dir/C_/Program_Files/Raspberry_Pi/Pico_SDK_v1.5.1/pico-sdk/src/rp2_common/pico_printf/printf.c.obj
 .text._out_fct
                0x1000c0b2        0xe CMakeFiles/GCULTIMATE_RP2040.dir/C_/Program_Files/Raspberry_Pi/Pico_SDK_v1.5.1/pico-sdk/src/rp2_common/pico_printf/printf.c.obj
 .text._atoi    0x1000c0c0       0x24 CMakeFiles/GCULTIMATE_RP2040.dir/C_/Program_Files/Raspberry_Pi/Pico_SDK_v1.5.1/pico-sdk/src/rp2_common/pico_printf/printf.c.obj
 .text._out_rev
                0x1000c0e4       0xae CMakeFiles/GCULTIMATE_RP2040.dir/C_/Program_Files/Raspberry_Pi/Pico_SDK_v1.5.1/pico-sdk/src/rp2_common/pico_printf/printf.c.obj
 .text._ntoa_format
                0x1000c192      0x112 CMakeFiles/GCULTIMATE_RP2040.dir/C_/Program_Files/Raspberry_Pi/Pico_SDK_v1.5.1/pico-sdk/src/rp2_common/pico_printf/printf.c.obj
 .text._ntoa_long
                0x1000c2a4       0xbc CMakeFiles/GCULTIMATE_RP2040.dir/C_/Program_Files/Raspberry_Pi/Pico_SDK_v1.5.1/pico-sdk/src/rp2_common/pico_printf/printf.c.obj
 .text._ntoa_long_long
                0x1000c360       0xe2 CMakeFiles/GCULTIMATE_RP2040.dir/C_/Program_Files/Raspberry_Pi/Pico_SDK_v1.5.1/pico-sdk/src/rp2_common/pico_printf/printf.c.obj
 *fill*         0x1000c442        0x2 
 .text._etoa    0x1000c444      0x414 CMakeFiles/GCULTIMATE_RP2040.dir/C_/Program_Files/Raspberry_Pi/Pico_SDK_v1.5.1/pico-sdk/src/rp2_common/pico_printf/printf.c.obj
 .text._ftoa    0x1000c858      0x354 CMakeFiles/GCULTIMATE_RP2040.dir/C_/Program_Files/Raspberry_Pi/Pico_SDK_v1.5.1/pico-sdk/src/rp2_common/pico_printf/printf.c.obj
 .text._vsnprintf
                0x1000cbac      0x624 CMakeFiles/GCULTIMATE_RP2040.dir/C_/Program_Files/Raspberry_Pi/Pico_SDK_v1.5.1/pico-sdk/src/rp2_common/pico_printf/printf.c.obj
 .text.vfctprintf
                0x1000d1d0       0x20 CMakeFiles/GCULTIMATE_RP2040.dir/C_/Program_Files/Raspberry_Pi/Pico_SDK_v1.5.1/pico-sdk/src/rp2_common/pico_printf/printf.c.obj
                0x1000d1d0                vfctprintf
 .text          0x1000d1f0       0x10 CMakeFiles/GCULTIMATE_RP2040.dir/C_/Program_Files/Raspberry_Pi/Pico_SDK_v1.5.1/pico-sdk/src/rp2_common/pico_bit_ops/bit_ops_aeabi.S.obj
 .text.rom_func_lookup
                0x1000d200       0x10 CMakeFiles/GCULTIMATE_RP2040.dir/C_/Program_Files/Raspberry_Pi/Pico_SDK_v1.5.1/pico-sdk/src/rp2_common/pico_bootrom/bootrom.c.obj
                0x1000d200                rom_func_lookup
 .text.rom_data_lookup
                0x1000d210       0x10 CMakeFiles/GCULTIMATE_RP2040.dir/C_/Program_Files/Raspberry_Pi/Pico_SDK_v1.5.1/pico-sdk/src/rp2_common/pico_bootrom/bootrom.c.obj
                0x1000d210                rom_data_lookup
 .text.rom_funcs_lookup
                0x1000d220       0x36 CMakeFiles/GCULTIMATE_RP2040.dir/C_/Program_Files/Raspberry_Pi/Pico_SDK_v1.5.1/pico-sdk/src/rp2_common/pico_bootrom/bootrom.c.obj
                0x1000d220                rom_funcs_lookup
 *fill*         0x1000d256        0x2 
 .text.__wrap___aeabi_idiv
                0x1000d258       0x50 CMakeFiles/GCULTIMATE_RP2040.dir/C_/Program_Files/Raspberry_Pi/Pico_SDK_v1.5.1/pico-sdk/src/rp2_common/pico_divider/divider.S.obj
                0x1000d258                __wrap___aeabi_idivmod
                0x1000d258                divmod_s32s32
                0x1000d258                div_s32s32
                0x1000d258                __wrap___aeabi_idiv
                0x1000d260                divmod_s32s32_unsafe
                0x1000d28c                divmod_s32s32_savestate
 .text.__wrap___aeabi_uidiv
                0x1000d2a8       0x4c CMakeFiles/GCULTIMATE_RP2040.dir/C_/Program_Files/Raspberry_Pi/Pico_SDK_v1.5.1/pico-sdk/src/rp2_common/pico_divider/divider.S.obj
                0x1000d2a8                __wrap___aeabi_uidiv
                0x1000d2a8                __wrap___aeabi_uidivmod
                0x1000d2a8                div_u32u32
                0x1000d2a8                divmod_u32u32
                0x1000d2b0                divmod_u32u32_unsafe
                0x1000d2d8                divmod_u32u32_savestate
 .text.__wrap___aeabi_ldiv
                0x1000d2f4      0x424 CMakeFiles/GCULTIMATE_RP2040.dir/C_/Program_Files/Raspberry_Pi/Pico_SDK_v1.5.1/pico-sdk/src/rp2_common/pico_divider/divider.S.obj
                0x1000d2f4                div_s64s64
                0x1000d2f4                divmod_s64s64
                0x1000d2f4                __wrap___aeabi_ldivmod
                0x1000d324                divmod_u64u64
                0x1000d324                div_u64u64
                0x1000d324                __wrap___aeabi_uldivmod
                0x1000d334                divmod_u64u64_savestate
                0x1000d354                divmod_s64s64_unsafe
                0x1000d3dc                divmod_u64u64_unsafe
 .text.push_r8_r11
                0x1000d718        0xc CMakeFiles/GCULTIMATE_RP2040.dir/C_/Program_Files/Raspberry_Pi/Pico_SDK_v1.5.1/pico-sdk/src/rp2_common/pico_double/double_aeabi.S.obj
                0x1000d718                push_r8_r11
 .text.pop_r8_r11
                0x1000d724        0xc CMakeFiles/GCULTIMATE_RP2040.dir/C_/Program_Files/Raspberry_Pi/Pico_SDK_v1.5.1/pico-sdk/src/rp2_common/pico_double/double_aeabi.S.obj
                0x1000d724                pop_r8_r11
 .text.__wrap___aeabi_darithmetic
                0x1000d730       0x80 CMakeFiles/GCULTIMATE_RP2040.dir/C_/Program_Files/Raspberry_Pi/Pico_SDK_v1.5.1/pico-sdk/src/rp2_common/pico_double/double_aeabi.S.obj
                0x1000d730                __wrap___aeabi_drsub
                0x1000d736                __wrap___aeabi_dsub
                0x1000d748                __wrap___aeabi_dadd
                0x1000d75a                __wrap___aeabi_ddiv
                0x1000d796                __wrap___aeabi_dmul
 .text.__wrap___aeabi_cdcmple
                0x1000d7b0       0x6c CMakeFiles/GCULTIMATE_RP2040.dir/C_/Program_Files/Raspberry_Pi/Pico_SDK_v1.5.1/pico-sdk/src/rp2_common/pico_double/double_aeabi.S.obj
                0x1000d7b0                __wrap___aeabi_cdrcmple
                0x1000d7c0                __wrap___aeabi_cdcmpeq
                0x1000d7c0                __wrap___aeabi_cdcmple
 .text.__wrap___aeabi_dcmplt
                0x1000d81c        0xc CMakeFiles/GCULTIMATE_RP2040.dir/C_/Program_Files/Raspberry_Pi/Pico_SDK_v1.5.1/pico-sdk/src/rp2_common/pico_double/double_aeabi.S.obj
                0x1000d81c                __wrap___aeabi_dcmplt
 .text.__wrap___aeabi_dcmple
                0x1000d828       0x10 CMakeFiles/GCULTIMATE_RP2040.dir/C_/Program_Files/Raspberry_Pi/Pico_SDK_v1.5.1/pico-sdk/src/rp2_common/pico_double/double_aeabi.S.obj
                0x1000d828                __wrap___aeabi_dcmple
 .text.__wrap___aeabi_dcmpge
                0x1000d838       0x10 CMakeFiles/GCULTIMATE_RP2040.dir/C_/Program_Files/Raspberry_Pi/Pico_SDK_v1.5.1/pico-sdk/src/rp2_common/pico_double/double_aeabi.S.obj
                0x1000d838                __wrap___aeabi_dcmpge
 .text.__wrap___aeabi_dcmpgt
                0x1000d848        0xa CMakeFiles/GCULTIMATE_RP2040.dir/C_/Program_Files/Raspberry_Pi/Pico_SDK_v1.5.1/pico-sdk/src/rp2_common/pico_double/double_aeabi.S.obj
                0x1000d848                __wrap___aeabi_dcmpgt
 .text.__wrap___aeabi_dcmpun
                0x1000d852       0x1c CMakeFiles/GCULTIMATE_RP2040.dir/C_/Program_Files/Raspberry_Pi/Pico_SDK_v1.5.1/pico-sdk/src/rp2_common/pico_double/double_aeabi.S.obj
                0x1000d852                __wrap___aeabi_dcmpun
 *fill*         0x1000d86e        0x2 
 .text.__wrap___aeabi_i2d
                0x1000d870       0x38 CMakeFiles/GCULTIMATE_RP2040.dir/C_/Program_Files/Raspberry_Pi/Pico_SDK_v1.5.1/pico-sdk/src/rp2_common/pico_double/double_aeabi.S.obj
                0x1000d870                __wrap___aeabi_ui2d
                0x1000d878                __wrap___aeabi_i2d
 .text.__wrap___aeabi_d2iz
                0x1000d8a8       0x48 CMakeFiles/GCULTIMATE_RP2040.dir/C_/Program_Files/Raspberry_Pi/Pico_SDK_v1.5.1/pico-sdk/src/rp2_common/pico_double/double_aeabi.S.obj
                0x1000d8a8                double2int_z
                0x1000d8a8                __wrap___aeabi_d2iz
 .text.__wrap___aeabi_d2uiz
                0x1000d8f0       0x18 CMakeFiles/GCULTIMATE_RP2040.dir/C_/Program_Files/Raspberry_Pi/Pico_SDK_v1.5.1/pico-sdk/src/rp2_common/pico_double/double_aeabi.S.obj
                0x1000d8f0                __wrap___aeabi_d2uiz
                0x1000d8f0                double2uint
 .text.fix642double
                0x1000d908       0x18 CMakeFiles/GCULTIMATE_RP2040.dir/C_/Program_Files/Raspberry_Pi/Pico_SDK_v1.5.1/pico-sdk/src/rp2_common/pico_double/double_aeabi.S.obj
                0x1000d908                fix642double
 .text.__wrap___aeabi_d2f
                0x1000d920       0x18 CMakeFiles/GCULTIMATE_RP2040.dir/C_/Program_Files/Raspberry_Pi/Pico_SDK_v1.5.1/pico-sdk/src/rp2_common/pico_double/double_aeabi.S.obj
                0x1000d920                __wrap___aeabi_d2f
 .text.__wrap_sincostan_remainder
                0x1000d938       0x14 CMakeFiles/GCULTIMATE_RP2040.dir/C_/Program_Files/Raspberry_Pi/Pico_SDK_v1.5.1/pico-sdk/src/rp2_common/pico_double/double_aeabi.S.obj
                0x1000d938                sincostan_remainder
 .text.__wrap_cos
                0x1000d94c       0x2c CMakeFiles/GCULTIMATE_RP2040.dir/C_/Program_Files/Raspberry_Pi/Pico_SDK_v1.5.1/pico-sdk/src/rp2_common/pico_double/double_aeabi.S.obj
                0x1000d94c                __wrap_cos
 .text.__wrap_sin
                0x1000d978       0x2c CMakeFiles/GCULTIMATE_RP2040.dir/C_/Program_Files/Raspberry_Pi/Pico_SDK_v1.5.1/pico-sdk/src/rp2_common/pico_double/double_aeabi.S.obj
                0x1000d978                __wrap_sin
 .text.__aeabi_double_init
                0x1000d9a4       0xc8 CMakeFiles/GCULTIMATE_RP2040.dir/C_/Program_Files/Raspberry_Pi/Pico_SDK_v1.5.1/pico-sdk/src/rp2_common/pico_double/double_init_rom.c.obj
                0x1000d9a4                __aeabi_double_init
 .text.drem_0   0x1000da6c      0x130 CMakeFiles/GCULTIMATE_RP2040.dir/C_/Program_Files/Raspberry_Pi/Pico_SDK_v1.5.1/pico-sdk/src/rp2_common/pico_double/double_math.c.obj
 .text.__wrap_fmod
                0x1000db9c       0xa8 CMakeFiles/GCULTIMATE_RP2040.dir/C_/Program_Files/Raspberry_Pi/Pico_SDK_v1.5.1/pico-sdk/src/rp2_common/pico_double/double_math.c.obj
                0x1000db9c                __wrap_fmod
 .text.__wrap_remquo
                0x1000dc44      0x17c CMakeFiles/GCULTIMATE_RP2040.dir/C_/Program_Files/Raspberry_Pi/Pico_SDK_v1.5.1/pico-sdk/src/rp2_common/pico_double/double_math.c.obj
                0x1000dc44                __wrap_remquo
 .text.__wrap_remainder
                0x1000ddc0       0x10 CMakeFiles/GCULTIMATE_RP2040.dir/C_/Program_Files/Raspberry_Pi/Pico_SDK_v1.5.1/pico-sdk/src/rp2_common/pico_double/double_math.c.obj
                0x1000ddc0                __wrap_remainder
 .text.double_table_shim_on_use_helper
                0x1000ddd0       0x34 CMakeFiles/GCULTIMATE_RP2040.dir/C_/Program_Files/Raspberry_Pi/Pico_SDK_v1.5.1/pico-sdk/src/rp2_common/pico_double/double_v1_rom_shim.S.obj
                0x1000ddd0                double_table_shim_on_use_helper
 .text.__wrap___aeabi_dsub
                0x1000de04       0x10 CMakeFiles/GCULTIMATE_RP2040.dir/C_/Program_Files/Raspberry_Pi/Pico_SDK_v1.5.1/pico-sdk/src/rp2_common/pico_double/double_v1_rom_shim.S.obj
                0x1000de04                drsub_shim
                0x1000de0a                dsub_shim
 .text.dadd_shim
                0x1000de14      0x15c CMakeFiles/GCULTIMATE_RP2040.dir/C_/Program_Files/Raspberry_Pi/Pico_SDK_v1.5.1/pico-sdk/src/rp2_common/pico_double/double_v1_rom_shim.S.obj
                0x1000de14                dadd_shim
 .text.dmul_shim
                0x1000df70      0x15c CMakeFiles/GCULTIMATE_RP2040.dir/C_/Program_Files/Raspberry_Pi/Pico_SDK_v1.5.1/pico-sdk/src/rp2_common/pico_double/double_v1_rom_shim.S.obj
                0x1000df70                dmul_shim
 .text.ddiv_shim
                0x1000e0cc      0x1b0 CMakeFiles/GCULTIMATE_RP2040.dir/C_/Program_Files/Raspberry_Pi/Pico_SDK_v1.5.1/pico-sdk/src/rp2_common/pico_double/double_v1_rom_shim.S.obj
                0x1000e0cc                ddiv_shim
 .text.dcordic_vec_step
                0x1000e27c        0xe CMakeFiles/GCULTIMATE_RP2040.dir/C_/Program_Files/Raspberry_Pi/Pico_SDK_v1.5.1/pico-sdk/src/rp2_common/pico_double/double_v1_rom_shim.S.obj
                0x1000e27c                dcordic_vec_step
 .text.dcordic_rot_step
                0x1000e28a       0x76 CMakeFiles/GCULTIMATE_RP2040.dir/C_/Program_Files/Raspberry_Pi/Pico_SDK_v1.5.1/pico-sdk/src/rp2_common/pico_double/double_v1_rom_shim.S.obj
                0x1000e28a                dcordic_rot_step
 .text.double2uint_shim
                0x1000e300        0xe CMakeFiles/GCULTIMATE_RP2040.dir/C_/Program_Files/Raspberry_Pi/Pico_SDK_v1.5.1/pico-sdk/src/rp2_common/pico_double/double_v1_rom_shim.S.obj
                0x1000e300                double2uint_shim
                0x1000e302                double2ufix_shim
 .text.double2int64_shim
                0x1000e30e       0x1a CMakeFiles/GCULTIMATE_RP2040.dir/C_/Program_Files/Raspberry_Pi/Pico_SDK_v1.5.1/pico-sdk/src/rp2_common/pico_double/double_v1_rom_shim.S.obj
                0x1000e30e                double2int64_shim
                0x1000e310                double2fix64_shim
 .text.double2uint64_shim
                0x1000e328       0x70 CMakeFiles/GCULTIMATE_RP2040.dir/C_/Program_Files/Raspberry_Pi/Pico_SDK_v1.5.1/pico-sdk/src/rp2_common/pico_double/double_v1_rom_shim.S.obj
                0x1000e328                double2uint64_shim
                0x1000e32a                double2ufix64_shim
                0x1000e34a                d2fix_a
 .text.double2float_shim
                0x1000e398       0x5c CMakeFiles/GCULTIMATE_RP2040.dir/C_/Program_Files/Raspberry_Pi/Pico_SDK_v1.5.1/pico-sdk/src/rp2_common/pico_double/double_v1_rom_shim.S.obj
                0x1000e398                double2float_shim
 .text.x2double_shims
                0x1000e3f4       0x90 CMakeFiles/GCULTIMATE_RP2040.dir/C_/Program_Files/Raspberry_Pi/Pico_SDK_v1.5.1/pico-sdk/src/rp2_common/pico_double/double_v1_rom_shim.S.obj
                0x1000e3f4                uint2double_shim
                0x1000e3f6                ufix2double_shim
                0x1000e3fc                int2double_shim
                0x1000e3fe                fix2double_shim
                0x1000e404                uint642double_shim
                0x1000e406                ufix642double_shim
                0x1000e40c                int642double_shim
                0x1000e40e                fix642double_shim
 .text.dunpacks
                0x1000e484       0x3c CMakeFiles/GCULTIMATE_RP2040.dir/C_/Program_Files/Raspberry_Pi/Pico_SDK_v1.5.1/pico-sdk/src/rp2_common/pico_double/double_v1_rom_shim.S.obj
                0x1000e484                dunpacks
 .text.dreduce  0x1000e4c0       0x82 CMakeFiles/GCULTIMATE_RP2040.dir/C_/Program_Files/Raspberry_Pi/Pico_SDK_v1.5.1/pico-sdk/src/rp2_common/pico_double/double_v1_rom_shim.S.obj
                0x1000e4c0                dreduce
 .text.dcos_shim
                0x1000e542       0x10 CMakeFiles/GCULTIMATE_RP2040.dir/C_/Program_Files/Raspberry_Pi/Pico_SDK_v1.5.1/pico-sdk/src/rp2_common/pico_double/double_v1_rom_shim.S.obj
                0x1000e542                dcos_shim
 .text.dsin_shim
                0x1000e552       0x14 CMakeFiles/GCULTIMATE_RP2040.dir/C_/Program_Files/Raspberry_Pi/Pico_SDK_v1.5.1/pico-sdk/src/rp2_common/pico_double/double_v1_rom_shim.S.obj
                0x1000e552                dsin_shim